Component: ARM Compiler 5.06 update 6 (build 750) Tool: armlink [4d35ed]

==============================================================================

Section Cross References

    k_mem.o(i.first_fit_count_extfrag) refers to k_mem.o(.data) for free_mem_head
    k_mem.o(i.first_fit_mem_alloc) refers to printf.o(i.tfp_printf) for tfp_printf
    k_mem.o(i.first_fit_mem_alloc) refers to k_mem.o(i.print_linked_list) for print_linked_list
    k_mem.o(i.first_fit_mem_alloc) refers to k_mem.o(.data) for free_mem_head
    k_mem.o(i.first_fit_mem_dealloc) refers to k_mem.o(.data) for free_mem_head
    k_mem.o(i.first_fit_mem_init) refers to printf.o(i.tfp_printf) for tfp_printf
    k_mem.o(i.first_fit_mem_init) refers to k_mem.o(.data) for free_mem_head
    k_mem.o(i.k_mem_alloc) refers to printf.o(i.tfp_printf) for tfp_printf
    k_mem.o(i.k_mem_alloc) refers to k_mem.o(i.first_fit_mem_alloc) for first_fit_mem_alloc
    k_mem.o(i.k_mem_alloc) refers to k_mem.o(.data) for mem_alloc_algo
    k_mem.o(i.k_mem_count_extfrag) refers to printf.o(i.tfp_printf) for tfp_printf
    k_mem.o(i.k_mem_count_extfrag) refers to k_mem.o(i.first_fit_count_extfrag) for first_fit_count_extfrag
    k_mem.o(i.k_mem_count_extfrag) refers to k_mem.o(.data) for mem_alloc_algo
    k_mem.o(i.k_mem_dealloc) refers to printf.o(i.tfp_printf) for tfp_printf
    k_mem.o(i.k_mem_dealloc) refers to k_mem.o(i.first_fit_mem_dealloc) for first_fit_mem_dealloc
    k_mem.o(i.k_mem_dealloc) refers to k_mem.o(.data) for mem_alloc_algo
    k_mem.o(i.k_mem_init) refers to printf.o(i.tfp_printf) for tfp_printf
    k_mem.o(i.k_mem_init) refers to k_mem.o(i.first_fit_mem_init) for first_fit_mem_init
    k_mem.o(i.k_mem_init) refers to k_mem.o(.data) for mem_blk_size
    k_mem.o(i.print_linked_list) refers to printf.o(i.tfp_printf) for tfp_printf
    k_mem.o(i.print_linked_list) refers to k_mem.o(.data) for free_mem_head
    printf.o(i.a2i) refers to printf.o(i.a2d) for a2d
    printf.o(i.i2a) refers to printf.o(i.ui2a) for ui2a
    printf.o(i.init_printf) refers to printf.o(.data) for stdout_putf
    printf.o(i.tfp_format) refers to printf.o(i.a2i) for a2i
    printf.o(i.tfp_format) refers to printf.o(i.ui2a) for ui2a
    printf.o(i.tfp_format) refers to printf.o(i.putchw) for putchw
    printf.o(i.tfp_format) refers to printf.o(i.i2a) for i2a
    printf.o(i.tfp_printf) refers to printf.o(i.tfp_format) for tfp_format
    printf.o(i.tfp_printf) refers to printf.o(.data) for stdout_putf
    printf.o(i.tfp_sprintf) refers to printf.o(i.tfp_format) for tfp_format
    printf.o(i.tfp_sprintf) refers to printf.o(i.putcp) for putcp
    uart_polling.o(i.putc) refers to uart_polling.o(i.uart_put_string) for uart_put_string
    uart_polling.o(i.putc) refers to uart_polling.o(i.uart_put_char) for uart_put_char
    uart_polling.o(i.uart_put_string) refers to uart_polling.o(i.uart_put_char) for uart_put_char
    main_svc.o(i.coalescingTest) refers to printf.o(i.tfp_printf) for tfp_printf
    main_svc.o(i.coalescingTest) refers to k_mem.o(i.k_mem_alloc) for k_mem_alloc
    main_svc.o(i.coalescingTest) refers to k_mem.o(i.k_mem_dealloc) for k_mem_dealloc
    main_svc.o(i.completeMemoryUsageTest) refers to h1_alloc.o(.text) for malloc
    main_svc.o(i.completeMemoryUsageTest) refers to h1_free.o(.text) for free
    main_svc.o(i.completeMemoryUsageTest) refers to k_mem.o(i.k_mem_alloc) for k_mem_alloc
    main_svc.o(i.completeMemoryUsageTest) refers to k_mem.o(i.k_mem_dealloc) for k_mem_dealloc
    main_svc.o(i.externalFragmentationTest) refers to h1_alloc.o(.text) for malloc
    main_svc.o(i.externalFragmentationTest) refers to printf.o(i.tfp_printf) for tfp_printf
    main_svc.o(i.externalFragmentationTest) refers to h1_free.o(.text) for free
    main_svc.o(i.externalFragmentationTest) refers to k_mem.o(i.k_mem_alloc) for k_mem_alloc
    main_svc.o(i.externalFragmentationTest) refers to k_mem.o(i.k_mem_dealloc) for k_mem_dealloc
    main_svc.o(i.externalFragmentationTest) refers to k_mem.o(i.k_mem_count_extfrag) for k_mem_count_extfrag
    main_svc.o(i.invalidArgs_memalloc_test) refers to k_mem.o(i.k_mem_alloc) for k_mem_alloc
    main_svc.o(i.invalidArgs_memcountextfrag_test) refers to k_mem.o(i.k_mem_count_extfrag) for k_mem_count_extfrag
    main_svc.o(i.invalidArgs_memdealloc_test) refers to k_mem.o(i.k_mem_alloc) for k_mem_alloc
    main_svc.o(i.invalidArgs_memdealloc_test) refers to k_mem.o(i.k_mem_dealloc) for k_mem_dealloc
    main_svc.o(i.main) refers to system_lpc17xx.o(i.SystemInit) for SystemInit
    main_svc.o(i.main) refers to uart_polling.o(i.uart_init) for uart_init
    main_svc.o(i.main) refers to printf.o(i.init_printf) for init_printf
    main_svc.o(i.main) refers to printf.o(i.tfp_printf) for tfp_printf
    main_svc.o(i.main) refers to uart_polling.o(i.putc) for putc
    main_svc.o(i.main) refers to k_mem.o(i.k_mem_init) for k_mem_init
    main_svc.o(i.main) refers to main_svc.o(.data) for tests
    main_svc.o(i.splitMergeTest) refers to h1_alloc.o(.text) for malloc
    main_svc.o(i.splitMergeTest) refers to printf.o(i.tfp_printf) for tfp_printf
    main_svc.o(i.splitMergeTest) refers to h1_free.o(.text) for free
    main_svc.o(i.splitMergeTest) refers to k_mem.o(i.k_mem_alloc) for k_mem_alloc
    main_svc.o(i.splitMergeTest) refers to k_mem.o(i.k_mem_count_extfrag) for k_mem_count_extfrag
    main_svc.o(i.splitMergeTest) refers to k_mem.o(i.k_mem_dealloc) for k_mem_dealloc
    main_svc.o(.data) refers to main_svc.o(i.coalescingTest) for coalescingTest
    main_svc.o(.data) refers to main_svc.o(i.externalFragmentationTest) for externalFragmentationTest
    main_svc.o(.data) refers to main_svc.o(i.splitMergeTest) for splitMergeTest
    main_svc.o(.data) refers to main_svc.o(i.invalidArgs_memalloc_test) for invalidArgs_memalloc_test
    main_svc.o(.data) refers to main_svc.o(i.invalidArgs_memdealloc_test) for invalidArgs_memdealloc_test
    main_svc.o(.data) refers to main_svc.o(i.invalidArgs_memcountextfrag_test) for invalidArgs_memcountextfrag_test
    main_svc.o(.data) refers to main_svc.o(i.completeMemoryUsageTest) for completeMemoryUsageTest
    startup_lpc17xx.o(STACK) refers (Special) to heapauxi.o(.text) for __use_two_region_memory
    startup_lpc17xx.o(HEAP) refers (Special) to heapauxi.o(.text) for __use_two_region_memory
    startup_lpc17xx.o(RESET) refers (Special) to heapauxi.o(.text) for __use_two_region_memory
    startup_lpc17xx.o(RESET) refers to startup_lpc17xx.o(STACK) for __initial_sp
    startup_lpc17xx.o(RESET) refers to startup_lpc17xx.o(.text) for Reset_Handler
    startup_lpc17xx.o(RESET) refers to hal.o(.emb_text) for SVC_Handler
    startup_lpc17xx.o(.ARM.__at_0x02FC) refers (Special) to heapauxi.o(.text) for __use_two_region_memory
    startup_lpc17xx.o(.text) refers (Special) to heapauxi.o(.text) for __use_two_region_memory
    startup_lpc17xx.o(.text) refers to system_lpc17xx.o(i.SystemInit) for SystemInit
    startup_lpc17xx.o(.text) refers to __main.o(!!!main) for __main
    startup_lpc17xx.o(.text) refers to startup_lpc17xx.o(HEAP) for Heap_Mem
    startup_lpc17xx.o(.text) refers to startup_lpc17xx.o(STACK) for Stack_Mem
    system_lpc17xx.o(i.SystemCoreClockUpdate) refers to lludivv7m.o(.text) for __aeabi_uldivmod
    system_lpc17xx.o(i.SystemCoreClockUpdate) refers to system_lpc17xx.o(.data) for SystemCoreClock
    malloc.o(.text) refers (Special) to hguard.o(.text) for __heap$guard
    malloc.o(.text) refers (Special) to init_alloc.o(.text) for _init_alloc
    malloc.o(.text) refers to rt_heap_descriptor_intlibspace.o(.text) for __rt_heap_descriptor
    malloc.o(.text) refers to heapstubs.o(.text) for __Heap_Alloc
    free.o(.text) refers (Special) to hguard.o(.text) for __heap$guard
    free.o(.text) refers to rt_heap_descriptor_intlibspace.o(.text) for __rt_heap_descriptor
    free.o(.text) refers to heapstubs.o(.text) for __Heap_Free
    h1_alloc.o(.text) refers (Special) to h1_init.o(.text) for __Heap_Initialize
    h1_alloc.o(.text) refers to rt_heap_descriptor_intlibspace.o(.text) for __rt_heap_descriptor
    h1_alloc.o(.text) refers to init_alloc.o(.text) for __Heap_Full
    h1_free.o(.text) refers to rt_heap_descriptor_intlibspace.o(.text) for __rt_heap_descriptor
    h1_alloc_mt.o(.text) refers (Special) to h1_init.o(.text) for __Heap_Initialize
    h1_alloc_mt.o(.text) refers to init_alloc.o(.text) for __Heap_Full
    h1_alloc_mt.o(.text) refers to rt_heap_descriptor_intlibspace.o(.text) for __rt_heap_descriptor
    h1_free_mt.o(.text) refers to rt_heap_descriptor_intlibspace.o(.text) for __rt_heap_descriptor
    heap2.o(i._FDIterate) refers to heap2.o(.conststring) for .conststring
    heap2.o(i.___Heap_ProvideMemory$realtime) refers to fdtree.o(i._FDTree_Delete) for _FDTree_Delete
    heap2.o(i.___Heap_ProvideMemory$realtime) refers to fdtree.o(i._FDTree_Insert) for _FDTree_Insert
    heap2.o(i.___Heap_Stats$realtime) refers to heap2.o(i._Heap2_StatsIterate) for _Heap2_StatsIterate
    heap2.o(i.___Heap_Valid$realtime) refers to heap2.o(i._FDIterate) for _FDIterate
    heap2.o(i.___Heap_Valid$realtime) refers to heap2.o(.conststring) for .conststring
    heap2.o(i._free$realtime) refers to rt_heap_descriptor_intlibspace.o(.text) for __rt_heap_descriptor
    heap2.o(i._free$realtime) refers to fdtree.o(i._FDTree_Delete) for _FDTree_Delete
    heap2.o(i._free$realtime) refers to fdtree.o(i._FDTree_Insert) for _FDTree_Insert
    heap2.o(i._malloc$realtime) refers to rt_heap_descriptor_intlibspace.o(.text) for __rt_heap_descriptor
    heap2.o(i._malloc$realtime) refers to fdtree.o(i._FDTree_FindFirst) for _FDTree_FindFirst
    heap2.o(i._malloc$realtime) refers to init_alloc.o(.text) for __Heap_Full
    heap2.o(i._malloc$realtime) refers to fdtree.o(i._FDTree_RemoveNode) for _FDTree_RemoveNode
    heap2.o(i._malloc$realtime) refers to fdtree.o(i._FDTree_Insert) for _FDTree_Insert
    heap2.o(i._posix_memalign$realtime) refers to rt_heap_descriptor_intlibspace.o(.text) for __rt_heap_descriptor
    heap2.o(i._posix_memalign$realtime) refers to fdtree.o(i._FDTree_FindFirst) for _FDTree_FindFirst
    heap2.o(i._posix_memalign$realtime) refers to init_alloc.o(.text) for __Heap_Full
    heap2.o(i._posix_memalign$realtime) refers to fdtree.o(i._FDTree_RemoveNode) for _FDTree_RemoveNode
    heap2.o(i._posix_memalign$realtime) refers to fdtree.o(i._FDTree_Insert) for _FDTree_Insert
    heap2.o(i._realloc$realtime) refers to rt_heap_descriptor_intlibspace.o(.text) for __rt_heap_descriptor
    heap2.o(i._realloc$realtime) refers to fdtree.o(i._FDTree_Insert) for _FDTree_Insert
    heap2.o(i._realloc$realtime) refers to h1_free.o(.text) for free
    heap2.o(i._realloc$realtime) refers to h1_alloc.o(.text) for malloc
    heap2.o(i._realloc$realtime) refers to fdtree.o(i._FDTree_Delete) for _FDTree_Delete
    heap2.o(i._realloc$realtime) refers to rt_memcpy_w.o(.text) for __aeabi_memcpy4
    heap2mt.o(i._FDIterate) refers to heap2mt.o(.conststring) for .conststring
    heap2mt.o(i.___Heap_Initialize$realtime$concurrent) refers to mutex_dummy.o(.text) for _mutex_initialize
    heap2mt.o(i.___Heap_ProvideMemory$realtime$concurrent) refers to fdtree.o(i._FDTree_Delete) for _FDTree_Delete
    heap2mt.o(i.___Heap_ProvideMemory$realtime$concurrent) refers to fdtree.o(i._FDTree_Insert) for _FDTree_Insert
    heap2mt.o(i.___Heap_Stats$realtime$concurrent) refers to heap2mt.o(i._Heap2_StatsIterate) for _Heap2_StatsIterate
    heap2mt.o(i.___Heap_Valid$realtime$concurrent) refers to heap2mt.o(i._FDIterate) for _FDIterate
    heap2mt.o(i.___Heap_Valid$realtime$concurrent) refers to heap2mt.o(.conststring) for .conststring
    heap2mt.o(i._free$realtime$concurrent) refers to rt_heap_descriptor_intlibspace.o(.text) for __rt_heap_descriptor
    heap2mt.o(i._free$realtime$concurrent) refers to fdtree.o(i._FDTree_Delete) for _FDTree_Delete
    heap2mt.o(i._free$realtime$concurrent) refers to fdtree.o(i._FDTree_Insert) for _FDTree_Insert
    heap2mt.o(i._malloc$realtime$concurrent) refers to rt_heap_descriptor_intlibspace.o(.text) for __rt_heap_descriptor
    heap2mt.o(i._malloc$realtime$concurrent) refers to fdtree.o(i._FDTree_FindFirst) for _FDTree_FindFirst
    heap2mt.o(i._malloc$realtime$concurrent) refers to init_alloc.o(.text) for __Heap_Full
    heap2mt.o(i._malloc$realtime$concurrent) refers to fdtree.o(i._FDTree_RemoveNode) for _FDTree_RemoveNode
    heap2mt.o(i._malloc$realtime$concurrent) refers to fdtree.o(i._FDTree_Insert) for _FDTree_Insert
    heap2mt.o(i._posix_memalign$realtime$concurrent) refers to rt_heap_descriptor_intlibspace.o(.text) for __rt_heap_descriptor
    heap2mt.o(i._posix_memalign$realtime$concurrent) refers to fdtree.o(i._FDTree_FindFirst) for _FDTree_FindFirst
    heap2mt.o(i._posix_memalign$realtime$concurrent) refers to init_alloc.o(.text) for __Heap_Full
    heap2mt.o(i._posix_memalign$realtime$concurrent) refers to fdtree.o(i._FDTree_RemoveNode) for _FDTree_RemoveNode
    heap2mt.o(i._posix_memalign$realtime$concurrent) refers to fdtree.o(i._FDTree_Insert) for _FDTree_Insert
    heap2mt.o(i._realloc$realtime$concurrent) refers to rt_heap_descriptor_intlibspace.o(.text) for __rt_heap_descriptor
    heap2mt.o(i._realloc$realtime$concurrent) refers to fdtree.o(i._FDTree_Insert) for _FDTree_Insert
    heap2mt.o(i._realloc$realtime$concurrent) refers to h1_free.o(.text) for free
    heap2mt.o(i._realloc$realtime$concurrent) refers to h1_alloc.o(.text) for malloc
    heap2mt.o(i._realloc$realtime$concurrent) refers to fdtree.o(i._FDTree_Delete) for _FDTree_Delete
    heap2mt.o(i._realloc$realtime$concurrent) refers to rt_memcpy_w.o(.text) for __aeabi_memcpy4
    __main.o(!!!main) refers to __rtentry.o(.ARM.Collect$$rtentry$$00000000) for __rt_entry
    __rtentry.o(.ARM.Collect$$rtentry$$00000000) refers (Special) to __rtentry2.o(.ARM.Collect$$rtentry$$0000000A) for __rt_entry_li
    __rtentry.o(.ARM.Collect$$rtentry$$00000000) refers (Special) to __rtentry2.o(.ARM.Collect$$rtentry$$0000000D) for __rt_entry_main
    __rtentry.o(.ARM.Collect$$rtentry$$00000000) refers (Special) to __rtentry2.o(.ARM.Collect$$rtentry$$0000000C) for __rt_entry_postli_1
    __rtentry.o(.ARM.Collect$$rtentry$$00000000) refers (Special) to __rtentry2.o(.ARM.Collect$$rtentry$$00000009) for __rt_entry_postsh_1
    __rtentry.o(.ARM.Collect$$rtentry$$00000000) refers (Special) to __rtentry2.o(.ARM.Collect$$rtentry$$00000002) for __rt_entry_presh_1
    __rtentry.o(.ARM.Collect$$rtentry$$00000000) refers (Special) to __rtentry4.o(.ARM.Collect$$rtentry$$00000004) for __rt_entry_sh
    aeabi_ldiv0_sigfpe.o(.text) refers to rt_div0.o(.text) for __rt_div0
    rt_heap_descriptor.o(.text) refers to rt_heap_descriptor.o(.bss) for __rt_heap_descriptor_data
    rt_heap_descriptor_intlibspace.o(.text) refers to libspace.o(.bss) for __libspace_start
    init_alloc.o(.text) refers (Special) to hguard.o(.text) for __heap$guard
    init_alloc.o(.text) refers (Special) to libinit2.o(.ARM.Collect$$libinit$$00000005) for __rt_lib_init_heap_2
    init_alloc.o(.text) refers (Special) to maybetermalloc1.o(.emb_text) for _maybe_terminate_alloc
    init_alloc.o(.text) refers to h1_extend.o(.text) for __Heap_ProvideMemory
    init_alloc.o(.text) refers to defsig_rtmem_outer.o(.text) for __rt_SIGRTMEM
    init_alloc.o(.text) refers to rt_heap_descriptor_intlibspace.o(.text) for __rt_heap_descriptor
    init_alloc.o(.text) refers to h1_init.o(.text) for __Heap_Initialize
    h1_init_mt.o(.text) refers to mutex_dummy.o(.text) for _mutex_initialize
    _get_argv.o(.text) refers (Special) to hrguard.o(.text) for __heap_region$guard
    _get_argv.o(.text) refers to h1_alloc.o(.text) for malloc
    _get_argv.o(.text) refers to defsig_rtmem_outer.o(.text) for __rt_SIGRTMEM
    _get_argv.o(.text) refers to sys_command.o(.text) for _sys_command_string
    libinit2.o(.ARM.Collect$$libinit$$00000005) refers (Weak) to init_alloc.o(.text) for _init_alloc
    libinit2.o(.ARM.Collect$$libinit$$00000010) refers to libinit2.o(.ARM.Collect$$libinit$$0000000F) for .ARM.Collect$$libinit$$0000000F
    libinit2.o(.ARM.Collect$$libinit$$00000012) refers to libinit2.o(.ARM.Collect$$libinit$$0000000F) for .ARM.Collect$$libinit$$0000000F
    libinit2.o(.ARM.Collect$$libinit$$00000014) refers to libinit2.o(.ARM.Collect$$libinit$$0000000F) for .ARM.Collect$$libinit$$0000000F
    libinit2.o(.ARM.Collect$$libinit$$00000016) refers to libinit2.o(.ARM.Collect$$libinit$$0000000F) for .ARM.Collect$$libinit$$0000000F
    libinit2.o(.ARM.Collect$$libinit$$00000018) refers to libinit2.o(.ARM.Collect$$libinit$$0000000F) for .ARM.Collect$$libinit$$0000000F
    libinit2.o(.ARM.Collect$$libinit$$00000026) refers to argv_veneer.o(.emb_text) for __ARM_argv_veneer
    libinit2.o(.ARM.Collect$$libinit$$00000027) refers to argv_veneer.o(.emb_text) for __ARM_argv_veneer
    sys_command.o(.text) refers (Special) to use_no_semi.o(.text) for __I$use$semihosting
    sys_command.o(.text) refers (Special) to indicate_semi.o(.text) for __semihosting_library_function
    libspace.o(.text) refers to libspace.o(.bss) for __libspace_start
    __rtentry2.o(.ARM.Collect$$rtentry$$00000008) refers to boardinit2.o(.text) for _platform_post_stackheap_init
    __rtentry2.o(.ARM.Collect$$rtentry$$0000000A) refers to libinit.o(.ARM.Collect$$libinit$$00000000) for __rt_lib_init
    __rtentry2.o(.ARM.Collect$$rtentry$$0000000B) refers to boardinit3.o(.text) for _platform_post_lib_init
    __rtentry2.o(.ARM.Collect$$rtentry$$0000000D) refers to main_svc.o(i.main) for main
    __rtentry2.o(.ARM.Collect$$rtentry$$0000000D) refers to exit.o(.text) for exit
    __rtentry2.o(.ARM.exidx) refers to __rtentry2.o(.ARM.Collect$$rtentry$$00000001) for .ARM.Collect$$rtentry$$00000001
    __rtentry2.o(.ARM.exidx) refers to __rtentry2.o(.ARM.Collect$$rtentry$$00000008) for .ARM.Collect$$rtentry$$00000008
    __rtentry2.o(.ARM.exidx) refers to __rtentry2.o(.ARM.Collect$$rtentry$$0000000A) for .ARM.Collect$$rtentry$$0000000A
    __rtentry2.o(.ARM.exidx) refers to __rtentry2.o(.ARM.Collect$$rtentry$$0000000B) for .ARM.Collect$$rtentry$$0000000B
    __rtentry2.o(.ARM.exidx) refers to __rtentry2.o(.ARM.Collect$$rtentry$$0000000D) for .ARM.Collect$$rtentry$$0000000D
    __rtentry4.o(.ARM.Collect$$rtentry$$00000004) refers to sys_stackheap_outer.o(.text) for __user_setup_stackheap
    __rtentry4.o(.ARM.exidx) refers to __rtentry4.o(.ARM.Collect$$rtentry$$00000004) for .ARM.Collect$$rtentry$$00000004
    rt_div0.o(.text) refers to defsig_fpe_outer.o(.text) for __rt_SIGFPE
    maybetermalloc2.o(.emb_text) refers (Special) to term_alloc.o(.text) for _terminate_alloc
    h1_extend.o(.text) refers to h1_free.o(.text) for free
    h1_extend_mt.o(.text) refers to h1_free_mt.o(.text) for _free_internal
    defsig_rtmem_outer.o(.text) refers to defsig_rtmem_inner.o(.text) for __rt_SIGRTMEM_inner
    defsig_rtmem_outer.o(.text) refers to defsig_exit.o(.text) for __sig_exit
    defsig_rtmem_formal.o(.text) refers to rt_raise.o(.text) for __rt_raise
    heapauxa.o(.text) refers to heapauxa.o(.data) for .data
    argv_veneer.o(.emb_text) refers to no_argv.o(.text) for __ARM_get_argv
    sys_stackheap_outer.o(.text) refers to libspace.o(.text) for __user_perproc_libspace
    sys_stackheap_outer.o(.text) refers to startup_lpc17xx.o(.text) for __user_initial_stackheap
    rt_raise.o(.text) refers to __raise.o(.text) for __raise
    rt_raise.o(.text) refers to sys_exit.o(.text) for _sys_exit
    term_alloc.o(.text) refers (Special) to libshutdown2.o(.ARM.Collect$$libshutdown$$0000000E) for __rt_lib_shutdown_heap_2
    term_alloc.o(.text) refers to rt_heap_descriptor_intlibspace.o(.text) for __rt_heap_descriptor
    term_alloc.o(.text) refers to h1_final.o(.text) for __Heap_Finalize
    exit.o(.text) refers to rtexit.o(.ARM.Collect$$rtexit$$00000000) for __rt_exit
    defsig_exit.o(.text) refers to sys_exit.o(.text) for _sys_exit
    defsig_fpe_outer.o(.text) refers to defsig_fpe_inner.o(.text) for __rt_SIGFPE_inner
    defsig_fpe_outer.o(.text) refers to defsig_exit.o(.text) for __sig_exit
    defsig_fpe_formal.o(.text) refers to rt_raise.o(.text) for __rt_raise
    defsig_rtmem_inner.o(.text) refers to defsig_general.o(.text) for __default_signal_display
    _get_argv_nomalloc.o(.text) refers (Special) to hrguard.o(.text) for __heap_region$guard
    _get_argv_nomalloc.o(.text) refers to defsig_rtmem_outer.o(.text) for __rt_SIGRTMEM
    _get_argv_nomalloc.o(.text) refers to sys_command.o(.text) for _sys_command_string
    libinit.o(.ARM.Collect$$libinit$$00000000) refers (Special) to libinit2.o(.ARM.Collect$$libinit$$0000002E) for __rt_lib_init_alloca_1
    libinit.o(.ARM.Collect$$libinit$$00000000) refers (Special) to libinit2.o(.ARM.Collect$$libinit$$0000002C) for __rt_lib_init_argv_1
    libinit.o(.ARM.Collect$$libinit$$00000000) refers (Special) to libinit2.o(.ARM.Collect$$libinit$$0000001B) for __rt_lib_init_atexit_1
    libinit.o(.ARM.Collect$$libinit$$00000000) refers (Special) to libinit2.o(.ARM.Collect$$libinit$$00000021) for __rt_lib_init_clock_1
    libinit.o(.ARM.Collect$$libinit$$00000000) refers (Special) to libinit2.o(.ARM.Collect$$libinit$$00000032) for __rt_lib_init_cpp_1
    libinit.o(.ARM.Collect$$libinit$$00000000) refers (Special) to libinit2.o(.ARM.Collect$$libinit$$00000030) for __rt_lib_init_exceptions_1
    libinit.o(.ARM.Collect$$libinit$$00000000) refers (Special) to libinit2.o(.ARM.Collect$$libinit$$00000002) for __rt_lib_init_fp_1
    libinit.o(.ARM.Collect$$libinit$$00000000) refers (Special) to libinit2.o(.ARM.Collect$$libinit$$0000001F) for __rt_lib_init_fp_trap_1
    libinit.o(.ARM.Collect$$libinit$$00000000) refers (Special) to libinit2.o(.ARM.Collect$$libinit$$00000023) for __rt_lib_init_getenv_1
    libinit.o(.ARM.Collect$$libinit$$00000000) refers (Special) to libinit2.o(.ARM.Collect$$libinit$$0000000A) for __rt_lib_init_heap_1
    libinit.o(.ARM.Collect$$libinit$$00000000) refers (Special) to libinit2.o(.ARM.Collect$$libinit$$00000011) for __rt_lib_init_lc_collate_1
    libinit.o(.ARM.Collect$$libinit$$00000000) refers (Special) to libinit2.o(.ARM.Collect$$libinit$$00000013) for __rt_lib_init_lc_ctype_1
    libinit.o(.ARM.Collect$$libinit$$00000000) refers (Special) to libinit2.o(.ARM.Collect$$libinit$$00000015) for __rt_lib_init_lc_monetary_1
    libinit.o(.ARM.Collect$$libinit$$00000000) refers (Special) to libinit2.o(.ARM.Collect$$libinit$$00000017) for __rt_lib_init_lc_numeric_1
    libinit.o(.ARM.Collect$$libinit$$00000000) refers (Special) to libinit2.o(.ARM.Collect$$libinit$$00000019) for __rt_lib_init_lc_time_1
    libinit.o(.ARM.Collect$$libinit$$00000000) refers (Special) to libinit2.o(.ARM.Collect$$libinit$$00000004) for __rt_lib_init_preinit_1
    libinit.o(.ARM.Collect$$libinit$$00000000) refers (Special) to libinit2.o(.ARM.Collect$$libinit$$0000000E) for __rt_lib_init_rand_1
    libinit.o(.ARM.Collect$$libinit$$00000000) refers (Special) to libinit2.o(.ARM.Collect$$libinit$$00000033) for __rt_lib_init_return
    libinit.o(.ARM.Collect$$libinit$$00000000) refers (Special) to libinit2.o(.ARM.Collect$$libinit$$0000001D) for __rt_lib_init_signal_1
    libinit.o(.ARM.Collect$$libinit$$00000000) refers (Special) to libinit2.o(.ARM.Collect$$libinit$$00000025) for __rt_lib_init_stdio_1
    libinit.o(.ARM.Collect$$libinit$$00000000) refers (Special) to libinit2.o(.ARM.Collect$$libinit$$0000000C) for __rt_lib_init_user_alloc_1
    sys_exit.o(.text) refers (Special) to use_no_semi.o(.text) for __I$use$semihosting
    sys_exit.o(.text) refers (Special) to indicate_semi.o(.text) for __semihosting_library_function
    rtexit.o(.ARM.Collect$$rtexit$$00000000) refers (Special) to rtexit2.o(.ARM.Collect$$rtexit$$00000004) for __rt_exit_exit
    rtexit.o(.ARM.Collect$$rtexit$$00000000) refers (Special) to rtexit2.o(.ARM.Collect$$rtexit$$00000003) for __rt_exit_ls
    rtexit.o(.ARM.Collect$$rtexit$$00000000) refers (Special) to rtexit2.o(.ARM.Collect$$rtexit$$00000002) for __rt_exit_prels_1
    rtexit.o(.ARM.exidx) refers (Special) to rtexit2.o(.ARM.Collect$$rtexit$$00000004) for __rt_exit_exit
    rtexit.o(.ARM.exidx) refers (Special) to rtexit2.o(.ARM.Collect$$rtexit$$00000003) for __rt_exit_ls
    rtexit.o(.ARM.exidx) refers (Special) to rtexit2.o(.ARM.Collect$$rtexit$$00000002) for __rt_exit_prels_1
    rtexit.o(.ARM.exidx) refers to rtexit.o(.ARM.Collect$$rtexit$$00000000) for .ARM.Collect$$rtexit$$00000000
    __raise.o(.text) refers to defsig.o(CL$$defsig) for __default_signal_handler
    defsig_general.o(.text) refers to sys_wrch.o(.text) for _ttywrch
    defsig_fpe_inner.o(.text) refers to defsig_general.o(.text) for __default_signal_display
    libshutdown2.o(.ARM.Collect$$libshutdown$$0000000D) refers (Weak) to term_alloc.o(.text) for _terminate_alloc
    sys_wrch.o(.text) refers (Special) to use_no_semi.o(.text) for __I$use$semihosting
    sys_wrch.o(.text) refers (Special) to indicate_semi.o(.text) for __semihosting_library_function
    rtexit2.o(.ARM.Collect$$rtexit$$00000003) refers to libshutdown.o(.ARM.Collect$$libshutdown$$00000000) for __rt_lib_shutdown
    rtexit2.o(.ARM.Collect$$rtexit$$00000004) refers to sys_exit.o(.text) for _sys_exit
    rtexit2.o(.ARM.exidx) refers to rtexit2.o(.ARM.Collect$$rtexit$$00000001) for .ARM.Collect$$rtexit$$00000001
    rtexit2.o(.ARM.exidx) refers to rtexit2.o(.ARM.Collect$$rtexit$$00000003) for .ARM.Collect$$rtexit$$00000003
    rtexit2.o(.ARM.exidx) refers to rtexit2.o(.ARM.Collect$$rtexit$$00000004) for .ARM.Collect$$rtexit$$00000004
    defsig.o(CL$$defsig) refers to defsig_fpe_inner.o(.text) for __rt_SIGFPE_inner
    defsig.o(CL$$defsig) refers to defsig_rtmem_inner.o(.text) for __rt_SIGRTMEM_inner
    defsig_abrt_inner.o(.text) refers to defsig_general.o(.text) for __default_signal_display
    defsig_rtred_inner.o(.text) refers to defsig_general.o(.text) for __default_signal_display
    defsig_stak_inner.o(.text) refers to defsig_general.o(.text) for __default_signal_display
    defsig_pvfn_inner.o(.text) refers to defsig_general.o(.text) for __default_signal_display
    defsig_cppl_inner.o(.text) refers to defsig_general.o(.text) for __default_signal_display
    defsig_segv_inner.o(.text) refers to defsig_general.o(.text) for __default_signal_display
    defsig_other.o(.text) refers to defsig_general.o(.text) for __default_signal_display
    libshutdown.o(.ARM.Collect$$libshutdown$$00000000) refers (Special) to libshutdown2.o(.ARM.Collect$$libshutdown$$00000002) for __rt_lib_shutdown_cpp_1
    libshutdown.o(.ARM.Collect$$libshutdown$$00000000) refers (Special) to libshutdown2.o(.ARM.Collect$$libshutdown$$00000007) for __rt_lib_shutdown_fp_trap_1
    libshutdown.o(.ARM.Collect$$libshutdown$$00000000) refers (Special) to libshutdown2.o(.ARM.Collect$$libshutdown$$0000000F) for __rt_lib_shutdown_heap_1
    libshutdown.o(.ARM.Collect$$libshutdown$$00000000) refers (Special) to libshutdown2.o(.ARM.Collect$$libshutdown$$00000010) for __rt_lib_shutdown_return
    libshutdown.o(.ARM.Collect$$libshutdown$$00000000) refers (Special) to libshutdown2.o(.ARM.Collect$$libshutdown$$0000000A) for __rt_lib_shutdown_signal_1
    libshutdown.o(.ARM.Collect$$libshutdown$$00000000) refers (Special) to libshutdown2.o(.ARM.Collect$$libshutdown$$00000004) for __rt_lib_shutdown_stdio_1
    libshutdown.o(.ARM.Collect$$libshutdown$$00000000) refers (Special) to libshutdown2.o(.ARM.Collect$$libshutdown$$0000000C) for __rt_lib_shutdown_user_alloc_1


==============================================================================

Removing Unused input sections from the image.

    Removing printf.o(i.putcp), (10 bytes).
    Removing printf.o(i.tfp_sprintf), (44 bytes).
    Removing uart_polling.o(.rev16_text), (4 bytes).
    Removing uart_polling.o(.revsh_text), (4 bytes).
    Removing uart_polling.o(.rrx_text), (6 bytes).
    Removing uart_polling.o(i.uart_get_char), (48 bytes).
    Removing main_svc.o(.rev16_text), (4 bytes).
    Removing main_svc.o(.revsh_text), (4 bytes).
    Removing main_svc.o(.rrx_text), (6 bytes).
    Removing system_lpc17xx.o(.rev16_text), (4 bytes).
    Removing system_lpc17xx.o(.revsh_text), (4 bytes).
    Removing system_lpc17xx.o(.rrx_text), (6 bytes).
    Removing system_lpc17xx.o(i.SystemCoreClockUpdate), (424 bytes).
    Removing system_lpc17xx.o(.data), (4 bytes).

14 unused section(s) (total 572 bytes) removed from the image.

==============================================================================

Image Symbol Table

    Local Symbols

    Symbol Name                              Value     Ov Type        Size  Object(Section)

    ../clib/angel/boardlib.s                 0x00000000   Number         0  boardinit1.o ABSOLUTE
    ../clib/angel/boardlib.s                 0x00000000   Number         0  boardinit3.o ABSOLUTE
    ../clib/angel/boardlib.s                 0x00000000   Number         0  boardinit2.o ABSOLUTE
    ../clib/angel/boardlib.s                 0x00000000   Number         0  boardshut.o ABSOLUTE
    ../clib/angel/handlers.s                 0x00000000   Number         0  __scatter_zi.o ABSOLUTE
    ../clib/angel/handlers.s                 0x00000000   Number         0  __scatter_copy.o ABSOLUTE
    ../clib/angel/kernel.s                   0x00000000   Number         0  __rtentry.o ABSOLUTE
    ../clib/angel/kernel.s                   0x00000000   Number         0  __rtentry4.o ABSOLUTE
    ../clib/angel/kernel.s                   0x00000000   Number         0  rtexit.o ABSOLUTE
    ../clib/angel/kernel.s                   0x00000000   Number         0  rtexit2.o ABSOLUTE
    ../clib/angel/kernel.s                   0x00000000   Number         0  __rtentry2.o ABSOLUTE
    ../clib/angel/rt.s                       0x00000000   Number         0  rt_raise.o ABSOLUTE
    ../clib/angel/rt.s                       0x00000000   Number         0  aeabi_ldiv0_sigfpe.o ABSOLUTE
    ../clib/angel/rt.s                       0x00000000   Number         0  rt_heap_descriptor_intlibspace.o ABSOLUTE
    ../clib/angel/rt.s                       0x00000000   Number         0  rt_div0.o ABSOLUTE
    ../clib/angel/rt.s                       0x00000000   Number         0  aeabi_ldiv0.o ABSOLUTE
    ../clib/angel/rt.s                       0x00000000   Number         0  rt_heap_descriptor.o ABSOLUTE
    ../clib/angel/scatter.s                  0x00000000   Number         0  __scatter.o ABSOLUTE
    ../clib/angel/startup.s                  0x00000000   Number         0  __main.o ABSOLUTE
    ../clib/angel/sys.s                      0x00000000   Number         0  use_no_semi.o ABSOLUTE
    ../clib/angel/sys.s                      0x00000000   Number         0  sys_stackheap_outer.o ABSOLUTE
    ../clib/angel/sys.s                      0x00000000   Number         0  libspace.o ABSOLUTE
    ../clib/angel/sys.s                      0x00000000   Number         0  mutex_dummy.o ABSOLUTE
    ../clib/angel/sys.s                      0x00000000   Number         0  indicate_semi.o ABSOLUTE
    ../clib/angel/sysapp.c                   0x00000000   Number         0  sys_exit.o ABSOLUTE
    ../clib/angel/sysapp.c                   0x00000000   Number         0  sys_command.o ABSOLUTE
    ../clib/angel/sysapp.c                   0x00000000   Number         0  sys_wrch.o ABSOLUTE
    ../clib/armsys.c                         0x00000000   Number         0  no_argv.o ABSOLUTE
    ../clib/armsys.c                         0x00000000   Number         0  _get_argv_nomalloc.o ABSOLUTE
    ../clib/armsys.c                         0x00000000   Number         0  argv_veneer.o ABSOLUTE
    ../clib/armsys.c                         0x00000000   Number         0  argv_veneer.o ABSOLUTE
    ../clib/armsys.c                         0x00000000   Number         0  _get_argv.o ABSOLUTE
    ../clib/heap1.c                          0x00000000   Number         0  h1_alloc_mt.o ABSOLUTE
    ../clib/heap1.c                          0x00000000   Number         0  h1_init_mt.o ABSOLUTE
    ../clib/heap1.c                          0x00000000   Number         0  h1_free_mt.o ABSOLUTE
    ../clib/heap1.c                          0x00000000   Number         0  h1_final.o ABSOLUTE
    ../clib/heap1.c                          0x00000000   Number         0  h1_init.o ABSOLUTE
    ../clib/heap1.c                          0x00000000   Number         0  h1_final_mt.o ABSOLUTE
    ../clib/heap1.c                          0x00000000   Number         0  h1_extend_mt.o ABSOLUTE
    ../clib/heap1.c                          0x00000000   Number         0  h1_extend.o ABSOLUTE
    ../clib/heap1.c                          0x00000000   Number         0  h1_free.o ABSOLUTE
    ../clib/heap1.c                          0x00000000   Number         0  h1_alloc.o ABSOLUTE
    ../clib/heap2.c                          0x00000000   Number         0  fdtree.o ABSOLUTE
    ../clib/heap2.c                          0x00000000   Number         0  heap2.o ABSOLUTE
    ../clib/heap2.c                          0x00000000   Number         0  heap2mt.o ABSOLUTE
    ../clib/heapalloc.c                      0x00000000   Number         0  maybetermalloc2.o ABSOLUTE
    ../clib/heapalloc.c                      0x00000000   Number         0  init_alloc.o ABSOLUTE
    ../clib/heapalloc.c                      0x00000000   Number         0  malloc.o ABSOLUTE
    ../clib/heapalloc.c                      0x00000000   Number         0  free.o ABSOLUTE
    ../clib/heapalloc.c                      0x00000000   Number         0  heapstubs.o ABSOLUTE
    ../clib/heapalloc.c                      0x00000000   Number         0  term_alloc.o ABSOLUTE
    ../clib/heapalloc.c                      0x00000000   Number         0  hrguard.o ABSOLUTE
    ../clib/heapalloc.c                      0x00000000   Number         0  hguard.o ABSOLUTE
    ../clib/heapalloc.c                      0x00000000   Number         0  maybetermalloc2.o ABSOLUTE
    ../clib/heapalloc.c                      0x00000000   Number         0  maybetermalloc1.o ABSOLUTE
    ../clib/heapalloc.c                      0x00000000   Number         0  maybetermalloc1.o ABSOLUTE
    ../clib/heapaux.c                        0x00000000   Number         0  heapauxa.o ABSOLUTE
    ../clib/heapaux.c                        0x00000000   Number         0  heapauxi.o ABSOLUTE
    ../clib/libinit.s                        0x00000000   Number         0  libshutdown2.o ABSOLUTE
    ../clib/libinit.s                        0x00000000   Number         0  libinit.o ABSOLUTE
    ../clib/libinit.s                        0x00000000   Number         0  libinit2.o ABSOLUTE
    ../clib/libinit.s                        0x00000000   Number         0  libshutdown.o ABSOLUTE
    ../clib/longlong.s                       0x00000000   Number         0  lludivv7m.o ABSOLUTE
    ../clib/memcpset.s                       0x00000000   Number         0  rt_memcpy_w.o ABSOLUTE
    ../clib/signal.c                         0x00000000   Number         0  defsig_fpe_formal.o ABSOLUTE
    ../clib/signal.c                         0x00000000   Number         0  defsig_rtmem_inner.o ABSOLUTE
    ../clib/signal.c                         0x00000000   Number         0  __raise.o ABSOLUTE
    ../clib/signal.c                         0x00000000   Number         0  defsig_general.o ABSOLUTE
    ../clib/signal.c                         0x00000000   Number         0  defsig_rtmem_formal.o ABSOLUTE
    ../clib/signal.c                         0x00000000   Number         0  defsig_exit.o ABSOLUTE
    ../clib/signal.c                         0x00000000   Number         0  defsig_rtmem_outer.o ABSOLUTE
    ../clib/signal.c                         0x00000000   Number         0  defsig_fpe_inner.o ABSOLUTE
    ../clib/signal.c                         0x00000000   Number         0  defsig_abrt_inner.o ABSOLUTE
    ../clib/signal.c                         0x00000000   Number         0  defsig_stak_inner.o ABSOLUTE
    ../clib/signal.c                         0x00000000   Number         0  defsig_pvfn_inner.o ABSOLUTE
    ../clib/signal.c                         0x00000000   Number         0  defsig_cppl_inner.o ABSOLUTE
    ../clib/signal.c                         0x00000000   Number         0  defsig_segv_inner.o ABSOLUTE
    ../clib/signal.c                         0x00000000   Number         0  defsig_other.o ABSOLUTE
    ../clib/signal.c                         0x00000000   Number         0  defsig_fpe_outer.o ABSOLUTE
    ../clib/signal.c                         0x00000000   Number         0  defsig_rtred_inner.o ABSOLUTE
    ../clib/signal.s                         0x00000000   Number         0  defsig.o ABSOLUTE
    ../clib/stdlib.c                         0x00000000   Number         0  exit.o ABSOLUTE
    ../fplib/fpinit.s                        0x00000000   Number         0  fpinit.o ABSOLUTE
    RTE\Device\LPC1768\startup_LPC17xx.s     0x00000000   Number         0  startup_lpc17xx.o ABSOLUTE
    RTE\Device\LPC1768\system_LPC17xx.c      0x00000000   Number         0  system_lpc17xx.o ABSOLUTE
    RTE\\Device\\LPC1768\\system_LPC17xx.c   0x00000000   Number         0  system_lpc17xx.o ABSOLUTE
    dc.s                                     0x00000000   Number         0  dc.o ABSOLUTE
    src\HAL.c                                0x00000000   Number         0  hal.o ABSOLUTE
    src\\HAL.c                               0x00000000   Number         0  hal.o ABSOLUTE
    src\\main_svc.c                          0x00000000   Number         0  main_svc.o ABSOLUTE
    src\\uart_polling.c                      0x00000000   Number         0  uart_polling.o ABSOLUTE
    src\k_mem.c                              0x00000000   Number         0  k_mem.o ABSOLUTE
    src\main_svc.c                           0x00000000   Number         0  main_svc.o ABSOLUTE
    src\printf.c                             0x00000000   Number         0  printf.o ABSOLUTE
    src\uart_polling.c                       0x00000000   Number         0  uart_polling.o ABSOLUTE
    .ARM.__at_0x02FC                         0x000002fc   Section        4  startup_lpc17xx.o(.ARM.__at_0x02FC)
    RESET                                    0x10000000   Section      204  startup_lpc17xx.o(RESET)
    !!!main                                  0x100000cc   Section        8  __main.o(!!!main)
    !!!scatter                               0x100000d4   Section       52  __scatter.o(!!!scatter)
    !!handler_copy                           0x10000108   Section       26  __scatter_copy.o(!!handler_copy)
    !!handler_zi                             0x10000124   Section       28  __scatter_zi.o(!!handler_zi)
    .ARM.Collect$$libinit$$00000000          0x10000140   Section        2  libinit.o(.ARM.Collect$$libinit$$00000000)
    .ARM.Collect$$libinit$$00000002          0x10000142   Section        0  libinit2.o(.ARM.Collect$$libinit$$00000002)
    .ARM.Collect$$libinit$$00000004          0x10000142   Section        0  libinit2.o(.ARM.Collect$$libinit$$00000004)
    .ARM.Collect$$libinit$$00000005          0x10000142   Section        8  libinit2.o(.ARM.Collect$$libinit$$00000005)
    .ARM.Collect$$libinit$$0000000A          0x1000014a   Section        0  libinit2.o(.ARM.Collect$$libinit$$0000000A)
    .ARM.Collect$$libinit$$0000000C          0x1000014a   Section        0  libinit2.o(.ARM.Collect$$libinit$$0000000C)
    .ARM.Collect$$libinit$$0000000E          0x1000014a   Section        0  libinit2.o(.ARM.Collect$$libinit$$0000000E)
    .ARM.Collect$$libinit$$00000011          0x1000014a   Section        0  libinit2.o(.ARM.Collect$$libinit$$00000011)
    .ARM.Collect$$libinit$$00000013          0x1000014a   Section        0  libinit2.o(.ARM.Collect$$libinit$$00000013)
    .ARM.Collect$$libinit$$00000015          0x1000014a   Section        0  libinit2.o(.ARM.Collect$$libinit$$00000015)
    .ARM.Collect$$libinit$$00000017          0x1000014a   Section        0  libinit2.o(.ARM.Collect$$libinit$$00000017)
    .ARM.Collect$$libinit$$00000019          0x1000014a   Section        0  libinit2.o(.ARM.Collect$$libinit$$00000019)
    .ARM.Collect$$libinit$$0000001B          0x1000014a   Section        0  libinit2.o(.ARM.Collect$$libinit$$0000001B)
    .ARM.Collect$$libinit$$0000001D          0x1000014a   Section        0  libinit2.o(.ARM.Collect$$libinit$$0000001D)
    .ARM.Collect$$libinit$$0000001F          0x1000014a   Section        0  libinit2.o(.ARM.Collect$$libinit$$0000001F)
    .ARM.Collect$$libinit$$00000021          0x1000014a   Section        0  libinit2.o(.ARM.Collect$$libinit$$00000021)
    .ARM.Collect$$libinit$$00000023          0x1000014a   Section        0  libinit2.o(.ARM.Collect$$libinit$$00000023)
    .ARM.Collect$$libinit$$00000025          0x1000014a   Section        0  libinit2.o(.ARM.Collect$$libinit$$00000025)
    .ARM.Collect$$libinit$$0000002C          0x1000014a   Section        0  libinit2.o(.ARM.Collect$$libinit$$0000002C)
    .ARM.Collect$$libinit$$0000002E          0x1000014a   Section        0  libinit2.o(.ARM.Collect$$libinit$$0000002E)
    .ARM.Collect$$libinit$$00000030          0x1000014a   Section        0  libinit2.o(.ARM.Collect$$libinit$$00000030)
    .ARM.Collect$$libinit$$00000032          0x1000014a   Section        0  libinit2.o(.ARM.Collect$$libinit$$00000032)
    .ARM.Collect$$libinit$$00000033          0x1000014a   Section        2  libinit2.o(.ARM.Collect$$libinit$$00000033)
    .ARM.Collect$$libshutdown$$00000000      0x1000014c   Section        2  libshutdown.o(.ARM.Collect$$libshutdown$$00000000)
    .ARM.Collect$$libshutdown$$00000002      0x1000014e   Section        0  libshutdown2.o(.ARM.Collect$$libshutdown$$00000002)
    .ARM.Collect$$libshutdown$$00000004      0x1000014e   Section        0  libshutdown2.o(.ARM.Collect$$libshutdown$$00000004)
    .ARM.Collect$$libshutdown$$00000007      0x1000014e   Section        0  libshutdown2.o(.ARM.Collect$$libshutdown$$00000007)
    .ARM.Collect$$libshutdown$$0000000A      0x1000014e   Section        0  libshutdown2.o(.ARM.Collect$$libshutdown$$0000000A)
    .ARM.Collect$$libshutdown$$0000000C      0x1000014e   Section        0  libshutdown2.o(.ARM.Collect$$libshutdown$$0000000C)
    .ARM.Collect$$libshutdown$$0000000F      0x1000014e   Section        0  libshutdown2.o(.ARM.Collect$$libshutdown$$0000000F)
    .ARM.Collect$$libshutdown$$00000010      0x1000014e   Section        2  libshutdown2.o(.ARM.Collect$$libshutdown$$00000010)
    .ARM.Collect$$rtentry$$00000000          0x10000150   Section        0  __rtentry.o(.ARM.Collect$$rtentry$$00000000)
    .ARM.Collect$$rtentry$$00000002          0x10000150   Section        0  __rtentry2.o(.ARM.Collect$$rtentry$$00000002)
    .ARM.Collect$$rtentry$$00000004          0x10000150   Section        6  __rtentry4.o(.ARM.Collect$$rtentry$$00000004)
    .ARM.Collect$$rtentry$$00000009          0x10000156   Section        0  __rtentry2.o(.ARM.Collect$$rtentry$$00000009)
    .ARM.Collect$$rtentry$$0000000A          0x10000156   Section        4  __rtentry2.o(.ARM.Collect$$rtentry$$0000000A)
    .ARM.Collect$$rtentry$$0000000C          0x1000015a   Section        0  __rtentry2.o(.ARM.Collect$$rtentry$$0000000C)
    .ARM.Collect$$rtentry$$0000000D          0x1000015a   Section        8  __rtentry2.o(.ARM.Collect$$rtentry$$0000000D)
    .ARM.Collect$$rtexit$$00000000           0x10000162   Section        2  rtexit.o(.ARM.Collect$$rtexit$$00000000)
    .ARM.Collect$$rtexit$$00000002           0x10000164   Section        0  rtexit2.o(.ARM.Collect$$rtexit$$00000002)
    .ARM.Collect$$rtexit$$00000003           0x10000164   Section        4  rtexit2.o(.ARM.Collect$$rtexit$$00000003)
    .ARM.Collect$$rtexit$$00000004           0x10000168   Section        6  rtexit2.o(.ARM.Collect$$rtexit$$00000004)
    .emb_text                                0x10000170   Section       50  hal.o(.emb_text)
    .emb_text                                0x100001a4   Section        0  maybetermalloc1.o(.emb_text)
    .text                                    0x100001a4   Section       60  startup_lpc17xx.o(.text)
    .text                                    0x100001e0   Section        0  h1_alloc.o(.text)
    .text                                    0x1000023e   Section        0  h1_free.o(.text)
    .text                                    0x1000028c   Section        0  heapauxi.o(.text)
    .text                                    0x10000294   Section        8  rt_heap_descriptor_intlibspace.o(.text)
    .text                                    0x1000029c   Section        0  hguard.o(.text)
    .text                                    0x100002a0   Section        0  init_alloc.o(.text)
    .text                                    0x1000032a   Section        0  h1_init.o(.text)
    .text                                    0x10000338   Section        8  libspace.o(.text)
    .text                                    0x10000340   Section        0  h1_extend.o(.text)
    .text                                    0x10000374   Section        0  defsig_rtmem_outer.o(.text)
    .text                                    0x10000382   Section        2  use_no_semi.o(.text)
    .text                                    0x10000384   Section        0  indicate_semi.o(.text)
    .text                                    0x10000384   Section       74  sys_stackheap_outer.o(.text)
    .text                                    0x100003ce   Section        0  exit.o(.text)
    .text                                    0x100003e0   Section        0  defsig_exit.o(.text)
    .text                                    0x100003ec   Section        0  defsig_rtmem_inner.o(.text)
    .text                                    0x1000043c   Section        0  sys_exit.o(.text)
    .text                                    0x10000448   Section        0  defsig_general.o(.text)
    .text                                    0x1000047a   Section        0  sys_wrch.o(.text)
    i.SystemInit                             0x10000488   Section        0  system_lpc17xx.o(i.SystemInit)
    i.a2d                                    0x100005c8   Section        0  printf.o(i.a2d)
    a2d                                      0x100005c9   Thumb Code    50  printf.o(i.a2d)
    i.a2i                                    0x100005fa   Section        0  printf.o(i.a2i)
    a2i                                      0x100005fb   Thumb Code    58  printf.o(i.a2i)
    i.coalescingTest                         0x10000634   Section        0  main_svc.o(i.coalescingTest)
    i.completeMemoryUsageTest                0x100006c0   Section        0  main_svc.o(i.completeMemoryUsageTest)
    i.externalFragmentationTest              0x10000734   Section        0  main_svc.o(i.externalFragmentationTest)
    i.first_fit_count_extfrag                0x100007e0   Section        0  k_mem.o(i.first_fit_count_extfrag)
    i.first_fit_mem_alloc                    0x10000804   Section        0  k_mem.o(i.first_fit_mem_alloc)
    i.first_fit_mem_dealloc                  0x10000b30   Section        0  k_mem.o(i.first_fit_mem_dealloc)
    i.first_fit_mem_init                     0x10000bd0   Section        0  k_mem.o(i.first_fit_mem_init)
    i.i2a                                    0x10000d3c   Section        0  printf.o(i.i2a)
    i2a                                      0x10000d3d   Thumb Code    32  printf.o(i.i2a)
    i.init_printf                            0x10000d5c   Section        0  printf.o(i.init_printf)
    i.invalidArgs_memalloc_test              0x10000d70   Section        0  main_svc.o(i.invalidArgs_memalloc_test)
    i.invalidArgs_memcountextfrag_test       0x10000d9c   Section        0  main_svc.o(i.invalidArgs_memcountextfrag_test)
    i.invalidArgs_memdealloc_test            0x10000db8   Section        0  main_svc.o(i.invalidArgs_memdealloc_test)
    i.k_mem_alloc                            0x10000df0   Section        0  k_mem.o(i.k_mem_alloc)
    i.k_mem_count_extfrag                    0x10000e48   Section        0  k_mem.o(i.k_mem_count_extfrag)
    i.k_mem_dealloc                          0x10000e94   Section        0  k_mem.o(i.k_mem_dealloc)
    i.k_mem_init                             0x10000ed8   Section        0  k_mem.o(i.k_mem_init)
    i.main                                   0x10000fa0   Section        0  main_svc.o(i.main)
    i.print_linked_list                      0x10001248   Section        0  k_mem.o(i.print_linked_list)
    i.putc                                   0x100012e8   Section        0  uart_polling.o(i.putc)
    i.putchw                                 0x1000132c   Section        0  printf.o(i.putchw)
    putchw                                   0x1000132d   Thumb Code    82  printf.o(i.putchw)
    i.splitMergeTest                         0x10001380   Section        0  main_svc.o(i.splitMergeTest)
    i.tfp_format                             0x1000145c   Section        0  printf.o(i.tfp_format)
    i.tfp_printf                             0x10001584   Section        0  printf.o(i.tfp_printf)
    i.uart_init                              0x100015b0   Section        0  uart_polling.o(i.uart_init)
    i.uart_put_char                          0x1000161c   Section        0  uart_polling.o(i.uart_put_char)
    i.uart_put_string                        0x10001650   Section        0  uart_polling.o(i.uart_put_string)
    i.ui2a                                   0x10001676   Section        0  printf.o(i.ui2a)
    ui2a                                     0x10001677   Thumb Code    86  printf.o(i.ui2a)
    .data                                    0x10004000   Section       12  k_mem.o(.data)
    .data                                    0x1000400c   Section        8  printf.o(.data)
    stdout_putf                              0x1000400c   Data           4  printf.o(.data)
    stdout_putp                              0x10004010   Data           4  printf.o(.data)
    .data                                    0x10004014   Section       36  main_svc.o(.data)
    .bss                                     0x10004038   Section       96  libspace.o(.bss)
    HEAP                                     0x10004098   Section        0  startup_lpc17xx.o(HEAP)
    STACK                                    0x10004098   Section     1024  startup_lpc17xx.o(STACK)
    Heap_Mem                                 0x10004098   Data           0  startup_lpc17xx.o(HEAP)
    Stack_Mem                                0x10004098   Data        1024  startup_lpc17xx.o(STACK)
    __initial_sp                             0x10004498   Data           0  startup_lpc17xx.o(STACK)

    Global Symbols

    Symbol Name                              Value     Ov Type        Size  Object(Section)

    BuildAttributes$$THM_ISAv4$P$D$K$B$S$PE$A:L22UL41UL21$X:L11$S22US41US21$IEEE1$IW$USESV6$~STKCKD$USESV7$~SHL$OTIME$ROPI$EBA8$UX$STANDARDLIB$REQ8$PRES8$EABIv2 0x00000000   Number         0  anon$$obj.o ABSOLUTE
    __ARM_use_no_argv                        0x00000000   Number         0  main_svc.o ABSOLUTE
    __ARM_exceptions_init                     - Undefined Weak Reference
    __alloca_initialize                       - Undefined Weak Reference
    __arm_preinit_                            - Undefined Weak Reference
    __cpp_initialize__aeabi_                  - Undefined Weak Reference
    __cxa_finalize                            - Undefined Weak Reference
    __rt_locale                               - Undefined Weak Reference
    __sigvec_lookup                           - Undefined Weak Reference
    __user_heap_extent                        - Undefined Weak Reference
    _atexit_init                              - Undefined Weak Reference
    _call_atexit_fns                          - Undefined Weak Reference
    _clock_init                               - Undefined Weak Reference
    _fp_trap_init                             - Undefined Weak Reference
    _fp_trap_shutdown                         - Undefined Weak Reference
    _get_lc_collate                           - Undefined Weak Reference
    _get_lc_ctype                             - Undefined Weak Reference
    _get_lc_monetary                          - Undefined Weak Reference
    _get_lc_numeric                           - Undefined Weak Reference
    _get_lc_time                              - Undefined Weak Reference
    _getenv_init                              - Undefined Weak Reference
    _handle_redirection                       - Undefined Weak Reference
    _initio                                   - Undefined Weak Reference
    _mutex_acquire                            - Undefined Weak Reference
    _mutex_free                               - Undefined Weak Reference
    _mutex_release                            - Undefined Weak Reference
    _rand_init                                - Undefined Weak Reference
    _signal_finish                            - Undefined Weak Reference
    _signal_init                              - Undefined Weak Reference
    _terminateio                              - Undefined Weak Reference
    __Vectors                                0x10000000   Data           4  startup_lpc17xx.o(RESET)
    __main                                   0x100000cd   Thumb Code     8  __main.o(!!!main)
    __scatterload                            0x100000d5   Thumb Code     0  __scatter.o(!!!scatter)
    __scatterload_rt2                        0x100000d5   Thumb Code    44  __scatter.o(!!!scatter)
    __scatterload_rt2_thumb_only             0x100000d5   Thumb Code     0  __scatter.o(!!!scatter)
    __scatterload_null                       0x100000e3   Thumb Code     0  __scatter.o(!!!scatter)
    __scatterload_copy                       0x10000109   Thumb Code    26  __scatter_copy.o(!!handler_copy)
    __scatterload_zeroinit                   0x10000125   Thumb Code    28  __scatter_zi.o(!!handler_zi)
    __rt_lib_init                            0x10000141   Thumb Code     0  libinit.o(.ARM.Collect$$libinit$$00000000)
    __rt_lib_init_fp_1                       0x10000143   Thumb Code     0  libinit2.o(.ARM.Collect$$libinit$$00000002)
    __rt_lib_init_heap_2                     0x10000143   Thumb Code     0  libinit2.o(.ARM.Collect$$libinit$$00000005)
    __rt_lib_init_preinit_1                  0x10000143   Thumb Code     0  libinit2.o(.ARM.Collect$$libinit$$00000004)
    __rt_lib_init_alloca_1                   0x1000014b   Thumb Code     0  libinit2.o(.ARM.Collect$$libinit$$0000002E)
    __rt_lib_init_argv_1                     0x1000014b   Thumb Code     0  libinit2.o(.ARM.Collect$$libinit$$0000002C)
    __rt_lib_init_atexit_1                   0x1000014b   Thumb Code     0  libinit2.o(.ARM.Collect$$libinit$$0000001B)
    __rt_lib_init_clock_1                    0x1000014b   Thumb Code     0  libinit2.o(.ARM.Collect$$libinit$$00000021)
    __rt_lib_init_cpp_1                      0x1000014b   Thumb Code     0  libinit2.o(.ARM.Collect$$libinit$$00000032)
    __rt_lib_init_exceptions_1               0x1000014b   Thumb Code     0  libinit2.o(.ARM.Collect$$libinit$$00000030)
    __rt_lib_init_fp_trap_1                  0x1000014b   Thumb Code     0  libinit2.o(.ARM.Collect$$libinit$$0000001F)
    __rt_lib_init_getenv_1                   0x1000014b   Thumb Code     0  libinit2.o(.ARM.Collect$$libinit$$00000023)
    __rt_lib_init_heap_1                     0x1000014b   Thumb Code     0  libinit2.o(.ARM.Collect$$libinit$$0000000A)
    __rt_lib_init_lc_collate_1               0x1000014b   Thumb Code     0  libinit2.o(.ARM.Collect$$libinit$$00000011)
    __rt_lib_init_lc_ctype_1                 0x1000014b   Thumb Code     0  libinit2.o(.ARM.Collect$$libinit$$00000013)
    __rt_lib_init_lc_monetary_1              0x1000014b   Thumb Code     0  libinit2.o(.ARM.Collect$$libinit$$00000015)
    __rt_lib_init_lc_numeric_1               0x1000014b   Thumb Code     0  libinit2.o(.ARM.Collect$$libinit$$00000017)
    __rt_lib_init_lc_time_1                  0x1000014b   Thumb Code     0  libinit2.o(.ARM.Collect$$libinit$$00000019)
    __rt_lib_init_rand_1                     0x1000014b   Thumb Code     0  libinit2.o(.ARM.Collect$$libinit$$0000000E)
    __rt_lib_init_return                     0x1000014b   Thumb Code     0  libinit2.o(.ARM.Collect$$libinit$$00000033)
    __rt_lib_init_signal_1                   0x1000014b   Thumb Code     0  libinit2.o(.ARM.Collect$$libinit$$0000001D)
    __rt_lib_init_stdio_1                    0x1000014b   Thumb Code     0  libinit2.o(.ARM.Collect$$libinit$$00000025)
    __rt_lib_init_user_alloc_1               0x1000014b   Thumb Code     0  libinit2.o(.ARM.Collect$$libinit$$0000000C)
    __rt_lib_shutdown                        0x1000014d   Thumb Code     0  libshutdown.o(.ARM.Collect$$libshutdown$$00000000)
    __rt_lib_shutdown_cpp_1                  0x1000014f   Thumb Code     0  libshutdown2.o(.ARM.Collect$$libshutdown$$00000002)
    __rt_lib_shutdown_fp_trap_1              0x1000014f   Thumb Code     0  libshutdown2.o(.ARM.Collect$$libshutdown$$00000007)
    __rt_lib_shutdown_heap_1                 0x1000014f   Thumb Code     0  libshutdown2.o(.ARM.Collect$$libshutdown$$0000000F)
    __rt_lib_shutdown_return                 0x1000014f   Thumb Code     0  libshutdown2.o(.ARM.Collect$$libshutdown$$00000010)
    __rt_lib_shutdown_signal_1               0x1000014f   Thumb Code     0  libshutdown2.o(.ARM.Collect$$libshutdown$$0000000A)
    __rt_lib_shutdown_stdio_1                0x1000014f   Thumb Code     0  libshutdown2.o(.ARM.Collect$$libshutdown$$00000004)
    __rt_lib_shutdown_user_alloc_1           0x1000014f   Thumb Code     0  libshutdown2.o(.ARM.Collect$$libshutdown$$0000000C)
    __rt_entry                               0x10000151   Thumb Code     0  __rtentry.o(.ARM.Collect$$rtentry$$00000000)
    __rt_entry_presh_1                       0x10000151   Thumb Code     0  __rtentry2.o(.ARM.Collect$$rtentry$$00000002)
    __rt_entry_sh                            0x10000151   Thumb Code     0  __rtentry4.o(.ARM.Collect$$rtentry$$00000004)
    __rt_entry_li                            0x10000157   Thumb Code     0  __rtentry2.o(.ARM.Collect$$rtentry$$0000000A)
    __rt_entry_postsh_1                      0x10000157   Thumb Code     0  __rtentry2.o(.ARM.Collect$$rtentry$$00000009)
    __rt_entry_main                          0x1000015b   Thumb Code     0  __rtentry2.o(.ARM.Collect$$rtentry$$0000000D)
    __rt_entry_postli_1                      0x1000015b   Thumb Code     0  __rtentry2.o(.ARM.Collect$$rtentry$$0000000C)
    __rt_exit                                0x10000163   Thumb Code     0  rtexit.o(.ARM.Collect$$rtexit$$00000000)
    __rt_exit_ls                             0x10000165   Thumb Code     0  rtexit2.o(.ARM.Collect$$rtexit$$00000003)
    __rt_exit_prels_1                        0x10000165   Thumb Code     0  rtexit2.o(.ARM.Collect$$rtexit$$00000002)
    __rt_exit_exit                           0x10000169   Thumb Code     0  rtexit2.o(.ARM.Collect$$rtexit$$00000004)
    __rte                                    0x10000171   Thumb Code     6  hal.o(.emb_text)
    SVC_Handler                              0x10000177   Thumb Code    44  hal.o(.emb_text)
    Reset_Handler                            0x100001a5   Thumb Code     8  startup_lpc17xx.o(.text)
    _maybe_terminate_alloc                   0x100001a5   Thumb Code     0  maybetermalloc1.o(.emb_text)
    NMI_Handler                              0x100001ad   Thumb Code     2  startup_lpc17xx.o(.text)
    HardFault_Handler                        0x100001af   Thumb Code     2  startup_lpc17xx.o(.text)
    MemManage_Handler                        0x100001b1   Thumb Code     2  startup_lpc17xx.o(.text)
    BusFault_Handler                         0x100001b3   Thumb Code     2  startup_lpc17xx.o(.text)
    UsageFault_Handler                       0x100001b5   Thumb Code     2  startup_lpc17xx.o(.text)
    DebugMon_Handler                         0x100001b9   Thumb Code     2  startup_lpc17xx.o(.text)
    PendSV_Handler                           0x100001bb   Thumb Code     2  startup_lpc17xx.o(.text)
    SysTick_Handler                          0x100001bd   Thumb Code     2  startup_lpc17xx.o(.text)
    ADC_IRQHandler                           0x100001bf   Thumb Code     0  startup_lpc17xx.o(.text)
    BOD_IRQHandler                           0x100001bf   Thumb Code     0  startup_lpc17xx.o(.text)
    CANActivity_IRQHandler                   0x100001bf   Thumb Code     0  startup_lpc17xx.o(.text)
    CAN_IRQHandler                           0x100001bf   Thumb Code     0  startup_lpc17xx.o(.text)
    DMA_IRQHandler                           0x100001bf   Thumb Code     0  startup_lpc17xx.o(.text)
    EINT0_IRQHandler                         0x100001bf   Thumb Code     0  startup_lpc17xx.o(.text)
    EINT1_IRQHandler                         0x100001bf   Thumb Code     0  startup_lpc17xx.o(.text)
    EINT2_IRQHandler                         0x100001bf   Thumb Code     0  startup_lpc17xx.o(.text)
    EINT3_IRQHandler                         0x100001bf   Thumb Code     0  startup_lpc17xx.o(.text)
    ENET_IRQHandler                          0x100001bf   Thumb Code     0  startup_lpc17xx.o(.text)
    I2C0_IRQHandler                          0x100001bf   Thumb Code     0  startup_lpc17xx.o(.text)
    I2C1_IRQHandler                          0x100001bf   Thumb Code     0  startup_lpc17xx.o(.text)
    I2C2_IRQHandler                          0x100001bf   Thumb Code     0  startup_lpc17xx.o(.text)
    I2S_IRQHandler                           0x100001bf   Thumb Code     0  startup_lpc17xx.o(.text)
    MCPWM_IRQHandler                         0x100001bf   Thumb Code     0  startup_lpc17xx.o(.text)
    PLL0_IRQHandler                          0x100001bf   Thumb Code     0  startup_lpc17xx.o(.text)
    PLL1_IRQHandler                          0x100001bf   Thumb Code     0  startup_lpc17xx.o(.text)
    PWM1_IRQHandler                          0x100001bf   Thumb Code     0  startup_lpc17xx.o(.text)
    QEI_IRQHandler                           0x100001bf   Thumb Code     0  startup_lpc17xx.o(.text)
    RIT_IRQHandler                           0x100001bf   Thumb Code     0  startup_lpc17xx.o(.text)
    RTC_IRQHandler                           0x100001bf   Thumb Code     0  startup_lpc17xx.o(.text)
    SPI_IRQHandler                           0x100001bf   Thumb Code     0  startup_lpc17xx.o(.text)
    SSP0_IRQHandler                          0x100001bf   Thumb Code     0  startup_lpc17xx.o(.text)
    SSP1_IRQHandler                          0x100001bf   Thumb Code     0  startup_lpc17xx.o(.text)
    TIMER0_IRQHandler                        0x100001bf   Thumb Code     0  startup_lpc17xx.o(.text)
    TIMER1_IRQHandler                        0x100001bf   Thumb Code     0  startup_lpc17xx.o(.text)
    TIMER2_IRQHandler                        0x100001bf   Thumb Code     0  startup_lpc17xx.o(.text)
    TIMER3_IRQHandler                        0x100001bf   Thumb Code     0  startup_lpc17xx.o(.text)
    UART0_IRQHandler                         0x100001bf   Thumb Code     0  startup_lpc17xx.o(.text)
    UART1_IRQHandler                         0x100001bf   Thumb Code     0  startup_lpc17xx.o(.text)
    UART2_IRQHandler                         0x100001bf   Thumb Code     0  startup_lpc17xx.o(.text)
    UART3_IRQHandler                         0x100001bf   Thumb Code     0  startup_lpc17xx.o(.text)
    USBActivity_IRQHandler                   0x100001bf   Thumb Code     0  startup_lpc17xx.o(.text)
    USB_IRQHandler                           0x100001bf   Thumb Code     0  startup_lpc17xx.o(.text)
    WDT_IRQHandler                           0x100001bf   Thumb Code     0  startup_lpc17xx.o(.text)
    __user_initial_stackheap                 0x100001c1   Thumb Code     0  startup_lpc17xx.o(.text)
    malloc                                   0x100001e1   Thumb Code    94  h1_alloc.o(.text)
    free                                     0x1000023f   Thumb Code    78  h1_free.o(.text)
    __use_two_region_memory                  0x1000028d   Thumb Code     2  heapauxi.o(.text)
    __rt_heap_escrow                         0x1000028f   Thumb Code     2  heapauxi.o(.text)
    __rt_heap_expand                         0x10000291   Thumb Code     2  heapauxi.o(.text)
    __rt_heap_descriptor                     0x10000295   Thumb Code     8  rt_heap_descriptor_intlibspace.o(.text)
    __use_no_heap                            0x1000029d   Thumb Code     2  hguard.o(.text)
    __heap$guard                             0x1000029f   Thumb Code     2  hguard.o(.text)
    _terminate_user_alloc                    0x100002a1   Thumb Code     2  init_alloc.o(.text)
    _init_user_alloc                         0x100002a3   Thumb Code     2  init_alloc.o(.text)
    __Heap_Full                              0x100002a5   Thumb Code    34  init_alloc.o(.text)
    __Heap_Broken                            0x100002c7   Thumb Code     6  init_alloc.o(.text)
    _init_alloc                              0x100002cd   Thumb Code    94  init_alloc.o(.text)
    __Heap_Initialize                        0x1000032b   Thumb Code    10  h1_init.o(.text)
    __Heap_DescSize                          0x10000335   Thumb Code     4  h1_init.o(.text)
    __user_libspace                          0x10000339   Thumb Code     8  libspace.o(.text)
    __user_perproc_libspace                  0x10000339   Thumb Code     0  libspace.o(.text)
    __user_perthread_libspace                0x10000339   Thumb Code     0  libspace.o(.text)
    __Heap_ProvideMemory                     0x10000341   Thumb Code    52  h1_extend.o(.text)
    __rt_SIGRTMEM                            0x10000375   Thumb Code    14  defsig_rtmem_outer.o(.text)
    __I$use$semihosting                      0x10000383   Thumb Code     0  use_no_semi.o(.text)
    __use_no_semihosting_swi                 0x10000383   Thumb Code     2  use_no_semi.o(.text)
    __semihosting_library_function           0x10000385   Thumb Code     0  indicate_semi.o(.text)
    __user_setup_stackheap                   0x10000385   Thumb Code    74  sys_stackheap_outer.o(.text)
    exit                                     0x100003cf   Thumb Code    18  exit.o(.text)
    __sig_exit                               0x100003e1   Thumb Code    10  defsig_exit.o(.text)
    __rt_SIGRTMEM_inner                      0x100003ed   Thumb Code    22  defsig_rtmem_inner.o(.text)
    _sys_exit                                0x1000043d   Thumb Code     8  sys_exit.o(.text)
    __default_signal_display                 0x10000449   Thumb Code    50  defsig_general.o(.text)
    _ttywrch                                 0x1000047b   Thumb Code    14  sys_wrch.o(.text)
    SystemInit                               0x10000489   Thumb Code   302  system_lpc17xx.o(i.SystemInit)
    coalescingTest                           0x10000635   Thumb Code    94  main_svc.o(i.coalescingTest)
    completeMemoryUsageTest                  0x100006c1   Thumb Code   106  main_svc.o(i.completeMemoryUsageTest)
    externalFragmentationTest                0x10000735   Thumb Code   124  main_svc.o(i.externalFragmentationTest)
    first_fit_count_extfrag                  0x100007e1   Thumb Code    30  k_mem.o(i.first_fit_count_extfrag)
    first_fit_mem_alloc                      0x10000805   Thumb Code   296  k_mem.o(i.first_fit_mem_alloc)
    first_fit_mem_dealloc                    0x10000b31   Thumb Code   154  k_mem.o(i.first_fit_mem_dealloc)
    first_fit_mem_init                       0x10000bd1   Thumb Code   100  k_mem.o(i.first_fit_mem_init)
    init_printf                              0x10000d5d   Thumb Code    10  printf.o(i.init_printf)
    invalidArgs_memalloc_test                0x10000d71   Thumb Code    38  main_svc.o(i.invalidArgs_memalloc_test)
    invalidArgs_memcountextfrag_test         0x10000d9d   Thumb Code    22  main_svc.o(i.invalidArgs_memcountextfrag_test)
    invalidArgs_memdealloc_test              0x10000db9   Thumb Code    46  main_svc.o(i.invalidArgs_memdealloc_test)
    k_mem_alloc                              0x10000df1   Thumb Code    38  k_mem.o(i.k_mem_alloc)
    k_mem_count_extfrag                      0x10000e49   Thumb Code    42  k_mem.o(i.k_mem_count_extfrag)
    k_mem_dealloc                            0x10000e95   Thumb Code    30  k_mem.o(i.k_mem_dealloc)
    k_mem_init                               0x10000ed9   Thumb Code    72  k_mem.o(i.k_mem_init)
    main                                     0x10000fa1   Thumb Code   256  main_svc.o(i.main)
    print_linked_list                        0x10001249   Thumb Code    60  k_mem.o(i.print_linked_list)
    putc                                     0x100012e9   Thumb Code    28  uart_polling.o(i.putc)
    splitMergeTest                           0x10001381   Thumb Code   170  main_svc.o(i.splitMergeTest)
    tfp_format                               0x1000145d   Thumb Code   296  printf.o(i.tfp_format)
    tfp_printf                               0x10001585   Thumb Code    34  printf.o(i.tfp_printf)
    uart_init                                0x100015b1   Thumb Code    96  uart_polling.o(i.uart_init)
    uart_put_char                            0x1000161d   Thumb Code    42  uart_polling.o(i.uart_put_char)
    uart_put_string                          0x10001651   Thumb Code    38  uart_polling.o(i.uart_put_string)
    Region$$Table$$Base                      0x100016cc   Number         0  anon$$obj.o(Region$$Table)
    Region$$Table$$Limit                     0x100016ec   Number         0  anon$$obj.o(Region$$Table)
    free_mem_head                            0x10004000   Data           4  k_mem.o(.data)
    mem_alloc_algo                           0x10004004   Data           4  k_mem.o(.data)
    mem_blk_size                             0x10004008   Data           4  k_mem.o(.data)
    tests_passed                             0x10004014   Data           4  main_svc.o(.data)
    total_tests                              0x10004018   Data           4  main_svc.o(.data)
    tests                                    0x1000401c   Data          28  main_svc.o(.data)
    __libspace_start                         0x10004038   Data          96  libspace.o(.bss)
    __temporary_stack_top$libspace           0x10004098   Data           0  libspace.o(.bss)
    Image$$RW_IRAM1$$ZI$$Limit               0x10004498   Number         0  anon$$obj.o ABSOLUTE



==============================================================================

Memory Map of the image

  Image Entry point : 0x100000cd

  Load Region LR_IROM1 (Base: 0x10000000, Size: 0x00001724, Max: 0x00004000, ABSOLUTE)

    Execution Region ER_IROM1 (Exec base: 0x10000000, Load base: 0x10000000, Size: 0x000016ec, Max: 0x00004000, ABSOLUTE)

    Exec Addr    Load Addr    Size         Type   Attr      Idx    E Section Name        Object

    0x10000000   0x10000000   0x000000cc   Data   RO          312    RESET               startup_lpc17xx.o
    0x100000cc   0x100000cc   0x00000008   Code   RO          424  * !!!main             c_w.l(__main.o)
    0x100000d4   0x100000d4   0x00000034   Code   RO          637    !!!scatter          c_w.l(__scatter.o)
    0x10000108   0x10000108   0x0000001a   Code   RO          639    !!handler_copy      c_w.l(__scatter_copy.o)
    0x10000122   0x10000122   0x00000002   PAD
    0x10000124   0x10000124   0x0000001c   Code   RO          641    !!handler_zi        c_w.l(__scatter_zi.o)
    0x10000140   0x10000140   0x00000002   Code   RO          576    .ARM.Collect$$libinit$$00000000  c_w.l(libinit.o)
    0x10000142   0x10000142   0x00000000   Code   RO          463    .ARM.Collect$$libinit$$00000002  c_w.l(libinit2.o)
    0x10000142   0x10000142   0x00000000   Code   RO          465    .ARM.Collect$$libinit$$00000004  c_w.l(libinit2.o)
    0x10000142   0x10000142   0x00000008   Code   RO          466    .ARM.Collect$$libinit$$00000005  c_w.l(libinit2.o)
    0x1000014a   0x1000014a   0x00000000   Code   RO          468    .ARM.Collect$$libinit$$0000000A  c_w.l(libinit2.o)
    0x1000014a   0x1000014a   0x00000000   Code   RO          470    .ARM.Collect$$libinit$$0000000C  c_w.l(libinit2.o)
    0x1000014a   0x1000014a   0x00000000   Code   RO          472    .ARM.Collect$$libinit$$0000000E  c_w.l(libinit2.o)
    0x1000014a   0x1000014a   0x00000000   Code   RO          475    .ARM.Collect$$libinit$$00000011  c_w.l(libinit2.o)
    0x1000014a   0x1000014a   0x00000000   Code   RO          477    .ARM.Collect$$libinit$$00000013  c_w.l(libinit2.o)
    0x1000014a   0x1000014a   0x00000000   Code   RO          479    .ARM.Collect$$libinit$$00000015  c_w.l(libinit2.o)
    0x1000014a   0x1000014a   0x00000000   Code   RO          481    .ARM.Collect$$libinit$$00000017  c_w.l(libinit2.o)
    0x1000014a   0x1000014a   0x00000000   Code   RO          483    .ARM.Collect$$libinit$$00000019  c_w.l(libinit2.o)
    0x1000014a   0x1000014a   0x00000000   Code   RO          485    .ARM.Collect$$libinit$$0000001B  c_w.l(libinit2.o)
    0x1000014a   0x1000014a   0x00000000   Code   RO          487    .ARM.Collect$$libinit$$0000001D  c_w.l(libinit2.o)
    0x1000014a   0x1000014a   0x00000000   Code   RO          489    .ARM.Collect$$libinit$$0000001F  c_w.l(libinit2.o)
    0x1000014a   0x1000014a   0x00000000   Code   RO          491    .ARM.Collect$$libinit$$00000021  c_w.l(libinit2.o)
    0x1000014a   0x1000014a   0x00000000   Code   RO          493    .ARM.Collect$$libinit$$00000023  c_w.l(libinit2.o)
    0x1000014a   0x1000014a   0x00000000   Code   RO          495    .ARM.Collect$$libinit$$00000025  c_w.l(libinit2.o)
    0x1000014a   0x1000014a   0x00000000   Code   RO          499    .ARM.Collect$$libinit$$0000002C  c_w.l(libinit2.o)
    0x1000014a   0x1000014a   0x00000000   Code   RO          501    .ARM.Collect$$libinit$$0000002E  c_w.l(libinit2.o)
    0x1000014a   0x1000014a   0x00000000   Code   RO          503    .ARM.Collect$$libinit$$00000030  c_w.l(libinit2.o)
    0x1000014a   0x1000014a   0x00000000   Code   RO          505    .ARM.Collect$$libinit$$00000032  c_w.l(libinit2.o)
    0x1000014a   0x1000014a   0x00000002   Code   RO          506    .ARM.Collect$$libinit$$00000033  c_w.l(libinit2.o)
    0x1000014c   0x1000014c   0x00000002   Code   RO          634    .ARM.Collect$$libshutdown$$00000000  c_w.l(libshutdown.o)
    0x1000014e   0x1000014e   0x00000000   Code   RO          592    .ARM.Collect$$libshutdown$$00000002  c_w.l(libshutdown2.o)
    0x1000014e   0x1000014e   0x00000000   Code   RO          594    .ARM.Collect$$libshutdown$$00000004  c_w.l(libshutdown2.o)
    0x1000014e   0x1000014e   0x00000000   Code   RO          597    .ARM.Collect$$libshutdown$$00000007  c_w.l(libshutdown2.o)
    0x1000014e   0x1000014e   0x00000000   Code   RO          600    .ARM.Collect$$libshutdown$$0000000A  c_w.l(libshutdown2.o)
    0x1000014e   0x1000014e   0x00000000   Code   RO          602    .ARM.Collect$$libshutdown$$0000000C  c_w.l(libshutdown2.o)
    0x1000014e   0x1000014e   0x00000000   Code   RO          605    .ARM.Collect$$libshutdown$$0000000F  c_w.l(libshutdown2.o)
    0x1000014e   0x1000014e   0x00000002   Code   RO          606    .ARM.Collect$$libshutdown$$00000010  c_w.l(libshutdown2.o)
    0x10000150   0x10000150   0x00000000   Code   RO          428    .ARM.Collect$$rtentry$$00000000  c_w.l(__rtentry.o)
    0x10000150   0x10000150   0x00000000   Code   RO          513    .ARM.Collect$$rtentry$$00000002  c_w.l(__rtentry2.o)
    0x10000150   0x10000150   0x00000006   Code   RO          525    .ARM.Collect$$rtentry$$00000004  c_w.l(__rtentry4.o)
    0x10000156   0x10000156   0x00000000   Code   RO          515    .ARM.Collect$$rtentry$$00000009  c_w.l(__rtentry2.o)
    0x10000156   0x10000156   0x00000004   Code   RO          516    .ARM.Collect$$rtentry$$0000000A  c_w.l(__rtentry2.o)
    0x1000015a   0x1000015a   0x00000000   Code   RO          518    .ARM.Collect$$rtentry$$0000000C  c_w.l(__rtentry2.o)
    0x1000015a   0x1000015a   0x00000008   Code   RO          519    .ARM.Collect$$rtentry$$0000000D  c_w.l(__rtentry2.o)
    0x10000162   0x10000162   0x00000002   Code   RO          579    .ARM.Collect$$rtexit$$00000000  c_w.l(rtexit.o)
    0x10000164   0x10000164   0x00000000   Code   RO          610    .ARM.Collect$$rtexit$$00000002  c_w.l(rtexit2.o)
    0x10000164   0x10000164   0x00000004   Code   RO          611    .ARM.Collect$$rtexit$$00000003  c_w.l(rtexit2.o)
    0x10000168   0x10000168   0x00000006   Code   RO          612    .ARM.Collect$$rtexit$$00000004  c_w.l(rtexit2.o)
    0x1000016e   0x1000016e   0x00000002   PAD
    0x10000170   0x10000170   0x00000032   Code   RO            1    .emb_text           hal.o
    0x100001a2   0x100001a2   0x00000002   PAD
    0x100001a4   0x100001a4   0x00000000   Code   RO          531    .emb_text           c_w.l(maybetermalloc1.o)
    0x100001a4   0x100001a4   0x0000003c   Code   RO          314    .text               startup_lpc17xx.o
    0x100001e0   0x100001e0   0x0000005e   Code   RO          362    .text               c_w.l(h1_alloc.o)
    0x1000023e   0x1000023e   0x0000004e   Code   RO          364    .text               c_w.l(h1_free.o)
    0x1000028c   0x1000028c   0x00000006   Code   RO          422    .text               c_w.l(heapauxi.o)
    0x10000292   0x10000292   0x00000002   PAD
    0x10000294   0x10000294   0x00000008   Code   RO          436    .text               c_w.l(rt_heap_descriptor_intlibspace.o)
    0x1000029c   0x1000029c   0x00000004   Code   RO          438    .text               c_w.l(hguard.o)
    0x100002a0   0x100002a0   0x0000008a   Code   RO          440    .text               c_w.l(init_alloc.o)
    0x1000032a   0x1000032a   0x0000000e   Code   RO          444    .text               c_w.l(h1_init.o)
    0x10000338   0x10000338   0x00000008   Code   RO          509    .text               c_w.l(libspace.o)
    0x10000340   0x10000340   0x00000034   Code   RO          533    .text               c_w.l(h1_extend.o)
    0x10000374   0x10000374   0x0000000e   Code   RO          537    .text               c_w.l(defsig_rtmem_outer.o)
    0x10000382   0x10000382   0x00000002   Code   RO          548    .text               c_w.l(use_no_semi.o)
    0x10000384   0x10000384   0x00000000   Code   RO          550    .text               c_w.l(indicate_semi.o)
    0x10000384   0x10000384   0x0000004a   Code   RO          551    .text               c_w.l(sys_stackheap_outer.o)
    0x100003ce   0x100003ce   0x00000012   Code   RO          557    .text               c_w.l(exit.o)
    0x100003e0   0x100003e0   0x0000000a   Code   RO          559    .text               c_w.l(defsig_exit.o)
    0x100003ea   0x100003ea   0x00000002   PAD
    0x100003ec   0x100003ec   0x00000050   Code   RO          565    .text               c_w.l(defsig_rtmem_inner.o)
    0x1000043c   0x1000043c   0x0000000c   Code   RO          577    .text               c_w.l(sys_exit.o)
    0x10000448   0x10000448   0x00000032   Code   RO          587    .text               c_w.l(defsig_general.o)
    0x1000047a   0x1000047a   0x0000000e   Code   RO          607    .text               c_w.l(sys_wrch.o)
    0x10000488   0x10000488   0x00000140   Code   RO          324    i.SystemInit        system_lpc17xx.o
    0x100005c8   0x100005c8   0x00000032   Code   RO           99    i.a2d               printf.o
    0x100005fa   0x100005fa   0x0000003a   Code   RO          100    i.a2i               printf.o
    0x10000634   0x10000634   0x0000008c   Code   RO          238    i.coalescingTest    main_svc.o
    0x100006c0   0x100006c0   0x00000074   Code   RO          239    i.completeMemoryUsageTest  main_svc.o
    0x10000734   0x10000734   0x000000ac   Code   RO          240    i.externalFragmentationTest  main_svc.o
    0x100007e0   0x100007e0   0x00000024   Code   RO           17    i.first_fit_count_extfrag  k_mem.o
    0x10000804   0x10000804   0x0000032c   Code   RO           18    i.first_fit_mem_alloc  k_mem.o
    0x10000b30   0x10000b30   0x000000a0   Code   RO           19    i.first_fit_mem_dealloc  k_mem.o
    0x10000bd0   0x10000bd0   0x0000016c   Code   RO           20    i.first_fit_mem_init  k_mem.o
    0x10000d3c   0x10000d3c   0x00000020   Code   RO          101    i.i2a               printf.o
    0x10000d5c   0x10000d5c   0x00000014   Code   RO          102    i.init_printf       printf.o
    0x10000d70   0x10000d70   0x0000002c   Code   RO          241    i.invalidArgs_memalloc_test  main_svc.o
    0x10000d9c   0x10000d9c   0x0000001c   Code   RO          242    i.invalidArgs_memcountextfrag_test  main_svc.o
    0x10000db8   0x10000db8   0x00000038   Code   RO          243    i.invalidArgs_memdealloc_test  main_svc.o
    0x10000df0   0x10000df0   0x00000058   Code   RO           21    i.k_mem_alloc       k_mem.o
    0x10000e48   0x10000e48   0x0000004c   Code   RO           22    i.k_mem_count_extfrag  k_mem.o
    0x10000e94   0x10000e94   0x00000044   Code   RO           23    i.k_mem_dealloc     k_mem.o
    0x10000ed8   0x10000ed8   0x000000c8   Code   RO           24    i.k_mem_init        k_mem.o
    0x10000fa0   0x10000fa0   0x000002a8   Code   RO          244    i.main              main_svc.o
    0x10001248   0x10001248   0x000000a0   Code   RO           25    i.print_linked_list  k_mem.o
    0x100012e8   0x100012e8   0x00000044   Code   RO          164    i.putc              uart_polling.o
    0x1000132c   0x1000132c   0x00000052   Code   RO          103    i.putchw            printf.o
    0x1000137e   0x1000137e   0x00000002   PAD
    0x10001380   0x10001380   0x000000dc   Code   RO          245    i.splitMergeTest    main_svc.o
    0x1000145c   0x1000145c   0x00000128   Code   RO          105    i.tfp_format        printf.o
    0x10001584   0x10001584   0x0000002c   Code   RO          106    i.tfp_printf        printf.o
    0x100015b0   0x100015b0   0x0000006c   Code   RO          166    i.uart_init         uart_polling.o
    0x1000161c   0x1000161c   0x00000034   Code   RO          167    i.uart_put_char     uart_polling.o
    0x10001650   0x10001650   0x00000026   Code   RO          168    i.uart_put_string   uart_polling.o
    0x10001676   0x10001676   0x00000056   Code   RO          108    i.ui2a              printf.o
    0x100016cc   0x100016cc   0x00000020   Data   RO          635    Region$$Table       anon$$obj.o


    Execution Region RW_IRAM1 (Exec base: 0x10004000, Load base: 0x100016ec, Size: 0x00000498, Max: 0x00004000, ABSOLUTE)

    Exec Addr    Load Addr    Size         Type   Attr      Idx    E Section Name        Object

    0x10004000   0x100016ec   0x0000000c   Data   RW           26    .data               k_mem.o
    0x1000400c   0x100016f8   0x00000008   Data   RW          109    .data               printf.o
    0x10004014   0x10001700   0x00000024   Data   RW          246    .data               main_svc.o
    0x10004038        -       0x00000060   Zero   RW          510    .bss                c_w.l(libspace.o)
    0x10004098        -       0x00000000   Zero   RW          311    HEAP                startup_lpc17xx.o
    0x10004098        -       0x00000400   Zero   RW          310    STACK               startup_lpc17xx.o



  Load Region LR$$.ARM.__at_0x02FC (Base: 0x000002fc, Size: 0x00000004, Max: 0x00000004, ABSOLUTE)

    Execution Region ER$$.ARM.__at_0x02FC (Exec base: 0x000002fc, Load base: 0x000002fc, Size: 0x00000004, Max: 0x00000004, ABSOLUTE, UNINIT)

    Exec Addr    Load Addr    Size         Type   Attr      Idx    E Section Name        Object

    0x000002fc   0x000002fc   0x00000004   Code   RO          313    .ARM.__at_0x02FC    startup_lpc17xx.o


==============================================================================

Image component sizes


      Code (inc. data)   RO Data    RW Data    ZI Data      Debug   Object Name

        50          0          0          0          0       2668   hal.o
      1964       1142          0         12          0       9783   k_mem.o
      1456        600          0         36          0      10105   main_svc.o
       668         20          0          8          0       5252   printf.o
        64         26        204          0       1024        972   startup_lpc17xx.o
       320         18          0          0          0        561   system_lpc17xx.o
       266         62          0          0          0      19381   uart_polling.o

    ----------------------------------------------------------------------
      4792       1868        236         56       1024      48722   Object Totals
         0          0         32          0          0          0   (incl. Generated)
         4          0          0          0          0          0   (incl. Padding)

    ----------------------------------------------------------------------

      Code (inc. data)   RO Data    RW Data    ZI Data      Debug   Library Member Name

         8          0          0          0          0         68   __main.o
         0          0          0          0          0          0   __rtentry.o
        12          0          0          0          0          0   __rtentry2.o
         6          0          0          0          0          0   __rtentry4.o
        52          8          0          0          0          0   __scatter.o
        26          0          0          0          0          0   __scatter_copy.o
        28          0          0          0          0          0   __scatter_zi.o
        10          0          0          0          0         68   defsig_exit.o
        50          0          0          0          0         88   defsig_general.o
        80         58          0          0          0         76   defsig_rtmem_inner.o
        14          0          0          0          0         80   defsig_rtmem_outer.o
        18          0          0          0          0         80   exit.o
        94          0          0          0          0         80   h1_alloc.o
        52          0          0          0          0         68   h1_extend.o
        78          0          0          0          0         80   h1_free.o
        14          0          0          0          0         84   h1_init.o
         6          0          0          0          0        152   heapauxi.o
         4          0          0          0          0        136   hguard.o
         0          0          0          0          0          0   indicate_semi.o
       138          0          0          0          0        168   init_alloc.o
         2          0          0          0          0          0   libinit.o
        10          0          0          0          0          0   libinit2.o
         2          0          0          0          0          0   libshutdown.o
         2          0          0          0          0          0   libshutdown2.o
         8          4          0          0         96         68   libspace.o
         0          0          0          0          0          0   maybetermalloc1.o
         8          4          0          0          0         68   rt_heap_descriptor_intlibspace.o
         2          0          0          0          0          0   rtexit.o
        10          0          0          0          0          0   rtexit2.o
        12          4          0          0          0         68   sys_exit.o
        74          0          0          0          0         80   sys_stackheap_outer.o
        14          0          0          0          0         76   sys_wrch.o
         2          0          0          0          0         68   use_no_semi.o

    ----------------------------------------------------------------------
       844         78          0          0         96       1656   Library Totals
         8          0          0          0          0          0   (incl. Padding)

    ----------------------------------------------------------------------

      Code (inc. data)   RO Data    RW Data    ZI Data      Debug   Library Name

       836         78          0          0         96       1656   c_w.l

    ----------------------------------------------------------------------
       844         78          0          0         96       1656   Library Totals

    ----------------------------------------------------------------------

==============================================================================


      Code (inc. data)   RO Data    RW Data    ZI Data      Debug   

      5636       1946        236         56       1120      48086   Grand Totals
      5636       1946        236         56       1120      48086   ELF Image Totals
      5636       1946        236         56          0          0   ROM Totals

==============================================================================

    Total RO  Size (Code + RO Data)                 5872 (   5.73kB)
    Total RW  Size (RW Data + ZI Data)              1176 (   1.15kB)
    Total ROM Size (Code + RO Data + RW Data)       5928 (   5.79kB)

==============================================================================

