<html>
<body>
<pre>
<h1>µVision Build Log</h1>
<h2>Tool Versions:</h2>
IDE-Version: µVision V5.24.2.0
Copyright (C) 2017 ARM Ltd and ARM Germany GmbH. All rights reserved.
License Information: Eric Praetzel, ECE Dept, LIC=----
 
Tool Versions:
Toolchain:       MDK-Lite  Version: 5.24.1
Toolchain Path:  C:\Software\Keil_v5\ARM\ARMCC\Bin
C Compiler:      Armcc.exe V5.06 update 6 (build 750)
Assembler:       Armasm.exe V5.06 update 6 (build 750)
Linker/Locator:  ArmLink.exe V5.06 update 6 (build 750)
Library Manager: ArmAr.exe V5.06 update 6 (build 750)
Hex Converter:   FromElf.exe V5.06 update 6 (build 750)
CPU DLL:         SARMCM3.DLL V5.24.1
Dialog DLL:      DARMP1.DLL V1.27.0.0
Target DLL:      UL2CM3.DLL V1.160.3.0
Dialog DLL:      TARMP1.DLL V1.26.0.0
 
<h2>Project:</h2>
N:\ece350\Lab3withTimer\Lab3withTimer\Context_Switching_UART0_IRQ_RUNNING\SVC.uvprojx
Project File Date:  11/25/2020

<h2>Output:</h2>
*** Using Compiler 'V5.06 update 6 (build 750)', folder: 'C:\Software\Keil_v5\ARM\ARMCC\Bin'
Rebuild target 'CS RAM'
compiling k_mem.c...
src\k_mem.c(535): warning:  #1-D: last line of file ends without a newline
  }
src\k_mem.c: 1 warning, 0 errors
compiling HAL.c...
src\HAL.c(101): warning:  #1-D: last line of file ends without a newline
  }
src\HAL.c(45): warning: A1865W: '#' not seen before constant expression
src\HAL.c: 1 warning, 0 errors
compiling uart_irq.c...
compiling k_msg.c...
src\k_msg.c(211): warning:  #177-D: variable "ptr"  was declared but never referenced
  		void* ptr=buf;
src\k_msg.c(212): warning:  #177-D: variable "save_sender"  was declared but never referenced
  		task_t *save_sender = sender_tid;
src\k_msg.c: 2 warnings, 0 errors
compiling circular_buffer.c...
compiling k_rtx_init.c...
src\timer.h(16): warning:  #1295-D: Deprecated declaration start_timer1 - give arg types
  extern void start_timer1();
src\timer.h(17): warning:  #1295-D: Deprecated declaration get_timer1 - give arg types
  void get_timer1();
src\timer.h(18): warning:  #1295-D: Deprecated declaration end_timer1 - give arg types
  void end_timer1();
src\k_rtx_init.c: 3 warnings, 0 errors
compiling linked_list.c...
compiling k_task.c...
src\k_task.c(425): warning:  #186-D: pointless comparison of unsigned integer with zero
      } else if (!(prio >= 0 && prio <= 4)) {
src\k_task.c(573): warning:  #186-D: pointless comparison of unsigned integer with zero
      } else if (!(prio >= 0 && prio <= 4)) {
src\k_task.c(588): warning:  #186-D: pointless comparison of unsigned integer with zero
      if (task_id >= MAX_TASKS || task_id < 0) {
src\k_task.c(683): warning:  #186-D: pointless comparison of unsigned integer with zero
      if (task_id >= MAX_TASKS || task_id < 0) {
src\k_task.c: 4 warnings, 0 errors
compiling k_time.c...
src\k_time.c(22): warning:  #177-D: variable "end_addr"  was declared but never referenced
      U32 end_addr;
src\k_time.c: 1 warning, 0 errors
compiling timer.c...
src\timer.h(16): warning:  #1295-D: Deprecated declaration start_timer1 - give arg types
  extern void start_timer1();
src\timer.h(17): warning:  #1295-D: Deprecated declaration get_timer1 - give arg types
  void get_timer1();
src\timer.h(18): warning:  #1295-D: Deprecated declaration end_timer1 - give arg types
  void end_timer1();
src\timer.c: 3 warnings, 0 errors
compiling priv_tasks.c...
src\priv_tasks.c(98): warning:  #1-D: last line of file ends without a newline
  }
src\priv_tasks.c: 1 warning, 0 errors
compiling lcd_task.c...
src\lcd_task.c(42): warning:  #1-D: last line of file ends without a newline
  }
src\lcd_task.c: 1 warning, 0 errors
compiling printf.c...
compiling main_svc.c...
src\timer.h(16): warning:  #1295-D: Deprecated declaration start_timer1 - give arg types
  extern void start_timer1();
src\timer.h(17): warning:  #1295-D: Deprecated declaration get_timer1 - give arg types
  void get_timer1();
src\timer.h(18): warning:  #1295-D: Deprecated declaration end_timer1 - give arg types
  void end_timer1();
src\main_svc.c: 3 warnings, 0 errors
compiling kcd_task.c...
src\kcd_task.h(18): warning:  #1-D: last line of file ends without a newline
  #endif /* KCD_TASK_H */
src\kcd_task.c(248): warning:  #1-D: last line of file ends without a newline
  }
src\kcd_task.c: 2 warnings, 0 errors
compiling null_task.c...
compiling uart_polling.c...
compiling usr_tasks.c...
src\usr_tasks.c(101): warning:  #177-D: variable "sender_tid"  was declared but never referenced
      task_t sender_tid = 0;
src\usr_tasks.c(134): warning:  #177-D: variable "sender_tid"  was declared but never referenced
      task_t sender_tid = 0;
src\usr_tasks.c(166): warning:  #177-D: variable "msg_hdr_size"  was declared but never referenced
      size_t msg_hdr_size = sizeof(struct rtx_msg_hdr);
src\usr_tasks.c: 3 warnings, 0 errors
assembling startup_LPC17xx.s...
compiling system_LPC17xx.c...
linking...
Program Size: Code=9208 RO-data=236 RW-data=64 ZI-data=10144  
".\Objects\RAM\SVC.axf" - 0 Error(s), 26 Warning(s).

<h2>Software Packages used:</h2>

Package Vendor: ARM
                http://www.keil.com/pack/ARM.CMSIS.5.4.0.pack
                ARM.CMSIS.5.4.0
                CMSIS (Cortex Microcontroller Software Interface Standard)
   * Component: CORE Version: 5.1.2

Package Vendor: Keil
                http://www.keil.com/pack/Keil.LPC1700_DFP.2.6.0.pack
                Keil.LPC1700_DFP.2.6.0
                NXP LPC1700 Series Device Support, Drivers and Examples for MCB1700 and LPC1788-32
   * Component: Startup Version: 1.0.0

<h2>Collection of Component include folders:</h2>
  .\RTE\Device\LPC1768
  .\RTE\_CS_RAM
  C:\Software\Keil_v5\ARM\PACK\ARM\CMSIS\5.4.0\CMSIS\Core\Include
  C:\Software\Keil_v5\ARM\PACK\Keil\LPC1700_DFP\2.6.0\Device\Include

<h2>Collection of Component Files used:</h2>

   * Component: Keil::Device:Startup:1.0.0
      Include file:  Device\Include\LPC17xx.h
      Include file:  RTE_Driver\Config\RTE_Device.h
      Source file:   Device\Source\ARM\startup_LPC17xx.s
      Source file:   Device\Source\system_LPC17xx.c

   * Component: ARM::CMSIS:CORE:5.1.2
Build Time Elapsed:  00:00:04
</pre>
</body>
</html>
