<html>
<body>
<pre>
<h1>µVision Build Log</h1>
<h2>Tool Versions:</h2>
IDE-Version: µVision V5.31.0.0
Copyright (C) 2020 ARM Ltd and ARM Germany GmbH. All rights reserved.
License Information: Eric Praetzel, ECE Dept, LIC=----
 
Tool Versions:
Toolchain:       MDK-Lite  Version: 5.31.0.0
Toolchain Path:  C:\Software\Keil_v5\ARM\ARMCC\Bin
C Compiler:      Armcc.exe V5.06 update 6 (build 750)
Assembler:       Armasm.exe V5.06 update 6 (build 750)
Linker/Locator:  ArmLink.exe V5.06 update 6 (build 750)
Library Manager: ArmAr.exe V5.06 update 6 (build 750)
Hex Converter:   FromElf.exe V5.06 update 6 (build 750)
CPU DLL:         SARMCM3.DLL V5.31.0.0
Dialog DLL:      DARMP1.DLL V1.27.0.0
Target DLL:      UL2CM3.DLL V1.163.4.0
Dialog DLL:      TARMP1.DLL V1.26.0.0
 
<h2>Project:</h2>
N:\ECE350\ECE350\Context_Switching_UART0_IRQ\SVC.uvprojx
Project File Date:  11/03/2020

<h2>Output:</h2>
*** Using Compiler 'V5.06 update 6 (build 750)', folder: 'C:\Software\Keil_v5\ARM\ARMCC\Bin'
Rebuild target 'CS SIM'
compiling k_mem.c...
src\k_mem.c(507): warning:  #1-D: last line of file ends without a newline
  }
src\k_mem.c: 1 warning, 0 errors
compiling HAL.c...
src\HAL.c(91): warning: A1581W: Added 2 bytes of padding at address 0x62
compiling uart_irq.c...
compiling k_msg.c...
compiling k_rtx_init.c...
compiling circular_buffer.c...
compiling linked_list.c...
compiling lcd_task.c...
compiling priv_tasks.c...
src\priv_tasks.c(96): warning:  #1-D: last line of file ends without a newline
  }
src\priv_tasks.c: 1 warning, 0 errors
compiling k_task.c...
src\k_task.c(399): warning:  #186-D: pointless comparison of unsigned integer with zero
      } else if (!(prio >= 0 && prio <= 4)) {
src\k_task.c(539): warning:  #186-D: pointless comparison of unsigned integer with zero
      } else if (!(prio >= 0 && prio <= 4)) {
src\k_task.c(554): warning:  #186-D: pointless comparison of unsigned integer with zero
      if (task_id >= MAX_TASKS || task_id < 0) {
src\k_task.c(649): warning:  #186-D: pointless comparison of unsigned integer with zero
      if (task_id >= MAX_TASKS || task_id < 0) {
src\k_task.c: 4 warnings, 0 errors
compiling printf.c...
compiling main_svc.c...
compiling kcd_task.c...
compiling uart_polling.c...
compiling null_task.c...
assembling startup_LPC17xx.s...
compiling usr_tasks.c...
compiling system_LPC17xx.c...
linking...
Program Size: Code=10436 RO-data=700 RW-data=72 ZI-data=10656  
".\Objects\SIM\SVC.axf" - 0 Error(s), 7 Warning(s).

<h2>Software Packages used:</h2>

Package Vendor: ARM
                http://www.keil.com/pack/ARM.CMSIS.5.7.0.pack
                ARM.CMSIS.5.7.0
                CMSIS (Cortex Microcontroller Software Interface Standard)
   * Component: CORE Version: 5.4.0

Package Vendor: Keil
                http://www.keil.com/pack/Keil.LPC1700_DFP.2.6.0.pack
                Keil.LPC1700_DFP.2.6.0
                NXP LPC1700 Series Device Support, Drivers and Examples for MCB1700 and LPC1788-32
   * Component: Startup Version: 1.0.0

<h2>Collection of Component include folders:</h2>
  .\RTE\Device\LPC1768
  .\RTE\_CS_SIM
  C:\Software\Keil_v5\ARM\PACK\ARM\CMSIS\5.7.0\CMSIS\Core\Include
  C:\Software\Keil_v5\ARM\PACK\Keil\LPC1700_DFP\2.6.0\Device\Include

<h2>Collection of Component Files used:</h2>

   * Component: ARM::CMSIS:CORE:5.4.0

   * Component: Keil::Device:Startup:1.0.0
      Source file:   Device\Source\system_LPC17xx.c
      Include file:  RTE_Driver\Config\RTE_Device.h
      Include file:  Device\Include\LPC17xx.h
      Source file:   Device\Source\ARM\startup_LPC17xx.s
Build Time Elapsed:  00:00:03
</pre>
</body>
</html>
