<html>
<body>
<pre>
<h1>µVision Build Log</h1>
<h2>Tool Versions:</h2>
IDE-Version: µVision V5.31.0.0
Copyright (C) 2020 ARM Ltd and ARM Germany GmbH. All rights reserved.
License Information: Eric Praetzel, ECE Dept, LIC=----
 
Tool Versions:
Toolchain:       MDK-Lite  Version: 5.31.0.0
Toolchain Path:  C:\Software\Keil_v5\ARM\ARMCC\Bin
C Compiler:      Armcc.exe V5.06 update 6 (build 750)
Assembler:       Armasm.exe V5.06 update 6 (build 750)
Linker/Locator:  ArmLink.exe V5.06 update 6 (build 750)
Library Manager: ArmAr.exe V5.06 update 6 (build 750)
Hex Converter:   FromElf.exe V5.06 update 6 (build 750)
CPU DLL:         SARMCM3.DLL V5.31.0.0
Dialog DLL:      DARMP1.DLL V1.27.0.0
Target DLL:      UL2CM3.DLL V1.163.4.0
Dialog DLL:      TARMP1.DLL V1.26.0.0
 
<h2>Project:</h2>
N:\ECE350\ece350Master\ECE350\Context_Switching_UART0_IRQ_RUNNING\SVC.uvprojx
Project File Date:  11/05/2020

<h2>Output:</h2>
*** Using Compiler 'V5.06 update 6 (build 750)', folder: 'C:\Software\Keil_v5\ARM\ARMCC\Bin'
Build target 'CS SIM'
compiling kcd_task.c...
src\kcd_task.c(182): warning:  #177-D: variable "message"  was declared but never referenced
                  char *message = "Command cannot be processed."; 
src\kcd_task.c(81): warning:  #177-D: variable "temp"  was declared but never referenced
  		char *temp=&letter;
src\kcd_task.c(72): warning:  #177-D: variable "up_arrow"  was declared but never referenced
    U8 up_arrow[] = {0x1B, 0x41, '\n'};
src\kcd_task.c(73): warning:  #177-D: variable "down_arrow"  was declared but never referenced
    U8 down_arrow[] = {0x1B, 0x42, '\n'};
src\kcd_task.c(74): warning:  #177-D: variable "right_arrow"  was declared but never referenced
    U8 right_arrow[] = {0x1B, 0x43, '\n'};
src\kcd_task.c(75): warning:  #177-D: variable "left_arrow"  was declared but never referenced
    U8 left_arrow[] = {0x1B, 0x44, '\n'};
src\kcd_task.c: 6 warnings, 0 errors
linking...
Program Size: Code=12100 RO-data=700 RW-data=76 ZI-data=10788  
".\Objects\SIM\SVC.axf" - 0 Error(s), 6 Warning(s).

<h2>Software Packages used:</h2>

Package Vendor: ARM
                http://www.keil.com/pack/ARM.CMSIS.5.7.0.pack
                ARM.CMSIS.5.7.0
                CMSIS (Cortex Microcontroller Software Interface Standard)
   * Component: CORE Version: 5.4.0

Package Vendor: Keil
                http://www.keil.com/pack/Keil.LPC1700_DFP.2.6.0.pack
                Keil.LPC1700_DFP.2.6.0
                NXP LPC1700 Series Device Support, Drivers and Examples for MCB1700 and LPC1788-32
   * Component: Startup Version: 1.0.0

<h2>Collection of Component include folders:</h2>
  .\RTE\Device\LPC1768
  .\RTE\_CS_SIM
  C:\Software\Keil_v5\ARM\PACK\ARM\CMSIS\5.7.0\CMSIS\Core\Include
  C:\Software\Keil_v5\ARM\PACK\Keil\LPC1700_DFP\2.6.0\Device\Include

<h2>Collection of Component Files used:</h2>

   * Component: ARM::CMSIS:CORE:5.4.0

   * Component: Keil::Device:Startup:1.0.0
      Source file:   Device\Source\system_LPC17xx.c
      Include file:  RTE_Driver\Config\RTE_Device.h
      Source file:   Device\Source\ARM\startup_LPC17xx.s
      Include file:  Device\Include\LPC17xx.h
Build Time Elapsed:  00:00:01
</pre>
</body>
</html>
