<html>
<body>
<pre>
<h1>µVision Build Log</h1>
<h2>Tool Versions:</h2>
IDE-Version: µVision V5.31.0.0
Copyright (C) 2020 ARM Ltd and ARM Germany GmbH. All rights reserved.
License Information: Eric Praetzel, ECE Dept, LIC=----
 
Tool Versions:
Toolchain:       MDK-Lite  Version: 5.31.0.0
Toolchain Path:  C:\Software\Keil_v5\ARM\ARMCC\Bin
C Compiler:      Armcc.exe V5.06 update 6 (build 750)
Assembler:       Armasm.exe V5.06 update 6 (build 750)
Linker/Locator:  ArmLink.exe V5.06 update 6 (build 750)
Library Manager: ArmAr.exe V5.06 update 6 (build 750)
Hex Converter:   FromElf.exe V5.06 update 6 (build 750)
CPU DLL:         SARMCM3.DLL V5.31.0.0
Dialog DLL:      DARMP1.DLL V1.27.0.0
Target DLL:      UL2CM3.DLL V1.163.4.0
Dialog DLL:      TARMP1.DLL V1.26.0.0
 
<h2>Project:</h2>
N:\ECE350\lab4handin\ECE350\Real_Time_Services\SVC.uvprojx
Project File Date:  11/22/2020

<h2>Output:</h2>
*** Using Compiler 'V5.06 update 6 (build 750)', folder: 'C:\Software\Keil_v5\ARM\ARMCC\Bin'
Rebuild target 'CS RAM'
compiling k_mem.c...
src\k_mem.c(535): warning:  #1-D: last line of file ends without a newline
  }
src\k_mem.c: 1 warning, 0 errors
compiling HAL.c...
src\HAL.c(34): warning: A1865W: '#' not seen before constant expression
src\HAL.c(91): warning: A1581W: Added 2 bytes of padding at address 0x66
compiling uart_irq.c...
compiling k_msg.c...
src\k_msg.c(216): warning:  #177-D: variable "ptr"  was declared but never referenced
  		void* ptr=buf;
src\k_msg.c(217): warning:  #177-D: variable "save_sender"  was declared but never referenced
  		task_t *save_sender = sender_tid;
src\k_msg.c: 2 warnings, 0 errors
compiling circular_buffer.c...
compiling k_rtx_init.c...
src\timer.h(16): warning:  #1295-D: Deprecated declaration start_timer1 - give arg types
  extern void start_timer1();
src\timer.h(17): warning:  #1295-D: Deprecated declaration get_timer1 - give arg types
  int get_timer1();
src\timer.h(18): warning:  #1295-D: Deprecated declaration end_timer1 - give arg types
  int end_timer1();
src\k_rtx_init.c: 3 warnings, 0 errors
compiling linked_list.c...
src\linked_list.c(349): warning:  #1-D: last line of file ends without a newline
  }
src\linked_list.c: 1 warning, 0 errors
compiling k_time.c...
compiling k_task.c...
src\k_task.c(533): warning:  #186-D: pointless comparison of unsigned integer with zero
      } else if (!(prio >= 0 && prio <= 4)) {
src\k_task.c(682): warning:  #186-D: pointless comparison of unsigned integer with zero
      } else if (!(prio >= 0 && prio <= 4)) {
src\k_task.c(701): warning:  #186-D: pointless comparison of unsigned integer with zero
      if (task_id >= MAX_TASKS || task_id < 0) {
src\k_task.c(807): warning:  #186-D: pointless comparison of unsigned integer with zero
      if (task_id >= MAX_TASKS || task_id < 0) {
src\k_task.c: 4 warnings, 0 errors
compiling timeval.c...
src\timeval.c(66): warning:  #1-D: last line of file ends without a newline
  }
src\timeval.c: 1 warning, 0 errors
compiling timer.c...
src\timer.h(16): warning:  #1295-D: Deprecated declaration start_timer1 - give arg types
  extern void start_timer1();
src\timer.h(17): warning:  #1295-D: Deprecated declaration get_timer1 - give arg types
  int get_timer1();
src\timer.h(18): warning:  #1295-D: Deprecated declaration end_timer1 - give arg types
  int end_timer1();
src\wall_clock_task.h(13): warning:  #1295-D: Deprecated declaration send_time - give arg types
  void send_time();
src\wall_clock_task.h(15): warning:  #1-D: last line of file ends without a newline
  #endif /* WALL_CLOCK_TASK_H */
src\timer.c(214): warning:  #940-D: missing return statement at end of non-void function "get_timer1" 
  }
src\timer.c(225): warning:  #940-D: missing return statement at end of non-void function "end_timer1" 
  }
src\timer.c: 7 warnings, 0 errors
compiling wall_clock_task.c...
src\wall_clock_task.h(13): warning:  #1295-D: Deprecated declaration send_time - give arg types
  void send_time();
src\wall_clock_task.h(15): warning:  #1-D: last line of file ends without a newline
  #endif /* WALL_CLOCK_TASK_H */
src\wall_clock_task.c(123): warning:  #1-D: last line of file ends without a newline
  }
src\wall_clock_task.c(54): warning:  #177-D: variable "digits"  was declared but never referenced
      char digits[] = {'0', '1', '2', '3', '4', '5', '6', '7', '8', '9'};
src\wall_clock_task.c(55): warning:  #177-D: variable "pTimer"  was declared but never referenced
      LPC_TIM_TypeDef *pTimer;
src\wall_clock_task.c: 5 warnings, 0 errors
compiling lcd_task.c...
compiling priv_tasks.c...
src\priv_tasks.c(39): warning:  #177-D: variable "x"  was declared but never referenced
      long int x = 0;
src\priv_tasks.c(96): warning:  #1-D: last line of file ends without a newline
  }
src\priv_tasks.c(70): warning:  #177-D: variable "x"  was declared but never referenced
      long int x = 0;
src\priv_tasks.c: 3 warnings, 0 errors
compiling printf.c...
compiling kcd_task.c...
src\kcd_task.c(72): warning:  #177-D: variable "up_arrow"  was declared but never referenced
    U8 up_arrow[] = {0x1B, 0x41, '\n'};
src\kcd_task.c(73): warning:  #177-D: variable "down_arrow"  was declared but never referenced
    U8 down_arrow[] = {0x1B, 0x42, '\n'};
src\kcd_task.c(74): warning:  #177-D: variable "right_arrow"  was declared but never referenced
    U8 right_arrow[] = {0x1B, 0x43, '\n'};
src\kcd_task.c(75): warning:  #177-D: variable "left_arrow"  was declared but never referenced
    U8 left_arrow[] = {0x1B, 0x44, '\n'};
src\kcd_task.c: 4 warnings, 0 errors
compiling main_svc.c...
compiling uart_polling.c...
compiling null_task.c...
compiling usr_tasks.c...
src\usr_tasks.c(110): warning:  #177-D: variable "sender_tid"  was declared but never referenced
      task_t sender_tid = 0;
src\usr_tasks.c(143): warning:  #177-D: variable "sender_tid"  was declared but never referenced
      task_t sender_tid = 0;
src\usr_tasks.c(175): warning:  #177-D: variable "msg_hdr_size"  was declared but never referenced
      size_t msg_hdr_size = sizeof(struct rtx_msg_hdr);
src\usr_tasks.c: 3 warnings, 0 errors
assembling startup_LPC17xx.s...
compiling system_LPC17xx.c...
linking...
Program Size: Code=10648 RO-data=236 RW-data=88 ZI-data=10960  
".\Objects\RAM\SVC.axf" - 0 Error(s), 36 Warning(s).

<h2>Software Packages used:</h2>

Package Vendor: ARM
                http://www.keil.com/pack/ARM.CMSIS.5.7.0.pack
                ARM.CMSIS.5.7.0
                CMSIS (Cortex Microcontroller Software Interface Standard)
   * Component: CORE Version: 5.4.0

Package Vendor: Keil
                http://www.keil.com/pack/Keil.LPC1700_DFP.2.6.0.pack
                Keil.LPC1700_DFP.2.6.0
                NXP LPC1700 Series Device Support, Drivers and Examples for MCB1700 and LPC1788-32
   * Component: Startup Version: 1.0.0

<h2>Collection of Component include folders:</h2>
  .\RTE\Device\LPC1768
  .\RTE\_CS_RAM
  C:\Software\Keil_v5\ARM\PACK\ARM\CMSIS\5.7.0\CMSIS\Core\Include
  C:\Software\Keil_v5\ARM\PACK\Keil\LPC1700_DFP\2.6.0\Device\Include

<h2>Collection of Component Files used:</h2>

   * Component: ARM::CMSIS:CORE:5.4.0

   * Component: Keil::Device:Startup:1.0.0
      Source file:   Device\Source\ARM\startup_LPC17xx.s
      Source file:   Device\Source\system_LPC17xx.c
      Include file:  Device\Include\LPC17xx.h
      Include file:  RTE_Driver\Config\RTE_Device.h
Build Time Elapsed:  00:00:04
</pre>
</body>
</html>
