Component: ARM Compiler 5.06 update 6 (build 750) Tool: armlink [4d35ed]

==============================================================================

Section Cross References

    uart_irq.o(.emb_text) refers to uart_irq.o(i.c_UART0_IRQHandler) for c_UART0_IRQHandler
    uart_irq.o(.emb_text) refers to k_task.o(i.k_tsk_yield) for k_tsk_yield
    uart_irq.o(.emb_text) refers to k_task.o(.data) for g_switch_flag
    uart_irq.o(i.c_UART0_IRQHandler) refers to uart_polling.o(i.uart_put_string) for uart_put_string
    uart_irq.o(i.c_UART0_IRQHandler) refers to uart_polling.o(i.uart_put_char) for uart_put_char
    uart_irq.o(i.c_UART0_IRQHandler) refers to k_msg.o(i.k_send_msg) for k_send_msg
    uart_irq.o(i.c_UART0_IRQHandler) refers to printf.o(i.tfp_printf) for tfp_printf
    uart_irq.o(i.c_UART0_IRQHandler) refers to uart_irq.o(.data) for g_char_in
    uart_irq.o(i.c_UART0_IRQHandler) refers to k_task.o(.data) for g_switch_flag
    uart_irq.o(i.c_UART0_IRQHandler) refers to lcd_task.o(.data) for TX_buffer
    uart_irq.o(i.uart_irq_init) refers to uart_irq.o(i.__NVIC_EnableIRQ) for __NVIC_EnableIRQ
    hal.o(.emb_text) refers to k_task.o(.data) for gp_current_task
    k_mem.o(i.first_fit_count_extfrag) refers to k_mem.o(.data) for free_mem_head
    k_mem.o(i.first_fit_mem_alloc) refers to k_mem.o(i.print_linked_list) for print_linked_list
    k_mem.o(i.first_fit_mem_alloc) refers to k_mem.o(.data) for free_mem_head
    k_mem.o(i.first_fit_mem_alloc) refers to k_task.o(.data) for gp_current_task
    k_mem.o(i.first_fit_mem_dealloc) refers to k_mem.o(i.print_linked_list) for print_linked_list
    k_mem.o(i.first_fit_mem_dealloc) refers to k_mem.o(.data) for free_mem_head
    k_mem.o(i.first_fit_mem_dealloc) refers to k_task.o(.data) for gp_current_task
    k_mem.o(i.first_fit_mem_init) refers to k_mem.o(.data) for free_mem_head
    k_mem.o(i.k_mem_alloc) refers to k_mem.o(i.first_fit_mem_alloc) for first_fit_mem_alloc
    k_mem.o(i.k_mem_alloc) refers to k_mem.o(.data) for mem_init_status
    k_mem.o(i.k_mem_count_extfrag) refers to k_mem.o(i.first_fit_count_extfrag) for first_fit_count_extfrag
    k_mem.o(i.k_mem_count_extfrag) refers to k_mem.o(.data) for mem_init_status
    k_mem.o(i.k_mem_dealloc) refers to k_mem.o(i.first_fit_mem_dealloc) for first_fit_mem_dealloc
    k_mem.o(i.k_mem_dealloc) refers to k_mem.o(.data) for mem_init_status
    k_mem.o(i.k_mem_init) refers to k_mem.o(i.first_fit_mem_init) for first_fit_mem_init
    k_mem.o(i.k_mem_init) refers to k_mem.o(.data) for mem_init_status
    k_msg.o(i.k_mbx_create) refers to k_mem.o(i.k_mem_alloc) for k_mem_alloc
    k_msg.o(i.k_mbx_create) refers to circular_buffer.o(i.circular_buffer_init) for circular_buffer_init
    k_msg.o(i.k_mbx_create) refers to k_task.o(.data) for gp_current_task
    k_msg.o(i.k_mbx_ls) refers to k_task.o(.bss) for g_tcbs
    k_msg.o(i.k_recv_msg) refers to k_task.o(i.k_tsk_yield) for k_tsk_yield
    k_msg.o(i.k_recv_msg) refers to circular_buffer.o(i.is_circ_buf_empty) for is_circ_buf_empty
    k_msg.o(i.k_recv_msg) refers to circular_buffer.o(i.dequeue_msg) for dequeue_msg
    k_msg.o(i.k_recv_msg) refers to linked_list.o(i.pop_tid) for pop_tid
    k_msg.o(i.k_recv_msg) refers to k_mem.o(i.k_mem_dealloc) for k_mem_dealloc
    k_msg.o(i.k_recv_msg) refers to k_task.o(.data) for gp_current_task
    k_msg.o(i.k_recv_msg) refers to k_task.o(.bss) for kernal_task
    k_msg.o(i.k_send_msg) refers to linked_list.o(i.tid_is_available) for tid_is_available
    k_msg.o(i.k_send_msg) refers to circular_buffer.o(i.is_circ_buf_full) for is_circ_buf_full
    k_msg.o(i.k_send_msg) refers to linked_list.o(i.push) for push
    k_msg.o(i.k_send_msg) refers to circular_buffer.o(i.enqueue_msg) for enqueue_msg
    k_msg.o(i.k_send_msg) refers to k_mem.o(i.k_mem_alloc) for k_mem_alloc
    k_msg.o(i.k_send_msg) refers to linked_list.o(i.push_tid) for push_tid
    k_msg.o(i.k_send_msg) refers to k_task.o(i.k_tsk_yield) for k_tsk_yield
    k_msg.o(i.k_send_msg) refers to k_task.o(.data) for free_tid_head
    k_msg.o(i.k_send_msg) refers to k_task.o(.bss) for g_tcbs
    k_rtx_init.o(i.k_rtx_init) refers to uart_irq.o(i.uart_irq_init) for uart_irq_init
    k_rtx_init.o(i.k_rtx_init) refers to k_mem.o(i.k_mem_init) for k_mem_init
    k_rtx_init.o(i.k_rtx_init) refers to k_task.o(i.k_tsk_init) for k_tsk_init
    k_rtx_init.o(i.k_rtx_init) refers to k_task.o(i.k_tsk_yield) for k_tsk_yield
    k_task.o(i.alloc_user_stack) refers to k_mem.o(i.k_mem_alloc) for k_mem_alloc
    k_task.o(i.dealloc_user_stack) refers to k_mem.o(i.k_mem_dealloc) for k_mem_dealloc
    k_task.o(i.dummy_scheduler) refers to linked_list.o(i.is_empty) for is_empty
    k_task.o(i.dummy_scheduler) refers to linked_list.o(i.pop) for pop
    k_task.o(i.dummy_scheduler) refers to linked_list.o(i.push) for push
    k_task.o(i.dummy_scheduler) refers to linked_list.o(i.pop_task_by_id) for pop_task_by_id
    k_task.o(i.dummy_scheduler) refers to k_task.o(.data) for ready_queue_head
[...]
    k_task.o(i.k_tsk_exit) refers to linked_list.o(i.push_tid) for push_tid
    k_task.o(i.k_tsk_exit) refers to k_task.o(i.k_tsk_yield) for k_tsk_yield
    k_task.o(i.k_tsk_exit) refers to k_task.o(.data) for gp_current_task
    k_task.o(i.k_tsk_exit) refers to k_task.o(.bss) for kernal_task
    k_task.o(i.k_tsk_get) refers to linked_list.o(i.tid_is_available) for tid_is_available
    k_task.o(i.k_tsk_get) refers to k_task.o(.data) for free_tid_head
    k_task.o(i.k_tsk_get) refers to k_task.o(.bss) for g_tcbs
    k_task.o(i.k_tsk_init) refers to k_task.o(i.alloc_user_stack) for alloc_user_stack
    k_task.o(i.k_tsk_init) refers to linked_list.o(i.push) for push
    k_task.o(i.k_tsk_init) refers to k_mem.o(i.k_mem_alloc) for k_mem_alloc
    k_task.o(i.k_tsk_init) refers to linked_list.o(i.push_tid) for push_tid
    k_task.o(i.k_tsk_init) refers to linked_list.o(i.print_free_tids) for print_free_tids
    k_task.o(i.k_tsk_init) refers to linked_list.o(i.print_prio_queue) for print_prio_queue
    k_task.o(i.k_tsk_init) refers to k_task.o(.data) for gp_current_task
    k_task.o(i.k_tsk_init) refers to k_task.o(.bss) for kernal_task
    k_task.o(i.k_tsk_init) refers to kcd_task.o(i.kcd_task) for kcd_task
    k_task.o(i.k_tsk_init) refers to lcd_task.o(i.lcd_task) for lcd_task
    k_task.o(i.k_tsk_init) refers to null_task.o(i.null_task) for null_task
    k_task.o(i.k_tsk_init) refers to k_task.o(i.null_task_func) for null_task_func
    k_task.o(i.k_tsk_ls) refers to k_task.o(.bss) for g_tcbs
    k_task.o(i.k_tsk_set_prio) refers to linked_list.o(i.pop_task_by_id) for pop_task_by_id
    k_task.o(i.k_tsk_set_prio) refers to linked_list.o(i.push) for push
    k_task.o(i.k_tsk_set_prio) refers to k_task.o(i.task_switch) for task_switch
    k_task.o(i.k_tsk_set_prio) refers to k_task.o(i.k_tsk_yield) for k_tsk_yield
    k_task.o(i.k_tsk_set_prio) refers to linked_list.o(i.print_prio_queue) for print_prio_queue
    k_task.o(i.k_tsk_set_prio) refers to k_task.o(.data) for gp_current_task
    k_task.o(i.k_tsk_yield) refers to k_task.o(i.dummy_scheduler) for dummy_scheduler
    k_task.o(i.k_tsk_yield) refers to linked_list.o(i.print_prio_queue) for print_prio_queue
    k_task.o(i.k_tsk_yield) refers to k_task.o(i.task_switch) for task_switch
    k_task.o(i.k_tsk_yield) refers to k_task.o(.data) for gp_current_task
    k_task.o(i.task_switch) refers to hal.o(.emb_text) for __rte
    k_task.o(i.task_switch) refers to k_task.o(.data) for gp_current_task
    circular_buffer.o(i.dequeue_msg) refers to circular_buffer.o(i.peek_msg_len) for peek_msg_len
    timer.o(.emb_text) refers to timer.o(i.c_TIMER0_IRQHandler) for c_TIMER0_IRQHandler
    timer.o(i.c_TIMER0_IRQHandler) refers to timer.o(.data) for g_timer_count
    timer.o(i.end_timer1) refers to timer.o(.data) for g_timer_count
    timer.o(i.timer_init) refers to timer.o(.data) for g_timer_count
    k_time.o(i.k_get_time) refers to timer.o(.data) for seconds
    lcd_task.o(i.lcd_task) refers to k_mem.o(i.mem_cpy) for mem_cpy
    lcd_task.o(i.lcd_task) refers to k_msg.o(i.k_mbx_create) for k_mbx_create
    lcd_task.o(i.lcd_task) refers to k_task.o(.data) for gp_current_task
    lcd_task.o(i.lcd_task) refers to k_task.o(.bss) for kernal_task
    lcd_task.o(i.lcd_task) refers to k_mem.o(i.k_mem_alloc) for k_mem_alloc
    lcd_task.o(i.lcd_task) refers to lcd_task.o(.data) for TX_buffer
    lcd_task.o(i.lcd_task) refers to k_msg.o(i.k_recv_msg) for k_recv_msg
    priv_tasks.o(i.priv_task1) refers to uart_polling.o(i.uart_put_char) for uart_put_char
    priv_tasks.o(i.priv_task1) refers to uart_polling.o(i.uart_put_string) for uart_put_string
    priv_tasks.o(i.priv_task1) refers to printf.o(i.tfp_printf) for tfp_printf
    priv_tasks.o(i.priv_task1) refers to k_task.o(i.k_tsk_yield) for k_tsk_yield
    priv_tasks.o(i.priv_task2) refers to uart_polling.o(i.uart_put_char) for uart_put_char
    priv_tasks.o(i.priv_task2) refers to uart_polling.o(i.uart_put_string) for uart_put_string
    priv_tasks.o(i.priv_task2) refers to printf.o(i.tfp_printf) for tfp_printf
    priv_tasks.o(i.priv_task2) refers to usr_tasks.o(i.task1) for task1
    priv_tasks.o(i.priv_task2) refers to k_task.o(i.k_tsk_create) for k_tsk_create
    priv_tasks.o(i.priv_task2) refers to k_task.o(i.k_tsk_get) for k_tsk_get
    priv_tasks.o(i.priv_task2) refers to k_task.o(i.k_tsk_set_prio) for k_tsk_set_prio
    priv_tasks.o(i.priv_task2) refers to k_task.o(i.k_tsk_yield) for k_tsk_yield
    priv_tasks.o(i.set_task_info) refers to priv_tasks.o(i.priv_task1) for priv_task1
    priv_tasks.o(i.set_task_info) refers to priv_tasks.o(i.priv_task2) for priv_task2
    main_svc.o(i.main) refers to system_lpc17xx.o(i.SystemInit) for SystemInit
    main_svc.o(i.main) refers to uart_polling.o(i.uart_init) for uart_init
    main_svc.o(i.main) refers to printf.o(i.init_printf) for init_printf
    main_svc.o(i.main) refers to printf.o(i.tfp_printf) for tfp_printf
    main_svc.o(i.main) refers to priv_tasks.o(i.set_task_info) for set_task_info
    main_svc.o(i.main) refers to main_svc.o(i.set_fixed_tasks) for set_fixed_tasks
    main_svc.o(i.main) refers to uart_polling.o(i.putc) for putc
    main_svc.o(i.main) refers to k_rtx_init.o(i.k_rtx_init) for k_rtx_init
    main_svc.o(i.set_fixed_tasks) refers to lcd_task.o(i.lcd_task) for lcd_task
    main_svc.o(i.set_fixed_tasks) refers to kcd_task.o(i.kcd_task) for kcd_task
    main_svc.o(i.set_fixed_tasks) refers to null_task.o(i.null_task) for null_task
    printf.o(i.a2i) refers to printf.o(i.a2d) for a2d
    printf.o(i.i2a) refers to printf.o(i.ui2a) for ui2a
    printf.o(i.init_printf) refers to printf.o(.data) for stdout_putf
    printf.o(i.tfp_format) refers to printf.o(i.a2i) for a2i
    printf.o(i.tfp_format) refers to printf.o(i.ui2a) for ui2a
    printf.o(i.tfp_format) refers to printf.o(i.putchw) for putchw
    printf.o(i.tfp_format) refers to printf.o(i.i2a) for i2a
    printf.o(i.tfp_printf) refers to printf.o(i.tfp_format) for tfp_format
    printf.o(i.tfp_printf) refers to printf.o(.data) for stdout_putf
    printf.o(i.tfp_sprintf) refers to printf.o(i.tfp_format) for tfp_format
    printf.o(i.tfp_sprintf) refers to printf.o(i.putcp) for putcp
    uart_polling.o(i.putc) refers to uart_polling.o(i.uart_put_string) for uart_put_string
    uart_polling.o(i.putc) refers to uart_polling.o(i.uart_put_char) for uart_put_char
    uart_polling.o(i.uart_put_string) refers to uart_polling.o(i.uart_put_char) for uart_put_char
    kcd_task.o(i.get_cmd) refers to kcd_task.o(i.str_cmp) for str_cmp
    kcd_task.o(i.kcd_task) refers to k_mem.o(i.mem_cpy) for mem_cpy
    kcd_task.o(i.kcd_task) refers to kcd_task.o(i.push_cmd) for push_cmd
    kcd_task.o(i.kcd_task) refers to kcd_task.o(i.get_cmd) for get_cmd
    kcd_task.o(i.kcd_task) refers to kcd_task.o(i.str_cmp) for str_cmp
    kcd_task.o(i.kcd_task) refers to k_msg.o(i.k_mbx_create) for k_mbx_create
    kcd_task.o(i.kcd_task) refers to k_msg.o(i.k_recv_msg) for k_recv_msg
    kcd_task.o(i.kcd_task) refers to k_mem.o(i.k_mem_alloc) for k_mem_alloc
    kcd_task.o(i.kcd_task) refers to kcd_task.o(.data) for registered_cmd_head
    kcd_task.o(i.kcd_task) refers to k_msg.o(i.k_send_msg) for k_send_msg
    kcd_task.o(i.kcd_task) refers to k_task.o(i.k_tsk_ls) for k_tsk_ls
    kcd_task.o(i.kcd_task) refers to k_mem.o(i.k_mem_dealloc) for k_mem_dealloc
    kcd_task.o(i.kcd_task) refers to k_msg.o(i.k_mbx_ls) for k_mbx_ls
    kcd_task.o(i.kcd_task) refers to k_task.o(.bss) for g_tcbs
    kcd_task.o(i.push_cmd) refers to kcd_task.o(i.get_cmd) for get_cmd
    usr_tasks.o(i.print_final_results) refers to printf.o(i.tfp_printf) for tfp_printf
    usr_tasks.o(i.print_final_results) refers to usr_tasks.o(.data) for total_tests
    usr_tasks.o(i.print_test_result) refers to printf.o(i.tfp_printf) for tfp_printf
    usr_tasks.o(i.print_test_result) refers to usr_tasks.o(.data) for passed
    usr_tasks.o(i.print_test_start) refers to printf.o(i.tfp_printf) for tfp_printf
    usr_tasks.o(i.recieve_task) refers to usr_tasks.o(i.print_test_start) for print_test_start
    usr_tasks.o(i.recieve_task) refers to uart_polling.o(i.uart_put_string) for uart_put_string
    usr_tasks.o(i.recieve_task) refers to printf.o(i.tfp_printf) for tfp_printf
    usr_tasks.o(i.recieve_task) refers to usr_tasks.o(.data) for total_tests
    usr_tasks.o(i.recieve_task) refers to usr_tasks.o(.bss) for g_buf1
    usr_tasks.o(i.recieve_task) refers to k_msg.o(i.k_mbx_create) for k_mbx_create
    usr_tasks.o(i.recieve_task) refers to k_msg.o(i.k_recv_msg) for k_recv_msg
    usr_tasks.o(i.recieve_task) refers to k_task.o(i.k_tsk_exit) for k_tsk_exit
    usr_tasks.o(i.send_task) refers to uart_polling.o(i.uart_put_string) for uart_put_string
    usr_tasks.o(i.send_task) refers to usr_tasks.o(i.print_test_result) for print_test_result
    usr_tasks.o(i.send_task) refers to usr_tasks.o(i.print_final_results) for print_final_results
    usr_tasks.o(i.send_task) refers to usr_tasks.o(.bss) for g_buf1
    usr_tasks.o(i.send_task) refers to k_msg.o(i.k_send_msg) for k_send_msg
    usr_tasks.o(i.send_task) refers to k_task.o(i.k_tsk_exit) for k_tsk_exit
    usr_tasks.o(i.set_usr_task_info) refers to usr_tasks.o(i.task1) for task1
    usr_tasks.o(i.set_usr_task_info) refers to usr_tasks.o(i.task2) for task2
    usr_tasks.o(i.task1) refers to uart_polling.o(i.uart_put_string) for uart_put_string
    usr_tasks.o(i.task1) refers to usr_tasks.o(i.task2) for task2
    usr_tasks.o(i.task1) refers to k_task.o(i.k_tsk_create) for k_tsk_create
    usr_tasks.o(i.task1) refers to k_task.o(i.k_tsk_get) for k_tsk_get
    usr_tasks.o(i.task1) refers to k_task.o(i.k_tsk_set_prio) for k_tsk_set_prio
    usr_tasks.o(i.task1) refers to k_msg.o(i.k_mbx_create) for k_mbx_create
    usr_tasks.o(i.task1) refers to usr_tasks.o(.bss) for g_tasks
    usr_tasks.o(i.task1) refers to k_task.o(i.k_tsk_ls) for k_tsk_ls
    usr_tasks.o(i.task1) refers to k_msg.o(i.k_mbx_ls) for k_mbx_ls
    usr_tasks.o(i.task1) refers to k_task.o(i.k_tsk_exit) for k_tsk_exit
    usr_tasks.o(i.task2) refers to uart_polling.o(i.uart_put_string) for uart_put_string
    usr_tasks.o(i.task2) refers to usr_tasks.o(.bss) for g_buf1
    usr_tasks.o(i.task2) refers to k_msg.o(i.k_send_msg) for k_send_msg
    usr_tasks.o(i.task2) refers to k_task.o(i.k_tsk_exit) for k_tsk_exit
    startup_lpc17xx.o(STACK) refers (Special) to heapauxi.o(.text) for __use_two_region_memory
    startup_lpc17xx.o(HEAP) refers (Special) to heapauxi.o(.text) for __use_two_region_memory
    startup_lpc17xx.o(RESET) refers (Special) to heapauxi.o(.text) for __use_two_region_memory
    startup_lpc17xx.o(RESET) refers to startup_lpc17xx.o(STACK) for __initial_sp
    startup_lpc17xx.o(RESET) refers to startup_lpc17xx.o(.text) for Reset_Handler
    startup_lpc17xx.o(RESET) refers to hal.o(.emb_text) for SVC_Handler
    startup_lpc17xx.o(RESET) refers to timer.o(.emb_text) for TIMER0_IRQHandler
    startup_lpc17xx.o(RESET) refers to uart_irq.o(.emb_text) for UART0_IRQHandler
    startup_lpc17xx.o(.text) refers (Special) to heapauxi.o(.text) for __use_two_region_memory
    startup_lpc17xx.o(.text) refers to system_lpc17xx.o(i.SystemInit) for SystemInit
    startup_lpc17xx.o(.text) refers to __main.o(!!!main) for __main
    startup_lpc17xx.o(.text) refers to startup_lpc17xx.o(HEAP) for Heap_Mem
    startup_lpc17xx.o(.text) refers to startup_lpc17xx.o(STACK) for Stack_Mem
    system_lpc17xx.o(i.SystemCoreClockUpdate) refers to lludivv7m.o(.text) for __aeabi_uldivmod
    system_lpc17xx.o(i.SystemCoreClockUpdate) refers to system_lpc17xx.o(.data) for SystemCoreClock
    __main.o(!!!main) refers to __rtentry.o(.ARM.Collect$$rtentry$$00000000) for __rt_entry
    __rtentry.o(.ARM.Collect$$rtentry$$00000000) refers (Special) to __rtentry2.o(.ARM.Collect$$rtentry$$0000000A) for __rt_entry_li
    __rtentry.o(.ARM.Collect$$rtentry$$00000000) refers (Special) to __rtentry2.o(.ARM.Collect$$rtentry$$0000000D) for __rt_entry_main
    __rtentry.o(.ARM.Collect$$rtentry$$00000000) refers (Special) to __rtentry2.o(.ARM.Collect$$rtentry$$0000000C) for __rt_entry_postli_1
    __rtentry.o(.ARM.Collect$$rtentry$$00000000) refers (Special) to __rtentry2.o(.ARM.Collect$$rtentry$$00000009) for __rt_entry_postsh_1
    __rtentry.o(.ARM.Collect$$rtentry$$00000000) refers (Special) to __rtentry2.o(.ARM.Collect$$rtentry$$00000002) for __rt_entry_presh_1
    __rtentry.o(.ARM.Collect$$rtentry$$00000000) refers (Special) to __rtentry4.o(.ARM.Collect$$rtentry$$00000004) for __rt_entry_sh
    aeabi_ldiv0_sigfpe.o(.text) refers to rt_div0.o(.text) for __rt_div0
    __rtentry2.o(.ARM.Collect$$rtentry$$00000008) refers to boardinit2.o(.text) for _platform_post_stackheap_init
    __rtentry2.o(.ARM.Collect$$rtentry$$0000000A) refers to libinit.o(.ARM.Collect$$libinit$$00000000) for __rt_lib_init
    __rtentry2.o(.ARM.Collect$$rtentry$$0000000B) refers to boardinit3.o(.text) for _platform_post_lib_init
    __rtentry2.o(.ARM.Collect$$rtentry$$0000000D) refers to main_svc.o(i.main) for main
    __rtentry2.o(.ARM.Collect$$rtentry$$0000000D) refers to exit.o(.text) for exit
    __rtentry2.o(.ARM.exidx) refers to __rtentry2.o(.ARM.Collect$$rtentry$$00000001) for .ARM.Collect$$rtentry$$00000001
    __rtentry2.o(.ARM.exidx) refers to __rtentry2.o(.ARM.Collect$$rtentry$$00000008) for .ARM.Collect$$rtentry$$00000008
    __rtentry2.o(.ARM.exidx) refers to __rtentry2.o(.ARM.Collect$$rtentry$$0000000A) for .ARM.Collect$$rtentry$$0000000A
    __rtentry2.o(.ARM.exidx) refers to __rtentry2.o(.ARM.Collect$$rtentry$$0000000B) for .ARM.Collect$$rtentry$$0000000B
    __rtentry2.o(.ARM.exidx) refers to __rtentry2.o(.ARM.Collect$$rtentry$$0000000D) for .ARM.Collect$$rtentry$$0000000D
    __rtentry4.o(.ARM.Collect$$rtentry$$00000004) refers to sys_stackheap_outer.o(.text) for __user_setup_stackheap
    __rtentry4.o(.ARM.exidx) refers to __rtentry4.o(.ARM.Collect$$rtentry$$00000004) for .ARM.Collect$$rtentry$$00000004
    rt_div0.o(.text) refers to defsig_fpe_outer.o(.text) for __rt_SIGFPE
    sys_stackheap_outer.o(.text) refers to libspace.o(.text) for __user_perproc_libspace
    sys_stackheap_outer.o(.text) refers to startup_lpc17xx.o(.text) for __user_initial_stackheap
    exit.o(.text) refers to rtexit.o(.ARM.Collect$$rtexit$$00000000) for __rt_exit
    defsig_fpe_outer.o(.text) refers to defsig_fpe_inner.o(.text) for __rt_SIGFPE_inner
    defsig_fpe_outer.o(.text) refers to defsig_exit.o(.text) for __sig_exit
    defsig_fpe_formal.o(.text) refers to rt_raise.o(.text) for __rt_raise
    libinit.o(.ARM.Collect$$libinit$$00000000) refers (Special) to libinit2.o(.ARM.Collect$$libinit$$0000002E) for __rt_lib_init_alloca_1
    libinit.o(.ARM.Collect$$libinit$$00000000) refers (Special) to libinit2.o(.ARM.Collect$$libinit$$0000002C) for __rt_lib_init_argv_1
    libinit.o(.ARM.Collect$$libinit$$00000000) refers (Special) to libinit2.o(.ARM.Collect$$libinit$$0000001B) for __rt_lib_init_atexit_1
    libinit.o(.ARM.Collect$$libinit$$00000000) refers (Special) to libinit2.o(.ARM.Collect$$libinit$$00000021) for __rt_lib_init_clock_1
    libinit.o(.ARM.Collect$$libinit$$00000000) refers (Special) to libinit2.o(.ARM.Collect$$libinit$$00000032) for __rt_lib_init_cpp_1
    libinit.o(.ARM.Collect$$libinit$$00000000) refers (Special) to libinit2.o(.ARM.Collect$$libinit$$00000030) for __rt_lib_init_exceptions_1
    libinit.o(.ARM.Collect$$libinit$$00000000) refers (Special) to libinit2.o(.ARM.Collect$$libinit$$00000002) for __rt_lib_init_fp_1
    libinit.o(.ARM.Collect$$libinit$$00000000) refers (Special) to libinit2.o(.ARM.Collect$$libinit$$0000001F) for __rt_lib_init_fp_trap_1
    libinit.o(.ARM.Collect$$libinit$$00000000) refers (Special) to libinit2.o(.ARM.Collect$$libinit$$00000023) for __rt_lib_init_getenv_1
    libinit.o(.ARM.Collect$$libinit$$00000000) refers (Special) to libinit2.o(.ARM.Collect$$libinit$$0000000A) for __rt_lib_init_heap_1
    libinit.o(.ARM.Collect$$libinit$$00000000) refers (Special) to libinit2.o(.ARM.Collect$$libinit$$00000011) for __rt_lib_init_lc_collate_1
    libinit.o(.ARM.Collect$$libinit$$00000000) refers (Special) to libinit2.o(.ARM.Collect$$libinit$$00000013) for __rt_lib_init_lc_ctype_1
    libinit.o(.ARM.Collect$$libinit$$00000000) refers (Special) to libinit2.o(.ARM.Collect$$libinit$$00000015) for __rt_lib_init_lc_monetary_1
    libinit.o(.ARM.Collect$$libinit$$00000000) refers (Special) to libinit2.o(.ARM.Collect$$libinit$$00000017) for __rt_lib_init_lc_numeric_1
    libinit.o(.ARM.Collect$$libinit$$00000000) refers (Special) to libinit2.o(.ARM.Collect$$libinit$$00000019) for __rt_lib_init_lc_time_1
    libinit.o(.ARM.Collect$$libinit$$00000000) refers (Special) to libinit2.o(.ARM.Collect$$libinit$$00000004) for __rt_lib_init_preinit_1
    libinit.o(.ARM.Collect$$libinit$$00000000) refers (Special) to libinit2.o(.ARM.Collect$$libinit$$0000000E) for __rt_lib_init_rand_1
    libinit.o(.ARM.Collect$$libinit$$00000000) refers (Special) to libinit2.o(.ARM.Collect$$libinit$$00000033) for __rt_lib_init_return
    libinit.o(.ARM.Collect$$libinit$$00000000) refers (Special) to libinit2.o(.ARM.Collect$$libinit$$0000001D) for __rt_lib_init_signal_1
    libinit.o(.ARM.Collect$$libinit$$00000000) refers (Special) to libinit2.o(.ARM.Collect$$libinit$$00000025) for __rt_lib_init_stdio_1
    libinit.o(.ARM.Collect$$libinit$$00000000) refers (Special) to libinit2.o(.ARM.Collect$$libinit$$0000000C) for __rt_lib_init_user_alloc_1
    libspace.o(.text) refers to libspace.o(.bss) for __libspace_start
    rtexit.o(.ARM.Collect$$rtexit$$00000000) refers (Special) to rtexit2.o(.ARM.Collect$$rtexit$$00000004) for __rt_exit_exit
    rtexit.o(.ARM.Collect$$rtexit$$00000000) refers (Special) to rtexit2.o(.ARM.Collect$$rtexit$$00000003) for __rt_exit_ls
    rtexit.o(.ARM.Collect$$rtexit$$00000000) refers (Special) to rtexit2.o(.ARM.Collect$$rtexit$$00000002) for __rt_exit_prels_1
    rtexit.o(.ARM.exidx) refers (Special) to rtexit2.o(.ARM.Collect$$rtexit$$00000004) for __rt_exit_exit
    rtexit.o(.ARM.exidx) refers (Special) to rtexit2.o(.ARM.Collect$$rtexit$$00000003) for __rt_exit_ls
    rtexit.o(.ARM.exidx) refers (Special) to rtexit2.o(.ARM.Collect$$rtexit$$00000002) for __rt_exit_prels_1
    rtexit.o(.ARM.exidx) refers to rtexit.o(.ARM.Collect$$rtexit$$00000000) for .ARM.Collect$$rtexit$$00000000
    rt_raise.o(.text) refers to __raise.o(.text) for __raise
    rt_raise.o(.text) refers to sys_exit.o(.text) for _sys_exit
    defsig_exit.o(.text) refers to sys_exit.o(.text) for _sys_exit
    defsig_fpe_inner.o(.text) refers to defsig_general.o(.text) for __default_signal_display
    libinit2.o(.ARM.Collect$$libinit$$00000010) refers to libinit2.o(.ARM.Collect$$libinit$$0000000F) for .ARM.Collect$$libinit$$0000000F
    libinit2.o(.ARM.Collect$$libinit$$00000012) refers to libinit2.o(.ARM.Collect$$libinit$$0000000F) for .ARM.Collect$$libinit$$0000000F
    libinit2.o(.ARM.Collect$$libinit$$00000014) refers to libinit2.o(.ARM.Collect$$libinit$$0000000F) for .ARM.Collect$$libinit$$0000000F
    libinit2.o(.ARM.Collect$$libinit$$00000016) refers to libinit2.o(.ARM.Collect$$libinit$$0000000F) for .ARM.Collect$$libinit$$0000000F
    libinit2.o(.ARM.Collect$$libinit$$00000018) refers to libinit2.o(.ARM.Collect$$libinit$$0000000F) for .ARM.Collect$$libinit$$0000000F
    libinit2.o(.ARM.Collect$$libinit$$00000026) refers to argv_veneer.o(.emb_text) for __ARM_argv_veneer
    libinit2.o(.ARM.Collect$$libinit$$00000027) refers to argv_veneer.o(.emb_text) for __ARM_argv_veneer
    sys_exit.o(.text) refers (Special) to use_no_semi.o(.text) for __I$use$semihosting
    sys_exit.o(.text) refers (Special) to indicate_semi.o(.text) for __semihosting_library_function
    rtexit2.o(.ARM.Collect$$rtexit$$00000003) refers to libshutdown.o(.ARM.Collect$$libshutdown$$00000000) for __rt_lib_shutdown
    rtexit2.o(.ARM.Collect$$rtexit$$00000004) refers to sys_exit.o(.text) for _sys_exit
    rtexit2.o(.ARM.exidx) refers to rtexit2.o(.ARM.Collect$$rtexit$$00000001) for .ARM.Collect$$rtexit$$00000001
    rtexit2.o(.ARM.exidx) refers to rtexit2.o(.ARM.Collect$$rtexit$$00000003) for .ARM.Collect$$rtexit$$00000003
    rtexit2.o(.ARM.exidx) refers to rtexit2.o(.ARM.Collect$$rtexit$$00000004) for .ARM.Collect$$rtexit$$00000004
    __raise.o(.text) refers to defsig.o(CL$$defsig) for __default_signal_handler
    defsig_general.o(.text) refers to sys_wrch.o(.text) for _ttywrch
    argv_veneer.o(.emb_text) refers to no_argv.o(.text) for __ARM_get_argv
    sys_wrch.o(.text) refers (Special) to use_no_semi.o(.text) for __I$use$semihosting
    sys_wrch.o(.text) refers (Special) to indicate_semi.o(.text) for __semihosting_library_function
    defsig.o(CL$$defsig) refers to defsig_fpe_inner.o(.text) for __rt_SIGFPE_inner
    defsig.o(CL$$defsig) refers to defsig_rtmem_inner.o(.text) for __rt_SIGRTMEM_inner
    _get_argv_nomalloc.o(.text) refers (Special) to hrguard.o(.text) for __heap_region$guard
    _get_argv_nomalloc.o(.text) refers to defsig_rtmem_outer.o(.text) for __rt_SIGRTMEM
    _get_argv_nomalloc.o(.text) refers to sys_command.o(.text) for _sys_command_string
    libshutdown.o(.ARM.Collect$$libshutdown$$00000000) refers (Special) to libshutdown2.o(.ARM.Collect$$libshutdown$$00000002) for __rt_lib_shutdown_cpp_1
    libshutdown.o(.ARM.Collect$$libshutdown$$00000000) refers (Special) to libshutdown2.o(.ARM.Collect$$libshutdown$$00000007) for __rt_lib_shutdown_fp_trap_1
    libshutdown.o(.ARM.Collect$$libshutdown$$00000000) refers (Special) to libshutdown2.o(.ARM.Collect$$libshutdown$$0000000F) for __rt_lib_shutdown_heap_1
    libshutdown.o(.ARM.Collect$$libshutdown$$00000000) refers (Special) to libshutdown2.o(.ARM.Collect$$libshutdown$$00000010) for __rt_lib_shutdown_return
    libshutdown.o(.ARM.Collect$$libshutdown$$00000000) refers (Special) to libshutdown2.o(.ARM.Collect$$libshutdown$$0000000A) for __rt_lib_shutdown_signal_1
    libshutdown.o(.ARM.Collect$$libshutdown$$00000000) refers (Special) to libshutdown2.o(.ARM.Collect$$libshutdown$$00000004) for __rt_lib_shutdown_stdio_1
    libshutdown.o(.ARM.Collect$$libshutdown$$00000000) refers (Special) to libshutdown2.o(.ARM.Collect$$libshutdown$$0000000C) for __rt_lib_shutdown_user_alloc_1
    sys_command.o(.text) refers (Special) to use_no_semi.o(.text) for __I$use$semihosting
    sys_command.o(.text) refers (Special) to indicate_semi.o(.text) for __semihosting_library_function
    defsig_abrt_inner.o(.text) refers to defsig_general.o(.text) for __default_signal_display
    defsig_rtred_inner.o(.text) refers to defsig_general.o(.text) for __default_signal_display
    defsig_rtmem_inner.o(.text) refers to defsig_general.o(.text) for __default_signal_display
    defsig_rtmem_outer.o(.text) refers to defsig_rtmem_inner.o(.text) for __rt_SIGRTMEM_inner
    defsig_rtmem_outer.o(.text) refers to defsig_exit.o(.text) for __sig_exit
    defsig_rtmem_formal.o(.text) refers to rt_raise.o(.text) for __rt_raise
    defsig_stak_inner.o(.text) refers to defsig_general.o(.text) for __default_signal_display
    defsig_pvfn_inner.o(.text) refers to defsig_general.o(.text) for __default_signal_display
    defsig_cppl_inner.o(.text) refers to defsig_general.o(.text) for __default_signal_display
    defsig_segv_inner.o(.text) refers to defsig_general.o(.text) for __default_signal_display
    defsig_other.o(.text) refers to defsig_general.o(.text) for __default_signal_display


==============================================================================

Removing Unused input sections from the image.

    Removing uart_irq.o(.rev16_text), (4 bytes).
    Removing uart_irq.o(.revsh_text), (4 bytes).
    Removing uart_irq.o(.rrx_text), (6 bytes).
    Removing k_mem.o(i.first_fit_count_extfrag), (48 bytes).
    Removing k_mem.o(i.k_mem_count_extfrag), (56 bytes).
    Removing k_rtx_init.o(.rev16_text), (4 bytes).
    Removing k_rtx_init.o(.revsh_text), (4 bytes).
    Removing k_rtx_init.o(.rrx_text), (6 bytes).
    Removing k_task.o(.rev16_text), (4 bytes).
    Removing k_task.o(.revsh_text), (4 bytes).
    Removing k_task.o(.rrx_text), (6 bytes).
    Removing circular_buffer.o(i.peek_msg_type), (62 bytes).
    Removing timer.o(.rev16_text), (4 bytes).
    Removing timer.o(.revsh_text), (4 bytes).
    Removing timer.o(.rrx_text), (6 bytes).
    Removing timer.o(i.end_timer1), (84 bytes).
    Removing timer.o(i.get_timer1), (16 bytes).
    Removing timer.o(i.start_timer1), (36 bytes).
    Removing timer.o(i.timer_init), (92 bytes).
    Removing timer.o(i.timer_init_100MHZ), (44 bytes).
    Removing k_time.o(i.k_get_time), (36 bytes).
    Removing lcd_task.o(.rev16_text), (4 bytes).
    Removing lcd_task.o(.revsh_text), (4 bytes).
    Removing lcd_task.o(.rrx_text), (6 bytes).
    Removing main_svc.o(.rev16_text), (4 bytes).
    Removing main_svc.o(.revsh_text), (4 bytes).
    Removing main_svc.o(.rrx_text), (6 bytes).
    Removing printf.o(i.putcp), (10 bytes).
    Removing printf.o(i.tfp_sprintf), (44 bytes).
    Removing uart_polling.o(.rev16_text), (4 bytes).
    Removing uart_polling.o(.revsh_text), (4 bytes).
    Removing uart_polling.o(.rrx_text), (6 bytes).
    Removing uart_polling.o(i.uart_get_char), (48 bytes).
    Removing usr_tasks.o(i.print_final_results), (92 bytes).
    Removing usr_tasks.o(i.print_test_result), (124 bytes).
    Removing usr_tasks.o(i.print_test_start), (44 bytes).
    Removing usr_tasks.o(i.recieve_task), (296 bytes).
    Removing usr_tasks.o(i.send_task), (192 bytes).
    Removing usr_tasks.o(i.set_usr_task_info), (72 bytes).
    Removing usr_tasks.o(.data), (12 bytes).
    Removing system_lpc17xx.o(.rev16_text), (4 bytes).
    Removing system_lpc17xx.o(.revsh_text), (4 bytes).
    Removing system_lpc17xx.o(.rrx_text), (6 bytes).
    Removing system_lpc17xx.o(i.SystemCoreClockUpdate), (424 bytes).
    Removing system_lpc17xx.o(.data), (4 bytes).

45 unused section(s) (total 1948 bytes) removed from the image.

==============================================================================

Image Symbol Table

    Local Symbols

    Symbol Name                              Value     Ov Type        Size  Object(Section)

    ../clib/angel/boardlib.s                 0x00000000   Number         0  boardinit3.o ABSOLUTE
    ../clib/angel/boardlib.s                 0x00000000   Number         0  boardinit2.o ABSOLUTE
    ../clib/angel/boardlib.s                 0x00000000   Number         0  boardinit1.o ABSOLUTE
    ../clib/angel/boardlib.s                 0x00000000   Number         0  boardshut.o ABSOLUTE
    ../clib/angel/handlers.s                 0x00000000   Number         0  __scatter_copy.o ABSOLUTE
    ../clib/angel/handlers.s                 0x00000000   Number         0  __scatter_zi.o ABSOLUTE
    ../clib/angel/kernel.s                   0x00000000   Number         0  __rtentry4.o ABSOLUTE
    ../clib/angel/kernel.s                   0x00000000   Number         0  __rtentry2.o ABSOLUTE
    ../clib/angel/kernel.s                   0x00000000   Number         0  rtexit.o ABSOLUTE
    ../clib/angel/kernel.s                   0x00000000   Number         0  rtexit2.o ABSOLUTE
    ../clib/angel/kernel.s                   0x00000000   Number         0  __rtentry.o ABSOLUTE
    ../clib/angel/rt.s                       0x00000000   Number         0  rt_raise.o ABSOLUTE
    ../clib/angel/rt.s                       0x00000000   Number         0  rt_div0.o ABSOLUTE
    ../clib/angel/rt.s                       0x00000000   Number         0  aeabi_ldiv0.o ABSOLUTE
    ../clib/angel/rt.s                       0x00000000   Number         0  aeabi_ldiv0_sigfpe.o ABSOLUTE
    ../clib/angel/scatter.s                  0x00000000   Number         0  __scatter.o ABSOLUTE
    ../clib/angel/startup.s                  0x00000000   Number         0  __main.o ABSOLUTE
    ../clib/angel/sys.s                      0x00000000   Number         0  libspace.o ABSOLUTE
    ../clib/angel/sys.s                      0x00000000   Number         0  indicate_semi.o ABSOLUTE
    ../clib/angel/sys.s                      0x00000000   Number         0  sys_stackheap_outer.o ABSOLUTE
    ../clib/angel/sys.s                      0x00000000   Number         0  use_no_semi.o ABSOLUTE
    ../clib/angel/sysapp.c                   0x00000000   Number         0  sys_exit.o ABSOLUTE
    ../clib/angel/sysapp.c                   0x00000000   Number         0  sys_command.o ABSOLUTE
    ../clib/angel/sysapp.c                   0x00000000   Number         0  sys_wrch.o ABSOLUTE
    ../clib/armsys.c                         0x00000000   Number         0  no_argv.o ABSOLUTE
    ../clib/armsys.c                         0x00000000   Number         0  _get_argv_nomalloc.o ABSOLUTE
    ../clib/armsys.c                         0x00000000   Number         0  argv_veneer.o ABSOLUTE
    ../clib/armsys.c                         0x00000000   Number         0  argv_veneer.o ABSOLUTE
    ../clib/heapalloc.c                      0x00000000   Number         0  hrguard.o ABSOLUTE
    ../clib/heapaux.c                        0x00000000   Number         0  heapauxi.o ABSOLUTE
    ../clib/libinit.s                        0x00000000   Number         0  libinit.o ABSOLUTE
    ../clib/libinit.s                        0x00000000   Number         0  libshutdown.o ABSOLUTE
    ../clib/libinit.s                        0x00000000   Number         0  libinit2.o ABSOLUTE
    ../clib/libinit.s                        0x00000000   Number         0  libshutdown2.o ABSOLUTE
    ../clib/longlong.s                       0x00000000   Number         0  lludivv7m.o ABSOLUTE
    ../clib/signal.c                         0x00000000   Number         0  defsig_rtmem_outer.o ABSOLUTE
    ../clib/signal.c                         0x00000000   Number         0  defsig_fpe_formal.o ABSOLUTE
    ../clib/signal.c                         0x00000000   Number         0  defsig_rtmem_inner.o ABSOLUTE
    ../clib/signal.c                         0x00000000   Number         0  defsig_fpe_outer.o ABSOLUTE
    ../clib/signal.c                         0x00000000   Number         0  defsig_abrt_inner.o ABSOLUTE
    ../clib/signal.c                         0x00000000   Number         0  defsig_general.o ABSOLUTE
    ../clib/signal.c                         0x00000000   Number         0  __raise.o ABSOLUTE
    ../clib/signal.c                         0x00000000   Number         0  defsig_fpe_inner.o ABSOLUTE
    ../clib/signal.c                         0x00000000   Number         0  defsig_exit.o ABSOLUTE
    ../clib/signal.c                         0x00000000   Number         0  defsig_rtred_inner.o ABSOLUTE
    ../clib/signal.c                         0x00000000   Number         0  defsig_other.o ABSOLUTE
    ../clib/signal.c                         0x00000000   Number         0  defsig_segv_inner.o ABSOLUTE
    ../clib/signal.c                         0x00000000   Number         0  defsig_cppl_inner.o ABSOLUTE
    ../clib/signal.c                         0x00000000   Number         0  defsig_pvfn_inner.o ABSOLUTE
    ../clib/signal.c                         0x00000000   Number         0  defsig_stak_inner.o ABSOLUTE
    ../clib/signal.c                         0x00000000   Number         0  defsig_rtmem_formal.o ABSOLUTE
    ../clib/signal.s                         0x00000000   Number         0  defsig.o ABSOLUTE
    ../clib/stdlib.c                         0x00000000   Number         0  exit.o ABSOLUTE
    ../fplib/fpinit.s                        0x00000000   Number         0  fpinit.o ABSOLUTE
    RTE\Device\LPC1768\startup_LPC17xx.s     0x00000000   Number         0  startup_lpc17xx.o ABSOLUTE
    RTE\Device\LPC1768\system_LPC17xx.c      0x00000000   Number         0  system_lpc17xx.o ABSOLUTE
    RTE\\Device\\LPC1768\\system_LPC17xx.c   0x00000000   Number         0  system_lpc17xx.o ABSOLUTE
    dc.s                                     0x00000000   Number         0  dc.o ABSOLUTE
    src\HAL.c                                0x00000000   Number         0  hal.o ABSOLUTE
    src\\HAL.c                               0x00000000   Number         0  hal.o ABSOLUTE
    src\\k_rtx_init.c                        0x00000000   Number         0  k_rtx_init.o ABSOLUTE
    src\\k_task.c                            0x00000000   Number         0  k_task.o ABSOLUTE
    src\\lcd_task.c                          0x00000000   Number         0  lcd_task.o ABSOLUTE
    src\\main_svc.c                          0x00000000   Number         0  main_svc.o ABSOLUTE
    src\\timer.c                             0x00000000   Number         0  timer.o ABSOLUTE
    src\\uart_irq.c                          0x00000000   Number         0  uart_irq.o ABSOLUTE
    src\\uart_polling.c                      0x00000000   Number         0  uart_polling.o ABSOLUTE
    src\circular_buffer.c                    0x00000000   Number         0  circular_buffer.o ABSOLUTE
    src\k_mem.c                              0x00000000   Number         0  k_mem.o ABSOLUTE
    src\k_msg.c                              0x00000000   Number         0  k_msg.o ABSOLUTE
    src\k_rtx_init.c                         0x00000000   Number         0  k_rtx_init.o ABSOLUTE
    src\k_task.c                             0x00000000   Number         0  k_task.o ABSOLUTE
    src\k_time.c                             0x00000000   Number         0  k_time.o ABSOLUTE
    src\kcd_task.c                           0x00000000   Number         0  kcd_task.o ABSOLUTE
    src\lcd_task.c                           0x00000000   Number         0  lcd_task.o ABSOLUTE
    src\linked_list.c                        0x00000000   Number         0  linked_list.o ABSOLUTE
    src\main_svc.c                           0x00000000   Number         0  main_svc.o ABSOLUTE
    src\null_task.c                          0x00000000   Number         0  null_task.o ABSOLUTE
    src\printf.c                             0x00000000   Number         0  printf.o ABSOLUTE
    src\priv_tasks.c                         0x00000000   Number         0  priv_tasks.o ABSOLUTE
    src\timer.c                              0x00000000   Number         0  timer.o ABSOLUTE
    src\uart_irq.c                           0x00000000   Number         0  uart_irq.o ABSOLUTE
    src\uart_polling.c                       0x00000000   Number         0  uart_polling.o ABSOLUTE
    src\usr_tasks.c                          0x00000000   Number         0  usr_tasks.o ABSOLUTE
    RESET                                    0x10000000   Section      204  startup_lpc17xx.o(RESET)
    !!!main                                  0x100000cc   Section        8  __main.o(!!!main)
    !!!scatter                               0x100000d4   Section       52  __scatter.o(!!!scatter)
    !!handler_copy                           0x10000108   Section       26  __scatter_copy.o(!!handler_copy)
    !!handler_zi                             0x10000124   Section       28  __scatter_zi.o(!!handler_zi)
    .ARM.Collect$$libinit$$00000000          0x10000140   Section        2  libinit.o(.ARM.Collect$$libinit$$00000000)
    .ARM.Collect$$libinit$$00000002          0x10000142   Section        0  libinit2.o(.ARM.Collect$$libinit$$00000002)
    .ARM.Collect$$libinit$$00000004          0x10000142   Section        0  libinit2.o(.ARM.Collect$$libinit$$00000004)
    .ARM.Collect$$libinit$$0000000A          0x10000142   Section        0  libinit2.o(.ARM.Collect$$libinit$$0000000A)
    .ARM.Collect$$libinit$$0000000C          0x10000142   Section        0  libinit2.o(.ARM.Collect$$libinit$$0000000C)
    .ARM.Collect$$libinit$$0000000E          0x10000142   Section        0  libinit2.o(.ARM.Collect$$libinit$$0000000E)
    .ARM.Collect$$libinit$$00000011          0x10000142   Section        0  libinit2.o(.ARM.Collect$$libinit$$00000011)
    .ARM.Collect$$libinit$$00000013          0x10000142   Section        0  libinit2.o(.ARM.Collect$$libinit$$00000013)
    .ARM.Collect$$libinit$$00000015          0x10000142   Section        0  libinit2.o(.ARM.Collect$$libinit$$00000015)
    .ARM.Collect$$libinit$$00000017          0x10000142   Section        0  libinit2.o(.ARM.Collect$$libinit$$00000017)
    .ARM.Collect$$libinit$$00000019          0x10000142   Section        0  libinit2.o(.ARM.Collect$$libinit$$00000019)
    .ARM.Collect$$libinit$$0000001B          0x10000142   Section        0  libinit2.o(.ARM.Collect$$libinit$$0000001B)
    .ARM.Collect$$libinit$$0000001D          0x10000142   Section        0  libinit2.o(.ARM.Collect$$libinit$$0000001D)
    .ARM.Collect$$libinit$$0000001F          0x10000142   Section        0  libinit2.o(.ARM.Collect$$libinit$$0000001F)
    .ARM.Collect$$libinit$$00000021          0x10000142   Section        0  libinit2.o(.ARM.Collect$$libinit$$00000021)
    .ARM.Collect$$libinit$$00000023          0x10000142   Section        0  libinit2.o(.ARM.Collect$$libinit$$00000023)
    .ARM.Collect$$libinit$$00000025          0x10000142   Section        0  libinit2.o(.ARM.Collect$$libinit$$00000025)
    .ARM.Collect$$libinit$$0000002C          0x10000142   Section        0  libinit2.o(.ARM.Collect$$libinit$$0000002C)
    .ARM.Collect$$libinit$$0000002E          0x10000142   Section        0  libinit2.o(.ARM.Collect$$libinit$$0000002E)
    .ARM.Collect$$libinit$$00000030          0x10000142   Section        0  libinit2.o(.ARM.Collect$$libinit$$00000030)
    .ARM.Collect$$libinit$$00000032          0x10000142   Section        0  libinit2.o(.ARM.Collect$$libinit$$00000032)
    .ARM.Collect$$libinit$$00000033          0x10000142   Section        2  libinit2.o(.ARM.Collect$$libinit$$00000033)
    .ARM.Collect$$libshutdown$$00000000      0x10000144   Section        2  libshutdown.o(.ARM.Collect$$libshutdown$$00000000)
    .ARM.Collect$$libshutdown$$00000002      0x10000146   Section        0  libshutdown2.o(.ARM.Collect$$libshutdown$$00000002)
    .ARM.Collect$$libshutdown$$00000004      0x10000146   Section        0  libshutdown2.o(.ARM.Collect$$libshutdown$$00000004)
    .ARM.Collect$$libshutdown$$00000007      0x10000146   Section        0  libshutdown2.o(.ARM.Collect$$libshutdown$$00000007)
    .ARM.Collect$$libshutdown$$0000000A      0x10000146   Section        0  libshutdown2.o(.ARM.Collect$$libshutdown$$0000000A)
    .ARM.Collect$$libshutdown$$0000000C      0x10000146   Section        0  libshutdown2.o(.ARM.Collect$$libshutdown$$0000000C)
    .ARM.Collect$$libshutdown$$0000000F      0x10000146   Section        0  libshutdown2.o(.ARM.Collect$$libshutdown$$0000000F)
    .ARM.Collect$$libshutdown$$00000010      0x10000146   Section        2  libshutdown2.o(.ARM.Collect$$libshutdown$$00000010)
    .ARM.Collect$$rtentry$$00000000          0x10000148   Section        0  __rtentry.o(.ARM.Collect$$rtentry$$00000000)
    .ARM.Collect$$rtentry$$00000002          0x10000148   Section        0  __rtentry2.o(.ARM.Collect$$rtentry$$00000002)
    .ARM.Collect$$rtentry$$00000004          0x10000148   Section        6  __rtentry4.o(.ARM.Collect$$rtentry$$00000004)
    .ARM.Collect$$rtentry$$00000009          0x1000014e   Section        0  __rtentry2.o(.ARM.Collect$$rtentry$$00000009)
    .ARM.Collect$$rtentry$$0000000A          0x1000014e   Section        4  __rtentry2.o(.ARM.Collect$$rtentry$$0000000A)
    .ARM.Collect$$rtentry$$0000000C          0x10000152   Section        0  __rtentry2.o(.ARM.Collect$$rtentry$$0000000C)
    .ARM.Collect$$rtentry$$0000000D          0x10000152   Section        8  __rtentry2.o(.ARM.Collect$$rtentry$$0000000D)
    .ARM.Collect$$rtexit$$00000000           0x1000015a   Section        2  rtexit.o(.ARM.Collect$$rtexit$$00000000)
    .ARM.Collect$$rtexit$$00000002           0x1000015c   Section        0  rtexit2.o(.ARM.Collect$$rtexit$$00000002)
    .ARM.Collect$$rtexit$$00000003           0x1000015c   Section        4  rtexit2.o(.ARM.Collect$$rtexit$$00000003)
    .ARM.Collect$$rtexit$$00000004           0x10000160   Section        6  rtexit2.o(.ARM.Collect$$rtexit$$00000004)
    .emb_text                                0x10000168   Section      100  uart_irq.o(.emb_text)
    .emb_text                                0x100001cc   Section      108  hal.o(.emb_text)
    .emb_text                                0x10000238   Section       16  timer.o(.emb_text)
    .text                                    0x10000248   Section       60  startup_lpc17xx.o(.text)
    .text                                    0x10000284   Section        0  heapauxi.o(.text)
    .text                                    0x1000028a   Section       74  sys_stackheap_outer.o(.text)
    .text                                    0x100002d4   Section        0  exit.o(.text)
    .text                                    0x100002e8   Section        8  libspace.o(.text)
    .text                                    0x100002f0   Section        0  sys_exit.o(.text)
    .text                                    0x100002fc   Section        2  use_no_semi.o(.text)
    .text                                    0x100002fe   Section        0  indicate_semi.o(.text)
    i.SystemInit                             0x10000300   Section        0  system_lpc17xx.o(i.SystemInit)
    i.__NVIC_EnableIRQ                       0x10000440   Section        0  uart_irq.o(i.__NVIC_EnableIRQ)
    __NVIC_EnableIRQ                         0x10000441   Thumb Code    34  uart_irq.o(i.__NVIC_EnableIRQ)
    i.a2d                                    0x10000462   Section        0  printf.o(i.a2d)
    a2d                                      0x10000463   Thumb Code    50  printf.o(i.a2d)
    i.a2i                                    0x10000494   Section        0  printf.o(i.a2i)
    a2i                                      0x10000495   Thumb Code    58  printf.o(i.a2i)
    i.alloc_user_stack                       0x100004ce   Section        0  k_task.o(i.alloc_user_stack)
    i.c_TIMER0_IRQHandler                    0x100004e4   Section        0  timer.o(i.c_TIMER0_IRQHandler)
    i.c_UART0_IRQHandler                     0x1000051c   Section        0  uart_irq.o(i.c_UART0_IRQHandler)
    i.circular_buffer_init                   0x100006a0   Section        0  circular_buffer.o(i.circular_buffer_init)
    i.dealloc_user_stack                     0x100006b8   Section        0  k_task.o(i.dealloc_user_stack)
    i.dequeue_msg                            0x100006ce   Section        0  circular_buffer.o(i.dequeue_msg)
    i.dummy_scheduler                        0x10000724   Section        0  k_task.o(i.dummy_scheduler)
    i.enqueue_msg                            0x10000780   Section        0  circular_buffer.o(i.enqueue_msg)
    i.first_fit_mem_alloc                    0x100007b4   Section        0  k_mem.o(i.first_fit_mem_alloc)
    i.first_fit_mem_dealloc                  0x100008d4   Section        0  k_mem.o(i.first_fit_mem_dealloc)
    i.first_fit_mem_init                     0x10000a04   Section        0  k_mem.o(i.first_fit_mem_init)
    i.get_cmd                                0x10000a30   Section        0  kcd_task.o(i.get_cmd)
    i.i2a                                    0x10000a50   Section        0  printf.o(i.i2a)
    i2a                                      0x10000a51   Thumb Code    32  printf.o(i.i2a)
    i.init_printf                            0x10000a70   Section        0  printf.o(i.init_printf)
    i.is_circ_buf_empty                      0x10000a84   Section        0  circular_buffer.o(i.is_circ_buf_empty)
    i.is_circ_buf_full                       0x10000a96   Section        0  circular_buffer.o(i.is_circ_buf_full)
    i.is_empty                               0x10000ade   Section        0  linked_list.o(i.is_empty)
    i.k_mbx_create                           0x10000aec   Section        0  k_msg.o(i.k_mbx_create)
    i.k_mbx_ls                               0x10000b3c   Section        0  k_msg.o(i.k_mbx_ls)
    i.k_mem_alloc                            0x10000ba0   Section        0  k_mem.o(i.k_mem_alloc)
    i.k_mem_dealloc                          0x10000bd0   Section        0  k_mem.o(i.k_mem_dealloc)
    i.k_mem_init                             0x10000c00   Section        0  k_mem.o(i.k_mem_init)
    i.k_recv_msg                             0x10000c50   Section        0  k_msg.o(i.k_recv_msg)
    i.k_rtx_init                             0x10000cec   Section        0  k_rtx_init.o(i.k_rtx_init)
    i.k_send_msg                             0x10000d30   Section        0  k_msg.o(i.k_send_msg)
    i.k_tsk_create                           0x10000e08   Section        0  k_task.o(i.k_tsk_create)
    i.k_tsk_exit                             0x10000f44   Section        0  k_task.o(i.k_tsk_exit)
    i.k_tsk_get                              0x10000fb4   Section        0  k_task.o(i.k_tsk_get)
    i.k_tsk_init                             0x10001054   Section        0  k_task.o(i.k_tsk_init)
    i.k_tsk_ls                               0x10001314   Section        0  k_task.o(i.k_tsk_ls)
    i.k_tsk_set_prio                         0x1000136c   Section        0  k_task.o(i.k_tsk_set_prio)
    i.k_tsk_yield                            0x10001488   Section        0  k_task.o(i.k_tsk_yield)
    i.kcd_task                               0x100014ec   Section        0  kcd_task.o(i.kcd_task)
    i.lcd_task                               0x1000183c   Section        0  lcd_task.o(i.lcd_task)
    i.main                                   0x100018bc   Section        0  main_svc.o(i.main)
    i.mem_cpy                                0x10001a04   Section        0  k_mem.o(i.mem_cpy)
    i.null_task                              0x10001a30   Section        0  null_task.o(i.null_task)
    i.null_task_func                         0x10001a34   Section        0  k_task.o(i.null_task_func)
    i.peek_msg_len                           0x10001a38   Section        0  circular_buffer.o(i.peek_msg_len)
    i.pop                                    0x10001a60   Section        0  linked_list.o(i.pop)
    i.pop_task_by_id                         0x10001a78   Section        0  linked_list.o(i.pop_task_by_id)
    i.pop_tid                                0x10001ac2   Section        0  linked_list.o(i.pop_tid)
    i.print_free_tids                        0x10001aee   Section        0  linked_list.o(i.print_free_tids)
    i.print_linked_list                      0x10001af0   Section        0  k_mem.o(i.print_linked_list)
    i.print_prio_queue                       0x10001af2   Section        0  linked_list.o(i.print_prio_queue)
    i.priv_task1                             0x10001af4   Section        0  priv_tasks.o(i.priv_task1)
    i.priv_task2                             0x10001bc8   Section        0  priv_tasks.o(i.priv_task2)
    i.push                                   0x10001cd0   Section        0  linked_list.o(i.push)
    i.push_cmd                               0x10001d16   Section        0  kcd_task.o(i.push_cmd)
    i.push_tid                               0x10001d4a   Section        0  linked_list.o(i.push_tid)
    i.putc                                   0x10001d54   Section        0  uart_polling.o(i.putc)
    i.putchw                                 0x10001d98   Section        0  printf.o(i.putchw)
    putchw                                   0x10001d99   Thumb Code    82  printf.o(i.putchw)
    i.set_fixed_tasks                        0x10001dec   Section        0  main_svc.o(i.set_fixed_tasks)
    i.set_task_info                          0x10001e4c   Section        0  priv_tasks.o(i.set_task_info)
    i.str_cmp                                0x10001e90   Section        0  kcd_task.o(i.str_cmp)
    i.task1                                  0x10001eb8   Section        0  usr_tasks.o(i.task1)
    i.task2                                  0x10001f4c   Section        0  usr_tasks.o(i.task2)
    i.task_switch                            0x10001fe8   Section        0  k_task.o(i.task_switch)
    i.tfp_format                             0x100020c0   Section        0  printf.o(i.tfp_format)
    i.tfp_printf                             0x100021e8   Section        0  printf.o(i.tfp_printf)
    i.tid_is_available                       0x10002214   Section        0  linked_list.o(i.tid_is_available)
    i.uart_init                              0x10002230   Section        0  uart_polling.o(i.uart_init)
    i.uart_irq_init                          0x1000229c   Section        0  uart_irq.o(i.uart_irq_init)
    i.uart_put_char                          0x1000232c   Section        0  uart_polling.o(i.uart_put_char)
    i.uart_put_string                        0x10002360   Section        0  uart_polling.o(i.uart_put_string)
    i.ui2a                                   0x10002386   Section        0  printf.o(i.ui2a)
    ui2a                                     0x10002387   Thumb Code    86  printf.o(i.ui2a)
    .data                                    0x10004000   Section        4  uart_irq.o(.data)
    .data                                    0x10004004   Section       16  k_mem.o(.data)
    .data                                    0x10004014   Section       20  k_task.o(.data)
    .data                                    0x10004028   Section        8  timer.o(.data)
    .data                                    0x10004030   Section        4  lcd_task.o(.data)
    .data                                    0x10004034   Section        8  printf.o(.data)
    stdout_putf                              0x10004034   Data           4  printf.o(.data)
    stdout_putp                              0x10004038   Data           4  printf.o(.data)
    .data                                    0x1000403c   Section        4  kcd_task.o(.data)
    .bss                                     0x10004040   Section     9008  k_task.o(.bss)
    .bss                                     0x10006370   Section      528  usr_tasks.o(.bss)
    .bss                                     0x10006580   Section       96  libspace.o(.bss)
    HEAP                                     0x100065e0   Section        0  startup_lpc17xx.o(HEAP)
    STACK                                    0x100065e0   Section      512  startup_lpc17xx.o(STACK)
    Heap_Mem                                 0x100065e0   Data           0  startup_lpc17xx.o(HEAP)
    Stack_Mem                                0x100065e0   Data         512  startup_lpc17xx.o(STACK)
    __initial_sp                             0x100067e0   Data           0  startup_lpc17xx.o(STACK)

    Global Symbols

    Symbol Name                              Value     Ov Type        Size  Object(Section)

    BuildAttributes$$THM_ISAv4$P$D$K$B$S$PE$A:L22UL41UL21$X:L11$S22US41US21$IEEE1$IW$USESV6$~STKCKD$USESV7$~SHL$OSPACE$ROPI$EBA8$UX$STANDARDLIB$REQ8$PRES8$EABIv2 0x00000000   Number         0  anon$$obj.o ABSOLUTE
    __ARM_use_no_argv                        0x00000000   Number         0  main_svc.o ABSOLUTE
    __ARM_exceptions_init                     - Undefined Weak Reference
    __alloca_initialize                       - Undefined Weak Reference
    __arm_preinit_                            - Undefined Weak Reference
    __cpp_initialize__aeabi_                  - Undefined Weak Reference
    __cxa_finalize                            - Undefined Weak Reference
    __rt_locale                               - Undefined Weak Reference
    __sigvec_lookup                           - Undefined Weak Reference
    _atexit_init                              - Undefined Weak Reference
    _call_atexit_fns                          - Undefined Weak Reference
    _clock_init                               - Undefined Weak Reference
    _fp_trap_init                             - Undefined Weak Reference
    _fp_trap_shutdown                         - Undefined Weak Reference
    _get_lc_collate                           - Undefined Weak Reference
    _get_lc_ctype                             - Undefined Weak Reference
    _get_lc_monetary                          - Undefined Weak Reference
    _get_lc_numeric                           - Undefined Weak Reference
    _get_lc_time                              - Undefined Weak Reference
    _getenv_init                              - Undefined Weak Reference
    _handle_redirection                       - Undefined Weak Reference
    _init_alloc                               - Undefined Weak Reference
    _init_user_alloc                          - Undefined Weak Reference
    _initio                                   - Undefined Weak Reference
    _rand_init                                - Undefined Weak Reference
    _signal_finish                            - Undefined Weak Reference
    _signal_init                              - Undefined Weak Reference
    _terminate_alloc                          - Undefined Weak Reference
    _terminate_user_alloc                     - Undefined Weak Reference
    _terminateio                              - Undefined Weak Reference
    __Vectors                                0x10000000   Data           4  startup_lpc17xx.o(RESET)
    __main                                   0x100000cd   Thumb Code     8  __main.o(!!!main)
    __scatterload                            0x100000d5   Thumb Code     0  __scatter.o(!!!scatter)
    __scatterload_rt2                        0x100000d5   Thumb Code    44  __scatter.o(!!!scatter)
    __scatterload_rt2_thumb_only             0x100000d5   Thumb Code     0  __scatter.o(!!!scatter)
    __scatterload_null                       0x100000e3   Thumb Code     0  __scatter.o(!!!scatter)
    __scatterload_copy                       0x10000109   Thumb Code    26  __scatter_copy.o(!!handler_copy)
    __scatterload_zeroinit                   0x10000125   Thumb Code    28  __scatter_zi.o(!!handler_zi)
    __rt_lib_init                            0x10000141   Thumb Code     0  libinit.o(.ARM.Collect$$libinit$$00000000)
    __rt_lib_init_alloca_1                   0x10000143   Thumb Code     0  libinit2.o(.ARM.Collect$$libinit$$0000002E)
    __rt_lib_init_argv_1                     0x10000143   Thumb Code     0  libinit2.o(.ARM.Collect$$libinit$$0000002C)
    __rt_lib_init_atexit_1                   0x10000143   Thumb Code     0  libinit2.o(.ARM.Collect$$libinit$$0000001B)
    __rt_lib_init_clock_1                    0x10000143   Thumb Code     0  libinit2.o(.ARM.Collect$$libinit$$00000021)
    __rt_lib_init_cpp_1                      0x10000143   Thumb Code     0  libinit2.o(.ARM.Collect$$libinit$$00000032)
    __rt_lib_init_exceptions_1               0x10000143   Thumb Code     0  libinit2.o(.ARM.Collect$$libinit$$00000030)
    __rt_lib_init_fp_1                       0x10000143   Thumb Code     0  libinit2.o(.ARM.Collect$$libinit$$00000002)
    __rt_lib_init_fp_trap_1                  0x10000143   Thumb Code     0  libinit2.o(.ARM.Collect$$libinit$$0000001F)
    __rt_lib_init_getenv_1                   0x10000143   Thumb Code     0  libinit2.o(.ARM.Collect$$libinit$$00000023)
    __rt_lib_init_heap_1                     0x10000143   Thumb Code     0  libinit2.o(.ARM.Collect$$libinit$$0000000A)
    __rt_lib_init_lc_collate_1               0x10000143   Thumb Code     0  libinit2.o(.ARM.Collect$$libinit$$00000011)
    __rt_lib_init_lc_ctype_1                 0x10000143   Thumb Code     0  libinit2.o(.ARM.Collect$$libinit$$00000013)
    __rt_lib_init_lc_monetary_1              0x10000143   Thumb Code     0  libinit2.o(.ARM.Collect$$libinit$$00000015)
    __rt_lib_init_lc_numeric_1               0x10000143   Thumb Code     0  libinit2.o(.ARM.Collect$$libinit$$00000017)
    __rt_lib_init_lc_time_1                  0x10000143   Thumb Code     0  libinit2.o(.ARM.Collect$$libinit$$00000019)
    __rt_lib_init_preinit_1                  0x10000143   Thumb Code     0  libinit2.o(.ARM.Collect$$libinit$$00000004)
    __rt_lib_init_rand_1                     0x10000143   Thumb Code     0  libinit2.o(.ARM.Collect$$libinit$$0000000E)
    __rt_lib_init_return                     0x10000143   Thumb Code     0  libinit2.o(.ARM.Collect$$libinit$$00000033)
    __rt_lib_init_signal_1                   0x10000143   Thumb Code     0  libinit2.o(.ARM.Collect$$libinit$$0000001D)
    __rt_lib_init_stdio_1                    0x10000143   Thumb Code     0  libinit2.o(.ARM.Collect$$libinit$$00000025)
    __rt_lib_init_user_alloc_1               0x10000143   Thumb Code     0  libinit2.o(.ARM.Collect$$libinit$$0000000C)
    __rt_lib_shutdown                        0x10000145   Thumb Code     0  libshutdown.o(.ARM.Collect$$libshutdown$$00000000)
    __rt_lib_shutdown_cpp_1                  0x10000147   Thumb Code     0  libshutdown2.o(.ARM.Collect$$libshutdown$$00000002)
    __rt_lib_shutdown_fp_trap_1              0x10000147   Thumb Code     0  libshutdown2.o(.ARM.Collect$$libshutdown$$00000007)
    __rt_lib_shutdown_heap_1                 0x10000147   Thumb Code     0  libshutdown2.o(.ARM.Collect$$libshutdown$$0000000F)
    __rt_lib_shutdown_return                 0x10000147   Thumb Code     0  libshutdown2.o(.ARM.Collect$$libshutdown$$00000010)
    __rt_lib_shutdown_signal_1               0x10000147   Thumb Code     0  libshutdown2.o(.ARM.Collect$$libshutdown$$0000000A)
    __rt_lib_shutdown_stdio_1                0x10000147   Thumb Code     0  libshutdown2.o(.ARM.Collect$$libshutdown$$00000004)
    __rt_lib_shutdown_user_alloc_1           0x10000147   Thumb Code     0  libshutdown2.o(.ARM.Collect$$libshutdown$$0000000C)
    __rt_entry                               0x10000149   Thumb Code     0  __rtentry.o(.ARM.Collect$$rtentry$$00000000)
    __rt_entry_presh_1                       0x10000149   Thumb Code     0  __rtentry2.o(.ARM.Collect$$rtentry$$00000002)
    __rt_entry_sh                            0x10000149   Thumb Code     0  __rtentry4.o(.ARM.Collect$$rtentry$$00000004)
    __rt_entry_li                            0x1000014f   Thumb Code     0  __rtentry2.o(.ARM.Collect$$rtentry$$0000000A)
    __rt_entry_postsh_1                      0x1000014f   Thumb Code     0  __rtentry2.o(.ARM.Collect$$rtentry$$00000009)
    __rt_entry_main                          0x10000153   Thumb Code     0  __rtentry2.o(.ARM.Collect$$rtentry$$0000000D)
    __rt_entry_postli_1                      0x10000153   Thumb Code     0  __rtentry2.o(.ARM.Collect$$rtentry$$0000000C)
    __rt_exit                                0x1000015b   Thumb Code     0  rtexit.o(.ARM.Collect$$rtexit$$00000000)
    __rt_exit_ls                             0x1000015d   Thumb Code     0  rtexit2.o(.ARM.Collect$$rtexit$$00000003)
    __rt_exit_prels_1                        0x1000015d   Thumb Code     0  rtexit2.o(.ARM.Collect$$rtexit$$00000002)
    __rt_exit_exit                           0x10000161   Thumb Code     0  rtexit2.o(.ARM.Collect$$rtexit$$00000004)
    UART0_IRQHandler                         0x10000169   Thumb Code    92  uart_irq.o(.emb_text)
    __rte                                    0x100001cd   Thumb Code     2  hal.o(.emb_text)
    SVC_Handler                              0x100001cf   Thumb Code   100  hal.o(.emb_text)
    TIMER0_IRQHandler                        0x10000239   Thumb Code    16  timer.o(.emb_text)
    Reset_Handler                            0x10000249   Thumb Code     8  startup_lpc17xx.o(.text)
    NMI_Handler                              0x10000251   Thumb Code     2  startup_lpc17xx.o(.text)
    HardFault_Handler                        0x10000253   Thumb Code     2  startup_lpc17xx.o(.text)
    MemManage_Handler                        0x10000255   Thumb Code     2  startup_lpc17xx.o(.text)
    BusFault_Handler                         0x10000257   Thumb Code     2  startup_lpc17xx.o(.text)
    UsageFault_Handler                       0x10000259   Thumb Code     2  startup_lpc17xx.o(.text)
    DebugMon_Handler                         0x1000025d   Thumb Code     2  startup_lpc17xx.o(.text)
    PendSV_Handler                           0x1000025f   Thumb Code     2  startup_lpc17xx.o(.text)
    SysTick_Handler                          0x10000261   Thumb Code     2  startup_lpc17xx.o(.text)
    ADC_IRQHandler                           0x10000263   Thumb Code     0  startup_lpc17xx.o(.text)
    BOD_IRQHandler                           0x10000263   Thumb Code     0  startup_lpc17xx.o(.text)
    CANActivity_IRQHandler                   0x10000263   Thumb Code     0  startup_lpc17xx.o(.text)
    CAN_IRQHandler                           0x10000263   Thumb Code     0  startup_lpc17xx.o(.text)
    DMA_IRQHandler                           0x10000263   Thumb Code     0  startup_lpc17xx.o(.text)
    EINT0_IRQHandler                         0x10000263   Thumb Code     0  startup_lpc17xx.o(.text)
    EINT1_IRQHandler                         0x10000263   Thumb Code     0  startup_lpc17xx.o(.text)
    EINT2_IRQHandler                         0x10000263   Thumb Code     0  startup_lpc17xx.o(.text)
    EINT3_IRQHandler                         0x10000263   Thumb Code     0  startup_lpc17xx.o(.text)
    ENET_IRQHandler                          0x10000263   Thumb Code     0  startup_lpc17xx.o(.text)
    I2C0_IRQHandler                          0x10000263   Thumb Code     0  startup_lpc17xx.o(.text)
    I2C1_IRQHandler                          0x10000263   Thumb Code     0  startup_lpc17xx.o(.text)
    I2C2_IRQHandler                          0x10000263   Thumb Code     0  startup_lpc17xx.o(.text)
    I2S_IRQHandler                           0x10000263   Thumb Code     0  startup_lpc17xx.o(.text)
    MCPWM_IRQHandler                         0x10000263   Thumb Code     0  startup_lpc17xx.o(.text)
    PLL0_IRQHandler                          0x10000263   Thumb Code     0  startup_lpc17xx.o(.text)
    PLL1_IRQHandler                          0x10000263   Thumb Code     0  startup_lpc17xx.o(.text)
    PWM1_IRQHandler                          0x10000263   Thumb Code     0  startup_lpc17xx.o(.text)
    QEI_IRQHandler                           0x10000263   Thumb Code     0  startup_lpc17xx.o(.text)
    RIT_IRQHandler                           0x10000263   Thumb Code     0  startup_lpc17xx.o(.text)
    RTC_IRQHandler                           0x10000263   Thumb Code     0  startup_lpc17xx.o(.text)
    SPI_IRQHandler                           0x10000263   Thumb Code     0  startup_lpc17xx.o(.text)
    SSP0_IRQHandler                          0x10000263   Thumb Code     0  startup_lpc17xx.o(.text)
    SSP1_IRQHandler                          0x10000263   Thumb Code     0  startup_lpc17xx.o(.text)
    TIMER1_IRQHandler                        0x10000263   Thumb Code     0  startup_lpc17xx.o(.text)
    TIMER2_IRQHandler                        0x10000263   Thumb Code     0  startup_lpc17xx.o(.text)
    TIMER3_IRQHandler                        0x10000263   Thumb Code     0  startup_lpc17xx.o(.text)
    UART1_IRQHandler                         0x10000263   Thumb Code     0  startup_lpc17xx.o(.text)
    UART2_IRQHandler                         0x10000263   Thumb Code     0  startup_lpc17xx.o(.text)
    UART3_IRQHandler                         0x10000263   Thumb Code     0  startup_lpc17xx.o(.text)
    USBActivity_IRQHandler                   0x10000263   Thumb Code     0  startup_lpc17xx.o(.text)
    USB_IRQHandler                           0x10000263   Thumb Code     0  startup_lpc17xx.o(.text)
    WDT_IRQHandler                           0x10000263   Thumb Code     0  startup_lpc17xx.o(.text)
    __user_initial_stackheap                 0x10000265   Thumb Code     0  startup_lpc17xx.o(.text)
    __use_two_region_memory                  0x10000285   Thumb Code     2  heapauxi.o(.text)
    __rt_heap_escrow$2region                 0x10000287   Thumb Code     2  heapauxi.o(.text)
    __rt_heap_expand$2region                 0x10000289   Thumb Code     2  heapauxi.o(.text)
    __user_setup_stackheap                   0x1000028b   Thumb Code    74  sys_stackheap_outer.o(.text)
    exit                                     0x100002d5   Thumb Code    18  exit.o(.text)
    __user_libspace                          0x100002e9   Thumb Code     8  libspace.o(.text)
    __user_perproc_libspace                  0x100002e9   Thumb Code     0  libspace.o(.text)
    __user_perthread_libspace                0x100002e9   Thumb Code     0  libspace.o(.text)
    _sys_exit                                0x100002f1   Thumb Code     8  sys_exit.o(.text)
    __I$use$semihosting                      0x100002fd   Thumb Code     0  use_no_semi.o(.text)
    __use_no_semihosting_swi                 0x100002fd   Thumb Code     2  use_no_semi.o(.text)
    __semihosting_library_function           0x100002ff   Thumb Code     0  indicate_semi.o(.text)
    SystemInit                               0x10000301   Thumb Code   304  system_lpc17xx.o(i.SystemInit)
    alloc_user_stack                         0x100004cf   Thumb Code    22  k_task.o(i.alloc_user_stack)
    c_TIMER0_IRQHandler                      0x100004e5   Thumb Code    48  timer.o(i.c_TIMER0_IRQHandler)
    c_UART0_IRQHandler                       0x1000051d   Thumb Code   216  uart_irq.o(i.c_UART0_IRQHandler)
    circular_buffer_init                     0x100006a1   Thumb Code    24  circular_buffer.o(i.circular_buffer_init)
    dealloc_user_stack                       0x100006b9   Thumb Code    22  k_task.o(i.dealloc_user_stack)
    dequeue_msg                              0x100006cf   Thumb Code    86  circular_buffer.o(i.dequeue_msg)
    dummy_scheduler                          0x10000725   Thumb Code    80  k_task.o(i.dummy_scheduler)
    enqueue_msg                              0x10000781   Thumb Code    52  circular_buffer.o(i.enqueue_msg)
    first_fit_mem_alloc                      0x100007b5   Thumb Code   256  k_mem.o(i.first_fit_mem_alloc)
    first_fit_mem_dealloc                    0x100008d5   Thumb Code   270  k_mem.o(i.first_fit_mem_dealloc)
    first_fit_mem_init                       0x10000a05   Thumb Code    34  k_mem.o(i.first_fit_mem_init)
    get_cmd                                  0x10000a31   Thumb Code    32  kcd_task.o(i.get_cmd)
    init_printf                              0x10000a71   Thumb Code    10  printf.o(i.init_printf)
    is_circ_buf_empty                        0x10000a85   Thumb Code    18  circular_buffer.o(i.is_circ_buf_empty)
    is_circ_buf_full                         0x10000a97   Thumb Code    72  circular_buffer.o(i.is_circ_buf_full)
    is_empty                                 0x10000adf   Thumb Code    12  linked_list.o(i.is_empty)
    k_mbx_create                             0x10000aed   Thumb Code    74  k_msg.o(i.k_mbx_create)
    k_mbx_ls                                 0x10000b3d   Thumb Code    96  k_msg.o(i.k_mbx_ls)
    k_mem_alloc                              0x10000ba1   Thumb Code    40  k_mem.o(i.k_mem_alloc)
    k_mem_dealloc                            0x10000bd1   Thumb Code    38  k_mem.o(i.k_mem_dealloc)
    k_mem_init                               0x10000c01   Thumb Code    62  k_mem.o(i.k_mem_init)
    k_recv_msg                               0x10000c51   Thumb Code   146  k_msg.o(i.k_recv_msg)
    k_rtx_init                               0x10000ced   Thumb Code    66  k_rtx_init.o(i.k_rtx_init)
    k_send_msg                               0x10000d31   Thumb Code   194  k_msg.o(i.k_send_msg)
    k_tsk_create                             0x10000e09   Thumb Code   292  k_task.o(i.k_tsk_create)
    k_tsk_exit                               0x10000f45   Thumb Code    98  k_task.o(i.k_tsk_exit)
    k_tsk_get                                0x10000fb5   Thumb Code   150  k_task.o(i.k_tsk_get)
    k_tsk_init                               0x10001055   Thumb Code   650  k_task.o(i.k_tsk_init)
    k_tsk_ls                                 0x10001315   Thumb Code    82  k_task.o(i.k_tsk_ls)
    k_tsk_set_prio                           0x1000136d   Thumb Code   274  k_task.o(i.k_tsk_set_prio)
    k_tsk_yield                              0x10001489   Thumb Code    92  k_task.o(i.k_tsk_yield)
    kcd_task                                 0x100014ed   Thumb Code   744  kcd_task.o(i.kcd_task)
    lcd_task                                 0x1000183d   Thumb Code    98  lcd_task.o(i.lcd_task)
    main                                     0x100018bd   Thumb Code   126  main_svc.o(i.main)
    mem_cpy                                  0x10001a05   Thumb Code    44  k_mem.o(i.mem_cpy)
    null_task                                0x10001a31   Thumb Code     4  null_task.o(i.null_task)
    null_task_func                           0x10001a35   Thumb Code     4  k_task.o(i.null_task_func)
    peek_msg_len                             0x10001a39   Thumb Code    40  circular_buffer.o(i.peek_msg_len)
    pop                                      0x10001a61   Thumb Code    24  linked_list.o(i.pop)
    pop_task_by_id                           0x10001a79   Thumb Code    74  linked_list.o(i.pop_task_by_id)
    pop_tid                                  0x10001ac3   Thumb Code    44  linked_list.o(i.pop_tid)
    print_free_tids                          0x10001aef   Thumb Code     2  linked_list.o(i.print_free_tids)
    print_linked_list                        0x10001af1   Thumb Code     2  k_mem.o(i.print_linked_list)
    print_prio_queue                         0x10001af3   Thumb Code     2  linked_list.o(i.print_prio_queue)
    priv_task1                               0x10001af5   Thumb Code   102  priv_tasks.o(i.priv_task1)
    priv_task2                               0x10001bc9   Thumb Code   140  priv_tasks.o(i.priv_task2)
    push                                     0x10001cd1   Thumb Code    70  linked_list.o(i.push)
    push_cmd                                 0x10001d17   Thumb Code    52  kcd_task.o(i.push_cmd)
    push_tid                                 0x10001d4b   Thumb Code     8  linked_list.o(i.push_tid)
    putc                                     0x10001d55   Thumb Code    28  uart_polling.o(i.putc)
    set_fixed_tasks                          0x10001ded   Thumb Code    82  main_svc.o(i.set_fixed_tasks)
    set_task_info                            0x10001e4d   Thumb Code    60  priv_tasks.o(i.set_task_info)
    str_cmp                                  0x10001e91   Thumb Code    40  kcd_task.o(i.str_cmp)
    task1                                    0x10001eb9   Thumb Code    92  usr_tasks.o(i.task1)
    task2                                    0x10001f4d   Thumb Code    70  usr_tasks.o(i.task2)
    task_switch                              0x10001fe9   Thumb Code   210  k_task.o(i.task_switch)
    tfp_format                               0x100020c1   Thumb Code   296  printf.o(i.tfp_format)
    tfp_printf                               0x100021e9   Thumb Code    34  printf.o(i.tfp_printf)
    tid_is_available                         0x10002215   Thumb Code    28  linked_list.o(i.tid_is_available)
    uart_init                                0x10002231   Thumb Code    96  uart_polling.o(i.uart_init)
    uart_irq_init                            0x1000229d   Thumb Code   132  uart_irq.o(i.uart_irq_init)
    uart_put_char                            0x1000232d   Thumb Code    42  uart_polling.o(i.uart_put_char)
    uart_put_string                          0x10002361   Thumb Code    38  uart_polling.o(i.uart_put_string)
    Region$$Table$$Base                      0x100023dc   Number         0  anon$$obj.o(Region$$Table)
    Region$$Table$$Limit                     0x100023fc   Number         0  anon$$obj.o(Region$$Table)
    buffer_index                             0x10004000   Data           1  uart_irq.o(.data)
    g_send_char                              0x10004001   Data           1  uart_irq.o(.data)
    g_char_in                                0x10004002   Data           1  uart_irq.o(.data)
    g_char_out                               0x10004003   Data           1  uart_irq.o(.data)
    free_mem_head                            0x10004004   Data           4  k_mem.o(.data)
    mem_alloc_algo                           0x10004008   Data           4  k_mem.o(.data)
    mem_blk_size                             0x1000400c   Data           4  k_mem.o(.data)
    mem_init_status                          0x10004010   Data           4  k_mem.o(.data)
    gp_current_task                          0x10004014   Data           4  k_task.o(.data)
    k_null_tsk                               0x10004018   Data           4  k_task.o(.data)
    ready_queue_head                         0x1000401c   Data           4  k_task.o(.data)
    free_tid_head                            0x10004020   Data           4  k_task.o(.data)
    g_switch_flag                            0x10004024   Data           4  k_task.o(.data)
    g_timer_count                            0x10004028   Data           4  timer.o(.data)
    seconds                                  0x1000402c   Data           4  timer.o(.data)
    TX_buffer                                0x10004030   Data           4  lcd_task.o(.data)
    registered_cmd_head                      0x1000403c   Data           4  kcd_task.o(.data)
    g_tcbs                                   0x10004040   Data         768  k_task.o(.bss)
    g_k_stacks                               0x10004340   Data        8192  k_task.o(.bss)
    kernal_task                              0x10006340   Data          48  k_task.o(.bss)
    g_buf1                                   0x10006370   Data         256  usr_tasks.o(.bss)
    g_buf2                                   0x10006470   Data         256  usr_tasks.o(.bss)
    g_tasks                                  0x10006570   Data          16  usr_tasks.o(.bss)
    __libspace_start                         0x10006580   Data          96  libspace.o(.bss)
    __temporary_stack_top$libspace           0x100065e0   Data           0  libspace.o(.bss)
    Image$$RW_IRAM1$$ZI$$Limit               0x100067e0   Number         0  anon$$obj.o ABSOLUTE



==============================================================================

Memory Map of the image

  Image Entry point : 0x100000cd

  Load Region LR_IROM1 (Base: 0x10000000, Size: 0x0000243c, Max: 0x00004000, ABSOLUTE)

    Execution Region ER_IROM1 (Exec base: 0x10000000, Load base: 0x10000000, Size: 0x000023fc, Max: 0x00004000, ABSOLUTE)

    Exec Addr    Load Addr    Size         Type   Attr      Idx    E Section Name        Object

    0x10000000   0x10000000   0x000000cc   Data   RO          859    RESET               startup_lpc17xx.o
    0x100000cc   0x100000cc   0x00000008   Code   RO          906  * !!!main             c_w.l(__main.o)
    0x100000d4   0x100000d4   0x00000034   Code   RO         1073    !!!scatter          c_w.l(__scatter.o)
    0x10000108   0x10000108   0x0000001a   Code   RO         1075    !!handler_copy      c_w.l(__scatter_copy.o)
    0x10000122   0x10000122   0x00000002   PAD
    0x10000124   0x10000124   0x0000001c   Code   RO         1077    !!handler_zi        c_w.l(__scatter_zi.o)
    0x10000140   0x10000140   0x00000002   Code   RO          943    .ARM.Collect$$libinit$$00000000  c_w.l(libinit.o)
    0x10000142   0x10000142   0x00000000   Code   RO          956    .ARM.Collect$$libinit$$00000002  c_w.l(libinit2.o)
    0x10000142   0x10000142   0x00000000   Code   RO          958    .ARM.Collect$$libinit$$00000004  c_w.l(libinit2.o)
    0x10000142   0x10000142   0x00000000   Code   RO          961    .ARM.Collect$$libinit$$0000000A  c_w.l(libinit2.o)
    0x10000142   0x10000142   0x00000000   Code   RO          963    .ARM.Collect$$libinit$$0000000C  c_w.l(libinit2.o)
    0x10000142   0x10000142   0x00000000   Code   RO          965    .ARM.Collect$$libinit$$0000000E  c_w.l(libinit2.o)
    0x10000142   0x10000142   0x00000000   Code   RO          968    .ARM.Collect$$libinit$$00000011  c_w.l(libinit2.o)
    0x10000142   0x10000142   0x00000000   Code   RO          970    .ARM.Collect$$libinit$$00000013  c_w.l(libinit2.o)
    0x10000142   0x10000142   0x00000000   Code   RO          972    .ARM.Collect$$libinit$$00000015  c_w.l(libinit2.o)
    0x10000142   0x10000142   0x00000000   Code   RO          974    .ARM.Collect$$libinit$$00000017  c_w.l(libinit2.o)
    0x10000142   0x10000142   0x00000000   Code   RO          976    .ARM.Collect$$libinit$$00000019  c_w.l(libinit2.o)
    0x10000142   0x10000142   0x00000000   Code   RO          978    .ARM.Collect$$libinit$$0000001B  c_w.l(libinit2.o)
    0x10000142   0x10000142   0x00000000   Code   RO          980    .ARM.Collect$$libinit$$0000001D  c_w.l(libinit2.o)
    0x10000142   0x10000142   0x00000000   Code   RO          982    .ARM.Collect$$libinit$$0000001F  c_w.l(libinit2.o)
    0x10000142   0x10000142   0x00000000   Code   RO          984    .ARM.Collect$$libinit$$00000021  c_w.l(libinit2.o)
    0x10000142   0x10000142   0x00000000   Code   RO          986    .ARM.Collect$$libinit$$00000023  c_w.l(libinit2.o)
    0x10000142   0x10000142   0x00000000   Code   RO          988    .ARM.Collect$$libinit$$00000025  c_w.l(libinit2.o)
    0x10000142   0x10000142   0x00000000   Code   RO          992    .ARM.Collect$$libinit$$0000002C  c_w.l(libinit2.o)
    0x10000142   0x10000142   0x00000000   Code   RO          994    .ARM.Collect$$libinit$$0000002E  c_w.l(libinit2.o)
    0x10000142   0x10000142   0x00000000   Code   RO          996    .ARM.Collect$$libinit$$00000030  c_w.l(libinit2.o)
    0x10000142   0x10000142   0x00000000   Code   RO          998    .ARM.Collect$$libinit$$00000032  c_w.l(libinit2.o)
    0x10000142   0x10000142   0x00000002   Code   RO          999    .ARM.Collect$$libinit$$00000033  c_w.l(libinit2.o)
    0x10000144   0x10000144   0x00000002   Code   RO         1030    .ARM.Collect$$libshutdown$$00000000  c_w.l(libshutdown.o)
    0x10000146   0x10000146   0x00000000   Code   RO         1056    .ARM.Collect$$libshutdown$$00000002  c_w.l(libshutdown2.o)
    0x10000146   0x10000146   0x00000000   Code   RO         1058    .ARM.Collect$$libshutdown$$00000004  c_w.l(libshutdown2.o)
    0x10000146   0x10000146   0x00000000   Code   RO         1061    .ARM.Collect$$libshutdown$$00000007  c_w.l(libshutdown2.o)
    0x10000146   0x10000146   0x00000000   Code   RO         1064    .ARM.Collect$$libshutdown$$0000000A  c_w.l(libshutdown2.o)
    0x10000146   0x10000146   0x00000000   Code   RO         1066    .ARM.Collect$$libshutdown$$0000000C  c_w.l(libshutdown2.o)
    0x10000146   0x10000146   0x00000000   Code   RO         1069    .ARM.Collect$$libshutdown$$0000000F  c_w.l(libshutdown2.o)
    0x10000146   0x10000146   0x00000002   Code   RO         1070    .ARM.Collect$$libshutdown$$00000010  c_w.l(libshutdown2.o)
    0x10000148   0x10000148   0x00000000   Code   RO          908    .ARM.Collect$$rtentry$$00000000  c_w.l(__rtentry.o)
    0x10000148   0x10000148   0x00000000   Code   RO          914    .ARM.Collect$$rtentry$$00000002  c_w.l(__rtentry2.o)
    0x10000148   0x10000148   0x00000006   Code   RO          926    .ARM.Collect$$rtentry$$00000004  c_w.l(__rtentry4.o)
    0x1000014e   0x1000014e   0x00000000   Code   RO          916    .ARM.Collect$$rtentry$$00000009  c_w.l(__rtentry2.o)
    0x1000014e   0x1000014e   0x00000004   Code   RO          917    .ARM.Collect$$rtentry$$0000000A  c_w.l(__rtentry2.o)
    0x10000152   0x10000152   0x00000000   Code   RO          919    .ARM.Collect$$rtentry$$0000000C  c_w.l(__rtentry2.o)
    0x10000152   0x10000152   0x00000008   Code   RO          920    .ARM.Collect$$rtentry$$0000000D  c_w.l(__rtentry2.o)
    0x1000015a   0x1000015a   0x00000002   Code   RO          947    .ARM.Collect$$rtexit$$00000000  c_w.l(rtexit.o)
    0x1000015c   0x1000015c   0x00000000   Code   RO         1003    .ARM.Collect$$rtexit$$00000002  c_w.l(rtexit2.o)
    0x1000015c   0x1000015c   0x00000004   Code   RO         1004    .ARM.Collect$$rtexit$$00000003  c_w.l(rtexit2.o)
    0x10000160   0x10000160   0x00000006   Code   RO         1005    .ARM.Collect$$rtexit$$00000004  c_w.l(rtexit2.o)
    0x10000166   0x10000166   0x00000002   PAD
    0x10000168   0x10000168   0x00000064   Code   RO            4    .emb_text           uart_irq.o
    0x100001cc   0x100001cc   0x0000006c   Code   RO          100    .emb_text           hal.o
    0x10000238   0x10000238   0x00000010   Code   RO          474    .emb_text           timer.o
    0x10000248   0x10000248   0x0000003c   Code   RO          860    .text               startup_lpc17xx.o
    0x10000284   0x10000284   0x00000006   Code   RO          904    .text               c_w.l(heapauxi.o)
    0x1000028a   0x1000028a   0x0000004a   Code   RO          930    .text               c_w.l(sys_stackheap_outer.o)
    0x100002d4   0x100002d4   0x00000012   Code   RO          932    .text               c_w.l(exit.o)
    0x100002e6   0x100002e6   0x00000002   PAD
    0x100002e8   0x100002e8   0x00000008   Code   RO          944    .text               c_w.l(libspace.o)
    0x100002f0   0x100002f0   0x0000000c   Code   RO         1000    .text               c_w.l(sys_exit.o)
    0x100002fc   0x100002fc   0x00000002   Code   RO         1019    .text               c_w.l(use_no_semi.o)
    0x100002fe   0x100002fe   0x00000000   Code   RO         1021    .text               c_w.l(indicate_semi.o)
    0x100002fe   0x100002fe   0x00000002   PAD
    0x10000300   0x10000300   0x00000140   Code   RO          868    i.SystemInit        system_lpc17xx.o
    0x10000440   0x10000440   0x00000022   Code   RO            5    i.__NVIC_EnableIRQ  uart_irq.o
    0x10000462   0x10000462   0x00000032   Code   RO          643    i.a2d               printf.o
    0x10000494   0x10000494   0x0000003a   Code   RO          644    i.a2i               printf.o
    0x100004ce   0x100004ce   0x00000016   Code   RO          269    i.alloc_user_stack  k_task.o
    0x100004e4   0x100004e4   0x00000038   Code   RO          475    i.c_TIMER0_IRQHandler  timer.o
    0x1000051c   0x1000051c   0x00000184   Code   RO            6    i.c_UART0_IRQHandler  uart_irq.o
    0x100006a0   0x100006a0   0x00000018   Code   RO          363    i.circular_buffer_init  circular_buffer.o
    0x100006b8   0x100006b8   0x00000016   Code   RO          270    i.dealloc_user_stack  k_task.o
    0x100006ce   0x100006ce   0x00000056   Code   RO          364    i.dequeue_msg       circular_buffer.o
    0x10000724   0x10000724   0x0000005c   Code   RO          271    i.dummy_scheduler   k_task.o
    0x10000780   0x10000780   0x00000034   Code   RO          365    i.enqueue_msg       circular_buffer.o
    0x100007b4   0x100007b4   0x00000120   Code   RO          112    i.first_fit_mem_alloc  k_mem.o
    0x100008d4   0x100008d4   0x00000130   Code   RO          113    i.first_fit_mem_dealloc  k_mem.o
    0x10000a04   0x10000a04   0x0000002c   Code   RO          114    i.first_fit_mem_init  k_mem.o
    0x10000a30   0x10000a30   0x00000020   Code   RO          753    i.get_cmd           kcd_task.o
    0x10000a50   0x10000a50   0x00000020   Code   RO          645    i.i2a               printf.o
    0x10000a70   0x10000a70   0x00000014   Code   RO          646    i.init_printf       printf.o
    0x10000a84   0x10000a84   0x00000012   Code   RO          366    i.is_circ_buf_empty  circular_buffer.o
    0x10000a96   0x10000a96   0x00000048   Code   RO          367    i.is_circ_buf_full  circular_buffer.o
    0x10000ade   0x10000ade   0x0000000c   Code   RO          411    i.is_empty          linked_list.o
    0x10000aea   0x10000aea   0x00000002   PAD
    0x10000aec   0x10000aec   0x00000050   Code   RO          188    i.k_mbx_create      k_msg.o
    0x10000b3c   0x10000b3c   0x00000064   Code   RO          189    i.k_mbx_ls          k_msg.o
    0x10000ba0   0x10000ba0   0x00000030   Code   RO          115    i.k_mem_alloc       k_mem.o
    0x10000bd0   0x10000bd0   0x00000030   Code   RO          117    i.k_mem_dealloc     k_mem.o
    0x10000c00   0x10000c00   0x00000050   Code   RO          118    i.k_mem_init        k_mem.o
    0x10000c50   0x10000c50   0x0000009c   Code   RO          190    i.k_recv_msg        k_msg.o
    0x10000cec   0x10000cec   0x00000042   Code   RO          235    i.k_rtx_init        k_rtx_init.o
    0x10000d2e   0x10000d2e   0x00000002   PAD
    0x10000d30   0x10000d30   0x000000d8   Code   RO          191    i.k_send_msg        k_msg.o
    0x10000e08   0x10000e08   0x0000013c   Code   RO          272    i.k_tsk_create      k_task.o
    0x10000f44   0x10000f44   0x00000070   Code   RO          273    i.k_tsk_exit        k_task.o
    0x10000fb4   0x10000fb4   0x000000a0   Code   RO          274    i.k_tsk_get         k_task.o
    0x10001054   0x10001054   0x000002c0   Code   RO          275    i.k_tsk_init        k_task.o
    0x10001314   0x10001314   0x00000058   Code   RO          276    i.k_tsk_ls          k_task.o
    0x1000136c   0x1000136c   0x0000011c   Code   RO          277    i.k_tsk_set_prio    k_task.o
    0x10001488   0x10001488   0x00000064   Code   RO          278    i.k_tsk_yield       k_task.o
    0x100014ec   0x100014ec   0x00000350   Code   RO          754    i.kcd_task          kcd_task.o
    0x1000183c   0x1000183c   0x00000080   Code   RO          555    i.lcd_task          lcd_task.o
    0x100018bc   0x100018bc   0x00000148   Code   RO          613    i.main              main_svc.o
    0x10001a04   0x10001a04   0x0000002c   Code   RO          119    i.mem_cpy           k_mem.o
    0x10001a30   0x10001a30   0x00000004   Code   RO          790    i.null_task         null_task.o
    0x10001a34   0x10001a34   0x00000004   Code   RO          279    i.null_task_func    k_task.o
    0x10001a38   0x10001a38   0x00000028   Code   RO          368    i.peek_msg_len      circular_buffer.o
    0x10001a60   0x10001a60   0x00000018   Code   RO          412    i.pop               linked_list.o
    0x10001a78   0x10001a78   0x0000004a   Code   RO          413    i.pop_task_by_id    linked_list.o
    0x10001ac2   0x10001ac2   0x0000002c   Code   RO          414    i.pop_tid           linked_list.o
    0x10001aee   0x10001aee   0x00000002   Code   RO          415    i.print_free_tids   linked_list.o
    0x10001af0   0x10001af0   0x00000002   Code   RO          120    i.print_linked_list  k_mem.o
    0x10001af2   0x10001af2   0x00000002   Code   RO          416    i.print_prio_queue  linked_list.o
    0x10001af4   0x10001af4   0x000000d4   Code   RO          580    i.priv_task1        priv_tasks.o
    0x10001bc8   0x10001bc8   0x00000108   Code   RO          581    i.priv_task2        priv_tasks.o
    0x10001cd0   0x10001cd0   0x00000046   Code   RO          417    i.push              linked_list.o
    0x10001d16   0x10001d16   0x00000034   Code   RO          755    i.push_cmd          kcd_task.o
    0x10001d4a   0x10001d4a   0x00000008   Code   RO          418    i.push_tid          linked_list.o
    0x10001d52   0x10001d52   0x00000002   PAD
    0x10001d54   0x10001d54   0x00000044   Code   RO          708    i.putc              uart_polling.o
    0x10001d98   0x10001d98   0x00000052   Code   RO          647    i.putchw            printf.o
    0x10001dea   0x10001dea   0x00000002   PAD
    0x10001dec   0x10001dec   0x00000060   Code   RO          614    i.set_fixed_tasks   main_svc.o
    0x10001e4c   0x10001e4c   0x00000044   Code   RO          582    i.set_task_info     priv_tasks.o
    0x10001e90   0x10001e90   0x00000028   Code   RO          756    i.str_cmp           kcd_task.o
    0x10001eb8   0x10001eb8   0x00000094   Code   RO          805    i.task1             usr_tasks.o
    0x10001f4c   0x10001f4c   0x0000009c   Code   RO          806    i.task2             usr_tasks.o
    0x10001fe8   0x10001fe8   0x000000d8   Code   RO          280    i.task_switch       k_task.o
    0x100020c0   0x100020c0   0x00000128   Code   RO          649    i.tfp_format        printf.o
    0x100021e8   0x100021e8   0x0000002c   Code   RO          650    i.tfp_printf        printf.o
    0x10002214   0x10002214   0x0000001c   Code   RO          419    i.tid_is_available  linked_list.o
    0x10002230   0x10002230   0x0000006c   Code   RO          710    i.uart_init         uart_polling.o
    0x1000229c   0x1000229c   0x00000090   Code   RO            7    i.uart_irq_init     uart_irq.o
    0x1000232c   0x1000232c   0x00000034   Code   RO          711    i.uart_put_char     uart_polling.o
    0x10002360   0x10002360   0x00000026   Code   RO          712    i.uart_put_string   uart_polling.o
    0x10002386   0x10002386   0x00000056   Code   RO          652    i.ui2a              printf.o
    0x100023dc   0x100023dc   0x00000020   Data   RO         1071    Region$$Table       anon$$obj.o


    Execution Region RW_IRAM1 (Exec base: 0x10004000, Load base: 0x100023fc, Size: 0x000027e0, Max: 0x00004000, ABSOLUTE)

    Exec Addr    Load Addr    Size         Type   Attr      Idx    E Section Name        Object

    0x10004000   0x100023fc   0x00000004   Data   RW            8    .data               uart_irq.o
    0x10004004   0x10002400   0x00000010   Data   RW          121    .data               k_mem.o
    0x10004014   0x10002410   0x00000014   Data   RW          282    .data               k_task.o
    0x10004028   0x10002424   0x00000008   Data   RW          481    .data               timer.o
    0x10004030   0x1000242c   0x00000004   Data   RW          556    .data               lcd_task.o
    0x10004034   0x10002430   0x00000008   Data   RW          653    .data               printf.o
    0x1000403c   0x10002438   0x00000004   Data   RW          757    .data               kcd_task.o
    0x10004040        -       0x00002330   Zero   RW          281    .bss                k_task.o
    0x10006370        -       0x00000210   Zero   RW          807    .bss                usr_tasks.o
    0x10006580        -       0x00000060   Zero   RW          945    .bss                c_w.l(libspace.o)
    0x100065e0        -       0x00000000   Zero   RW          858    HEAP                startup_lpc17xx.o
    0x100065e0        -       0x00000200   Zero   RW          857    STACK               startup_lpc17xx.o


==============================================================================

Image component sizes


      Code (inc. data)   RO Data    RW Data    ZI Data      Debug   Object Name

       292          0          0          0          0       4129   circular_buffer.o
       108          6          0          0          0        376   hal.o
       858        112          0         16          0       6186   k_mem.o
       552         42          0          0          0       4080   k_msg.o
        66          0          0          0          0       1057   k_rtx_init.o
      2120        144          0         20       9008      14304   k_task.o
       972        104          0          4          0       5069   kcd_task.o
       128         30          0          4          0       1361   lcd_task.o
       264          0          0          0          0       5310   linked_list.o
       424        216          0          0          0       5421   main_svc.o
         4          0          0          0          0        384   null_task.o
       668         20          0          8          0       5508   printf.o
       544        242          0          0          0       2170   priv_tasks.o
        60         22        204          0        512        800   startup_lpc17xx.o
       320         16          0          0          0        585   system_lpc17xx.o
        72          8          0          8          0       1358   timer.o
       666        192          0          4          0      27467   uart_irq.o
       266         62          0          0          0       2741   uart_polling.o
       304        142          0          0        528       1803   usr_tasks.o

    ----------------------------------------------------------------------
      8696       1358        236         64      10048      90109   Object Totals
         0          0         32          0          0          0   (incl. Generated)
         8          0          0          0          0          0   (incl. Padding)

    ----------------------------------------------------------------------

      Code (inc. data)   RO Data    RW Data    ZI Data      Debug   Library Member Name

         8          0          0          0          0         68   __main.o
         0          0          0          0          0          0   __rtentry.o
        12          0          0          0          0          0   __rtentry2.o
         6          0          0          0          0          0   __rtentry4.o
        52          8          0          0          0          0   __scatter.o
        26          0          0          0          0          0   __scatter_copy.o
        28          0          0          0          0          0   __scatter_zi.o
        18          0          0          0          0         80   exit.o
         6          0          0          0          0        152   heapauxi.o
         0          0          0          0          0          0   indicate_semi.o
         2          0          0          0          0          0   libinit.o
         2          0          0          0          0          0   libinit2.o
         2          0          0          0          0          0   libshutdown.o
         2          0          0          0          0          0   libshutdown2.o
         8          4          0          0         96         68   libspace.o
         2          0          0          0          0          0   rtexit.o
        10          0          0          0          0          0   rtexit2.o
        12          4          0          0          0         68   sys_exit.o
        74          0          0          0          0         80   sys_stackheap_outer.o
         2          0          0          0          0         68   use_no_semi.o

    ----------------------------------------------------------------------
       280         16          0          0         96        584   Library Totals
         8          0          0          0          0          0   (incl. Padding)

    ----------------------------------------------------------------------

      Code (inc. data)   RO Data    RW Data    ZI Data      Debug   Library Name

       272         16          0          0         96        584   c_w.l

    ----------------------------------------------------------------------
       280         16          0          0         96        584   Library Totals

    ----------------------------------------------------------------------

==============================================================================


      Code (inc. data)   RO Data    RW Data    ZI Data      Debug   

      8976       1374        236         64      10144      86997   Grand Totals
      8976       1374        236         64      10144      86997   ELF Image Totals
      8976       1374        236         64          0          0   ROM Totals

==============================================================================

    Total RO  Size (Code + RO Data)                 9212 (   9.00kB)
    Total RW  Size (RW Data + ZI Data)             10208 (   9.97kB)
    Total ROM Size (Code + RO Data + RW Data)       9276 (   9.06kB)

==============================================================================

